Archive member included to satisfy reference by file (symbol)

c:/st/stm32cubeide_1.6.0/stm32cubeide/plugins/com.st.stm32cube.ide.mcu.externaltools.gnu-tools-for-stm32.9-2020-q2-update.win32_2.0.0.202105311346/tools/bin/../lib/gcc/arm-none-eabi/9.3.1/../../../../arm-none-eabi/lib/thumb/v7e-m+fp/hard\libstdc++_nano.a(del_ops.o)
                              ./Common/Src/Integration/Controllers/lcd.o (operator delete(void*, unsigned int))
c:/st/stm32cubeide_1.6.0/stm32cubeide/plugins/com.st.stm32cube.ide.mcu.externaltools.gnu-tools-for-stm32.9-2020-q2-update.win32_2.0.0.202105311346/tools/bin/../lib/gcc/arm-none-eabi/9.3.1/../../../../arm-none-eabi/lib/thumb/v7e-m+fp/hard\libstdc++_nano.a(del_op.o)
                              c:/st/stm32cubeide_1.6.0/stm32cubeide/plugins/com.st.stm32cube.ide.mcu.externaltools.gnu-tools-for-stm32.9-2020-q2-update.win32_2.0.0.202105311346/tools/bin/../lib/gcc/arm-none-eabi/9.3.1/../../../../arm-none-eabi/lib/thumb/v7e-m+fp/hard\libstdc++_nano.a(del_ops.o) (operator delete(void*))
c:/st/stm32cubeide_1.6.0/stm32cubeide/plugins/com.st.stm32cube.ide.mcu.externaltools.gnu-tools-for-stm32.9-2020-q2-update.win32_2.0.0.202105311346/tools/bin/../lib/gcc/arm-none-eabi/9.3.1/../../../../arm-none-eabi/lib/thumb/v7e-m+fp/hard\libc_nano.a(lib_a-errno.o)
                              ./Core/Src/syscalls.o (__errno)
c:/st/stm32cubeide_1.6.0/stm32cubeide/plugins/com.st.stm32cube.ide.mcu.externaltools.gnu-tools-for-stm32.9-2020-q2-update.win32_2.0.0.202105311346/tools/bin/../lib/gcc/arm-none-eabi/9.3.1/../../../../arm-none-eabi/lib/thumb/v7e-m+fp/hard\libc_nano.a(lib_a-exit.o)
                              c:/st/stm32cubeide_1.6.0/stm32cubeide/plugins/com.st.stm32cube.ide.mcu.externaltools.gnu-tools-for-stm32.9-2020-q2-update.win32_2.0.0.202105311346/tools/bin/../lib/gcc/arm-none-eabi/9.3.1/../../../../arm-none-eabi/lib/thumb/v7e-m+fp/hard/crt0.o (exit)
c:/st/stm32cubeide_1.6.0/stm32cubeide/plugins/com.st.stm32cube.ide.mcu.externaltools.gnu-tools-for-stm32.9-2020-q2-update.win32_2.0.0.202105311346/tools/bin/../lib/gcc/arm-none-eabi/9.3.1/../../../../arm-none-eabi/lib/thumb/v7e-m+fp/hard\libc_nano.a(lib_a-findfp.o)
                              ./Middlewares/Third_Party/FreeRTOS/tasks.o (__sf_fake_stderr)
c:/st/stm32cubeide_1.6.0/stm32cubeide/plugins/com.st.stm32cube.ide.mcu.externaltools.gnu-tools-for-stm32.9-2020-q2-update.win32_2.0.0.202105311346/tools/bin/../lib/gcc/arm-none-eabi/9.3.1/../../../../arm-none-eabi/lib/thumb/v7e-m+fp/hard\libc_nano.a(lib_a-fwalk.o)
                              c:/st/stm32cubeide_1.6.0/stm32cubeide/plugins/com.st.stm32cube.ide.mcu.externaltools.gnu-tools-for-stm32.9-2020-q2-update.win32_2.0.0.202105311346/tools/bin/../lib/gcc/arm-none-eabi/9.3.1/../../../../arm-none-eabi/lib/thumb/v7e-m+fp/hard\libc_nano.a(lib_a-findfp.o) (_fwalk)
c:/st/stm32cubeide_1.6.0/stm32cubeide/plugins/com.st.stm32cube.ide.mcu.externaltools.gnu-tools-for-stm32.9-2020-q2-update.win32_2.0.0.202105311346/tools/bin/../lib/gcc/arm-none-eabi/9.3.1/../../../../arm-none-eabi/lib/thumb/v7e-m+fp/hard\libc_nano.a(lib_a-impure.o)
                              c:/st/stm32cubeide_1.6.0/stm32cubeide/plugins/com.st.stm32cube.ide.mcu.externaltools.gnu-tools-for-stm32.9-2020-q2-update.win32_2.0.0.202105311346/tools/bin/../lib/gcc/arm-none-eabi/9.3.1/../../../../arm-none-eabi/lib/thumb/v7e-m+fp/hard\libc_nano.a(lib_a-exit.o) (_global_impure_ptr)
c:/st/stm32cubeide_1.6.0/stm32cubeide/plugins/com.st.stm32cube.ide.mcu.externaltools.gnu-tools-for-stm32.9-2020-q2-update.win32_2.0.0.202105311346/tools/bin/../lib/gcc/arm-none-eabi/9.3.1/../../../../arm-none-eabi/lib/thumb/v7e-m+fp/hard\libc_nano.a(lib_a-init.o)
                              c:/st/stm32cubeide_1.6.0/stm32cubeide/plugins/com.st.stm32cube.ide.mcu.externaltools.gnu-tools-for-stm32.9-2020-q2-update.win32_2.0.0.202105311346/tools/bin/../lib/gcc/arm-none-eabi/9.3.1/../../../../arm-none-eabi/lib/thumb/v7e-m+fp/hard/crt0.o (__libc_init_array)
c:/st/stm32cubeide_1.6.0/stm32cubeide/plugins/com.st.stm32cube.ide.mcu.externaltools.gnu-tools-for-stm32.9-2020-q2-update.win32_2.0.0.202105311346/tools/bin/../lib/gcc/arm-none-eabi/9.3.1/../../../../arm-none-eabi/lib/thumb/v7e-m+fp/hard\libc_nano.a(lib_a-lock.o)
                              c:/st/stm32cubeide_1.6.0/stm32cubeide/plugins/com.st.stm32cube.ide.mcu.externaltools.gnu-tools-for-stm32.9-2020-q2-update.win32_2.0.0.202105311346/tools/bin/../lib/gcc/arm-none-eabi/9.3.1/../../../../arm-none-eabi/lib/thumb/v7e-m+fp/hard\libc_nano.a(lib_a-findfp.o) (__retarget_lock_init_recursive)
c:/st/stm32cubeide_1.6.0/stm32cubeide/plugins/com.st.stm32cube.ide.mcu.externaltools.gnu-tools-for-stm32.9-2020-q2-update.win32_2.0.0.202105311346/tools/bin/../lib/gcc/arm-none-eabi/9.3.1/../../../../arm-none-eabi/lib/thumb/v7e-m+fp/hard\libc_nano.a(lib_a-malloc.o)
[...]
Memory Configuration

Name             Origin             Length             Attributes
FLASH            0x0000000008100000 0x0000000000100000 xr
RAM              0x0000000010000000 0x0000000000048000 xrw
*default*        0x0000000000000000 0xffffffffffffffff

Linker script and memory map

LOAD c:/st/stm32cubeide_1.6.0/stm32cubeide/plugins/com.st.stm32cube.ide.mcu.externaltools.gnu-tools-for-stm32.9-2020-q2-update.win32_2.0.0.202105311346/tools/bin/../lib/gcc/arm-none-eabi/9.3.1/thumb/v7e-m+fp/hard/crti.o
LOAD c:/st/stm32cubeide_1.6.0/stm32cubeide/plugins/com.st.stm32cube.ide.mcu.externaltools.gnu-tools-for-stm32.9-2020-q2-update.win32_2.0.0.202105311346/tools/bin/../lib/gcc/arm-none-eabi/9.3.1/thumb/v7e-m+fp/hard/crtbegin.o
LOAD c:/st/stm32cubeide_1.6.0/stm32cubeide/plugins/com.st.stm32cube.ide.mcu.externaltools.gnu-tools-for-stm32.9-2020-q2-update.win32_2.0.0.202105311346/tools/bin/../lib/gcc/arm-none-eabi/9.3.1/../../../../arm-none-eabi/lib/thumb/v7e-m+fp/hard/crt0.o
LOAD ./Common/Src/Integration/Controllers/lcd.o
LOAD ./Common/Src/Interpreter/editor.o
LOAD ./Common/Src/Interpreter/exectoks.o
LOAD ./Common/Src/Interpreter/expr.o
LOAD ./Common/Src/Interpreter/tokens.o
LOAD ./Common/Src/Interpreter/utils.o
LOAD ./Common/Src/system_stm32h7xx_dualcore_boot_cm4_cm7.o
LOAD ./Core/Src/freertos.o
LOAD ./Core/Src/gpio.o
LOAD ./Core/Src/main.o
LOAD ./Core/Src/stm32h7xx_hal_msp.o
LOAD ./Core/Src/stm32h7xx_it.o
LOAD ./Core/Src/syscalls.o
LOAD ./Core/Src/sysmem.o
LOAD ./Core/Src/usart.o
LOAD ./Core/Startup/startup_stm32h755zitx.o
LOAD ./Drivers/STM32H7xx_HAL_Driver/stm32h7xx_hal.o
LOAD ./Drivers/STM32H7xx_HAL_Driver/stm32h7xx_hal_cortex.o
LOAD ./Drivers/STM32H7xx_HAL_Driver/stm32h7xx_hal_dma.o
LOAD ./Drivers/STM32H7xx_HAL_Driver/stm32h7xx_hal_dma_ex.o
LOAD ./Drivers/STM32H7xx_HAL_Driver/stm32h7xx_hal_exti.o
LOAD ./Drivers/STM32H7xx_HAL_Driver/stm32h7xx_hal_flash.o
LOAD ./Drivers/STM32H7xx_HAL_Driver/stm32h7xx_hal_flash_ex.o
LOAD ./Drivers/STM32H7xx_HAL_Driver/stm32h7xx_hal_gpio.o
LOAD ./Drivers/STM32H7xx_HAL_Driver/stm32h7xx_hal_hsem.o
LOAD ./Drivers/STM32H7xx_HAL_Driver/stm32h7xx_hal_i2c.o
LOAD ./Drivers/STM32H7xx_HAL_Driver/stm32h7xx_hal_i2c_ex.o
LOAD ./Drivers/STM32H7xx_HAL_Driver/stm32h7xx_hal_mdma.o
LOAD ./Drivers/STM32H7xx_HAL_Driver/stm32h7xx_hal_pwr.o
LOAD ./Drivers/STM32H7xx_HAL_Driver/stm32h7xx_hal_pwr_ex.o
LOAD ./Drivers/STM32H7xx_HAL_Driver/stm32h7xx_hal_rcc.o
LOAD ./Drivers/STM32H7xx_HAL_Driver/stm32h7xx_hal_rcc_ex.o
LOAD ./Drivers/STM32H7xx_HAL_Driver/stm32h7xx_hal_tim.o
LOAD ./Drivers/STM32H7xx_HAL_Driver/stm32h7xx_hal_tim_ex.o
LOAD ./Drivers/STM32H7xx_HAL_Driver/stm32h7xx_hal_uart.o
LOAD ./Drivers/STM32H7xx_HAL_Driver/stm32h7xx_hal_uart_ex.o
LOAD ./Middlewares/Third_Party/FreeRTOS/cmsis_os2.o
LOAD ./Middlewares/Third_Party/FreeRTOS/croutine.o
LOAD ./Middlewares/Third_Party/FreeRTOS/event_groups.o
LOAD ./Middlewares/Third_Party/FreeRTOS/heap_4.o
LOAD ./Middlewares/Third_Party/FreeRTOS/list.o
LOAD ./Middlewares/Third_Party/FreeRTOS/port.o
LOAD ./Middlewares/Third_Party/FreeRTOS/queue.o
LOAD ./Middlewares/Third_Party/FreeRTOS/stream_buffer.o
LOAD ./Middlewares/Third_Party/FreeRTOS/tasks.o
LOAD ./Middlewares/Third_Party/FreeRTOS/timers.o
START GROUP
LOAD c:/st/stm32cubeide_1.6.0/stm32cubeide/plugins/com.st.stm32cube.ide.mcu.externaltools.gnu-tools-for-stm32.9-2020-q2-update.win32_2.0.0.202105311346/tools/bin/../lib/gcc/arm-none-eabi/9.3.1/../../../../arm-none-eabi/lib/thumb/v7e-m+fp/hard\libstdc++_nano.a
LOAD c:/st/stm32cubeide_1.6.0/stm32cubeide/plugins/com.st.stm32cube.ide.mcu.externaltools.gnu-tools-for-stm32.9-2020-q2-update.win32_2.0.0.202105311346/tools/bin/../lib/gcc/arm-none-eabi/9.3.1/../../../../arm-none-eabi/lib/thumb/v7e-m+fp/hard\libsupc++_nano.a
END GROUP
LOAD c:/st/stm32cubeide_1.6.0/stm32cubeide/plugins/com.st.stm32cube.ide.mcu.externaltools.gnu-tools-for-stm32.9-2020-q2-update.win32_2.0.0.202105311346/tools/bin/../lib/gcc/arm-none-eabi/9.3.1/../../../../arm-none-eabi/lib/thumb/v7e-m+fp/hard\libstdc++_nano.a
LOAD c:/st/stm32cubeide_1.6.0/stm32cubeide/plugins/com.st.stm32cube.ide.mcu.externaltools.gnu-tools-for-stm32.9-2020-q2-update.win32_2.0.0.202105311346/tools/bin/../lib/gcc/arm-none-eabi/9.3.1/../../../../arm-none-eabi/lib/thumb/v7e-m+fp/hard\libm.a
LOAD c:/st/stm32cubeide_1.6.0/stm32cubeide/plugins/com.st.stm32cube.ide.mcu.externaltools.gnu-tools-for-stm32.9-2020-q2-update.win32_2.0.0.202105311346/tools/bin/../lib/gcc/arm-none-eabi/9.3.1/../../../../arm-none-eabi/lib/thumb/v7e-m+fp/hard\libc_nano.a
START GROUP
LOAD c:/st/stm32cubeide_1.6.0/stm32cubeide/plugins/com.st.stm32cube.ide.mcu.externaltools.gnu-tools-for-stm32.9-2020-q2-update.win32_2.0.0.202105311346/tools/bin/../lib/gcc/arm-none-eabi/9.3.1/thumb/v7e-m+fp/hard\libgcc.a
LOAD c:/st/stm32cubeide_1.6.0/stm32cubeide/plugins/com.st.stm32cube.ide.mcu.externaltools.gnu-tools-for-stm32.9-2020-q2-update.win32_2.0.0.202105311346/tools/bin/../lib/gcc/arm-none-eabi/9.3.1/../../../../arm-none-eabi/lib/thumb/v7e-m+fp/hard\libc_nano.a
END GROUP
START GROUP
LOAD c:/st/stm32cubeide_1.6.0/stm32cubeide/plugins/com.st.stm32cube.ide.mcu.externaltools.gnu-tools-for-stm32.9-2020-q2-update.win32_2.0.0.202105311346/tools/bin/../lib/gcc/arm-none-eabi/9.3.1/thumb/v7e-m+fp/hard\libgcc.a
LOAD c:/st/stm32cubeide_1.6.0/stm32cubeide/plugins/com.st.stm32cube.ide.mcu.externaltools.gnu-tools-for-stm32.9-2020-q2-update.win32_2.0.0.202105311346/tools/bin/../lib/gcc/arm-none-eabi/9.3.1/../../../../arm-none-eabi/lib/thumb/v7e-m+fp/hard\libc_nano.a
LOAD c:/st/stm32cubeide_1.6.0/stm32cubeide/plugins/com.st.stm32cube.ide.mcu.externaltools.gnu-tools-for-stm32.9-2020-q2-update.win32_2.0.0.202105311346/tools/bin/../lib/gcc/arm-none-eabi/9.3.1/../../../../arm-none-eabi/lib/thumb/v7e-m+fp/hard\libnosys.a
END GROUP
START GROUP
LOAD c:/st/stm32cubeide_1.6.0/stm32cubeide/plugins/com.st.stm32cube.ide.mcu.externaltools.gnu-tools-for-stm32.9-2020-q2-update.win32_2.0.0.202105311346/tools/bin/../lib/gcc/arm-none-eabi/9.3.1/thumb/v7e-m+fp/hard\libgcc.a
LOAD c:/st/stm32cubeide_1.6.0/stm32cubeide/plugins/com.st.stm32cube.ide.mcu.externaltools.gnu-tools-for-stm32.9-2020-q2-update.win32_2.0.0.202105311346/tools/bin/../lib/gcc/arm-none-eabi/9.3.1/../../../../arm-none-eabi/lib/thumb/v7e-m+fp/hard\libc_nano.a
LOAD c:/st/stm32cubeide_1.6.0/stm32cubeide/plugins/com.st.stm32cube.ide.mcu.externaltools.gnu-tools-for-stm32.9-2020-q2-update.win32_2.0.0.202105311346/tools/bin/../lib/gcc/arm-none-eabi/9.3.1/../../../../arm-none-eabi/lib/thumb/v7e-m+fp/hard\libnosys.a
END GROUP
LOAD c:/st/stm32cubeide_1.6.0/stm32cubeide/plugins/com.st.stm32cube.ide.mcu.externaltools.gnu-tools-for-stm32.9-2020-q2-update.win32_2.0.0.202105311346/tools/bin/../lib/gcc/arm-none-eabi/9.3.1/thumb/v7e-m+fp/hard/crtend.o
LOAD c:/st/stm32cubeide_1.6.0/stm32cubeide/plugins/com.st.stm32cube.ide.mcu.externaltools.gnu-tools-for-stm32.9-2020-q2-update.win32_2.0.0.202105311346/tools/bin/../lib/gcc/arm-none-eabi/9.3.1/thumb/v7e-m+fp/hard/crtn.o
                0x0000000010048000                _estack = (ORIGIN (RAM) + LENGTH (RAM))
                0x0000000000000200                _Min_Heap_Size = 0x200
                0x0000000000000400                _Min_Stack_Size = 0x400

.isr_vector     0x0000000008100000      0x298
                0x0000000008100000                . = ALIGN (0x4)
 *(.isr_vector)
 .isr_vector    0x0000000008100000      0x298 ./Core/Startup/startup_stm32h755zitx.o
                0x0000000008100000                g_pfnVectors
                0x0000000008100298                . = ALIGN (0x4)

.text           0x00000000081002a0     0xcb20
                0x00000000081002a0                . = ALIGN (0x4)
 *(.text)
 .text          0x00000000081002a0       0x40 c:/st/stm32cubeide_1.6.0/stm32cubeide/plugins/com.st.stm32cube.ide.mcu.externaltools.gnu-tools-for-stm32.9-2020-q2-update.win32_2.0.0.202105311346/tools/bin/../lib/gcc/arm-none-eabi/9.3.1/thumb/v7e-m+fp/hard/crtbegin.o
 .text          0x00000000081002e0       0x10 c:/st/stm32cubeide_1.6.0/stm32cubeide/plugins/com.st.stm32cube.ide.mcu.externaltools.gnu-tools-for-stm32.9-2020-q2-update.win32_2.0.0.202105311346/tools/bin/../lib/gcc/arm-none-eabi/9.3.1/../../../../arm-none-eabi/lib/thumb/v7e-m+fp/hard\libc_nano.a(lib_a-strlen.o)
                0x00000000081002e0                strlen
 .text          0x00000000081002f0       0x30 c:/st/stm32cubeide_1.6.0/stm32cubeide/plugins/com.st.stm32cube.ide.mcu.externaltools.gnu-tools-for-stm32.9-2020-q2-update.win32_2.0.0.202105311346/tools/bin/../lib/gcc/arm-none-eabi/9.3.1/thumb/v7e-m+fp/hard\libgcc.a(_aeabi_uldivmod.o)
                0x00000000081002f0                __aeabi_uldivmod
 .text          0x0000000008100320      0x2c4 c:/st/stm32cubeide_1.6.0/stm32cubeide/plugins/com.st.stm32cube.ide.mcu.externaltools.gnu-tools-for-stm32.9-2020-q2-update.win32_2.0.0.202105311346/tools/bin/../lib/gcc/arm-none-eabi/9.3.1/thumb/v7e-m+fp/hard\libgcc.a(_udivmoddi4.o)
                0x0000000008100320                __udivmoddi4
 .text          0x00000000081005e4        0x4 c:/st/stm32cubeide_1.6.0/stm32cubeide/plugins/com.st.stm32cube.ide.mcu.externaltools.gnu-tools-for-stm32.9-2020-q2-update.win32_2.0.0.202105311346/tools/bin/../lib/gcc/arm-none-eabi/9.3.1/thumb/v7e-m+fp/hard\libgcc.a(_dvmd_tls.o)
                0x00000000081005e4                __aeabi_idiv0
                0x00000000081005e4                __aeabi_ldiv0
 *(.text*)
 .text.resetEditor
                0x00000000081005e8       0x34 ./Common/Src/Interpreter/editor.o
                0x00000000081005e8                resetEditor
 .text.readLine
                0x000000000810061c       0x9c ./Common/Src/Interpreter/editor.o
                0x000000000810061c                readLine
 .text.lineSize
                0x00000000081006b8       0x20 ./Common/Src/Interpreter/editor.o
                0x00000000081006b8                lineSize
 .text.nextLine
                0x00000000081006d8       0x1e ./Common/Src/Interpreter/editor.o
                0x00000000081006d8                nextLine
 *fill*         0x00000000081006f6        0x2 
 .text.findLine
                0x00000000081006f8       0x44 ./Common/Src/Interpreter/editor.o
                0x00000000081006f8                findLine
 .text.injectLine
                0x000000000810073c      0x118 ./Common/Src/Interpreter/editor.o
                0x000000000810073c                injectLine
 .text.editorSave
                0x0000000008100854       0x48 ./Common/Src/Interpreter/editor.o
                0x0000000008100854                editorSave
 .text.editorLoad
                0x000000000810089c       0x54 ./Common/Src/Interpreter/editor.o
                0x000000000810089c                editorLoad
 .text.editorLoadParsed
                0x00000000081008f0       0xf0 ./Common/Src/Interpreter/editor.o
                0x00000000081008f0                editorLoadParsed
 .text.resetTokenExecutor
                0x00000000081009e0       0x44 ./Common/Src/Interpreter/exectoks.o
                0x00000000081009e0                resetTokenExecutor
 .text.varSize  0x0000000008100a24       0x34 ./Common/Src/Interpreter/exectoks.o
                0x0000000008100a24                varSize
 .text.shortVarName
                0x0000000008100a58       0x3c ./Common/Src/Interpreter/exectoks.o
                0x0000000008100a58                shortVarName
 .text.shortArrayName
                0x0000000008100a94       0x20 ./Common/Src/Interpreter/exectoks.o
                0x0000000008100a94                shortArrayName
 .text.findVar  0x0000000008100ab4       0x7c ./Common/Src/Interpreter/exectoks.o
                0x0000000008100ab4                findVar
 .text.getVar   0x0000000008100b30       0x5c ./Common/Src/Interpreter/exectoks.o
                0x0000000008100b30                getVar
 .text.getArrayOffset
                0x0000000008100b8c       0x6c ./Common/Src/Interpreter/exectoks.o
                0x0000000008100b8c                getArrayOffset
 .text.checkLowVarsMemory
                0x0000000008100bf8       0x7c ./Common/Src/Interpreter/exectoks.o
                0x0000000008100bf8                checkLowVarsMemory
 .text.setVar   0x0000000008100c74       0xe0 ./Common/Src/Interpreter/exectoks.o
                0x0000000008100c74                setVar
 .text.findLabel
                0x0000000008100d54       0x74 ./Common/Src/Interpreter/exectoks.o
                0x0000000008100d54                findLabel
 .text.getCachedLabel
                0x0000000008100dc8       0x60 ./Common/Src/Interpreter/exectoks.o
                0x0000000008100dc8                getCachedLabel
 .text.addCachedLabel
                0x0000000008100e28       0xa0 ./Common/Src/Interpreter/exectoks.o
                0x0000000008100e28                addCachedLabel
 .text.advance  0x0000000008100ec8       0x28 ./Common/Src/Interpreter/exectoks.o
 .text.calcOperation
                0x0000000008100ef0      0x4a4 ./Common/Src/Interpreter/exectoks.o
                0x0000000008100ef0                calcOperation
 .text.calcFunction
                0x0000000008101394      0x140 ./Common/Src/Interpreter/exectoks.o
                0x0000000008101394                calcFunction
 .text.calcArray
                0x00000000081014d4       0xd4 ./Common/Src/Interpreter/exectoks.o
                0x00000000081014d4                calcArray
 .text.calcExpression
                0x00000000081015a8      0x1b0 ./Common/Src/Interpreter/exectoks.o
                0x00000000081015a8                calcExpression
 .text.execLet  0x0000000008101758       0x38 ./Common/Src/Interpreter/exectoks.o
                0x0000000008101758                execLet
 .text.setArray
                0x0000000008101790       0x98 ./Common/Src/Interpreter/exectoks.o
                0x0000000008101790                setArray
 .text.execLeta
                0x0000000008101828       0x3c ./Common/Src/Interpreter/exectoks.o
                0x0000000008101828                execLeta
 .text.execDim  0x0000000008101864       0xf8 ./Common/Src/Interpreter/exectoks.o
                0x0000000008101864                execDim
 .text.execData
                0x000000000810195c       0xb4 ./Common/Src/Interpreter/exectoks.o
                0x000000000810195c                execData
 .text.setDelay
                0x0000000008101a10       0x28 ./Common/Src/Interpreter/exectoks.o
                0x0000000008101a10                setDelay
 .text.execDelay
                0x0000000008101a38       0x28 ./Common/Src/Interpreter/exectoks.o
                0x0000000008101a38                execDelay
 .text.checkDelay
                0x0000000008101a60       0x10 ./Common/Src/Interpreter/exectoks.o
                0x0000000008101a60                checkDelay
 .text.dispatchDelay
                0x0000000008101a70       0x24 ./Common/Src/Interpreter/exectoks.o
                0x0000000008101a70                dispatchDelay
 .text.execRem  0x0000000008101a94       0x20 ./Common/Src/Interpreter/exectoks.o
                0x0000000008101a94                execRem
 .text.execPrint
                0x0000000008101ab4       0x4c ./Common/Src/Interpreter/exectoks.o
                0x0000000008101ab4                execPrint
 .text.execInput
                0x0000000008101b00       0x38 ./Common/Src/Interpreter/exectoks.o
                0x0000000008101b00                execInput
 .text.dispatchInput
                0x0000000008101b38       0x64 ./Common/Src/Interpreter/exectoks.o
                0x0000000008101b38                dispatchInput
 .text.execEmit
                0x0000000008101b9c       0x34 ./Common/Src/Interpreter/exectoks.o
                0x0000000008101b9c                execEmit
 .text.execIf   0x0000000008101bd0       0x2c ./Common/Src/Interpreter/exectoks.o
                0x0000000008101bd0                execIf
 .text.execGoto
                0x0000000008101bfc       0x24 ./Common/Src/Interpreter/exectoks.o
                0x0000000008101bfc                execGoto
 .text.execGosub
                0x0000000008101c20       0x54 ./Common/Src/Interpreter/exectoks.o
                0x0000000008101c20                execGosub
 .text.execReturn
                0x0000000008101c74       0x40 ./Common/Src/Interpreter/exectoks.o
                0x0000000008101c74                execReturn
 .text.execEnd  0x0000000008101cb4       0x1c ./Common/Src/Interpreter/exectoks.o
                0x0000000008101cb4                execEnd
 .text.execExtra
                0x0000000008101cd0       0xa0 ./Common/Src/Interpreter/exectoks.o
                0x0000000008101cd0                execExtra
 .text.executeTokens
                0x0000000008101d70       0x64 ./Common/Src/Interpreter/exectoks.o
                0x0000000008101d70                executeTokens
 .text.signalEndOfCode
                0x0000000008101dd4       0x16 ./Common/Src/Interpreter/exectoks.o
                0x0000000008101dd4                signalEndOfCode
 *fill*         0x0000000008101dea        0x2 
 .text.stopExecution
                0x0000000008101dec       0x2c ./Common/Src/Interpreter/exectoks.o
                0x0000000008101dec                stopExecution
 .text.executeStep
                0x0000000008101e18       0x88 ./Common/Src/Interpreter/exectoks.o
                0x0000000008101e18                executeStep
 .text.dispatchBreak
                0x0000000008101ea0       0x38 ./Common/Src/Interpreter/exectoks.o
                0x0000000008101ea0                dispatchBreak
 .text.executeNonParsed
                0x0000000008101ed8       0x50 ./Common/Src/Interpreter/exectoks.o
                0x0000000008101ed8                executeNonParsed
 .text.initParsedRun
                0x0000000008101f28       0x60 ./Common/Src/Interpreter/exectoks.o
                0x0000000008101f28                initParsedRun
 .text.executeParsedRun
                0x0000000008101f88       0xc0 ./Common/Src/Interpreter/exectoks.o
                0x0000000008101f88                executeParsedRun
 .text.parseExprUnary
                0x0000000008102048       0x44 ./Common/Src/Interpreter/expr.o
                0x0000000008102048                parseExprUnary
 .text.parseExprVal
                0x000000000810208c       0xa0 ./Common/Src/Interpreter/expr.o
                0x000000000810208c                parseExprVal
 .text.parseExprBop
                0x000000000810212c       0x96 ./Common/Src/Interpreter/expr.o
                0x000000000810212c                parseExprBop
 *fill*         0x00000000081021c2        0x2 
 .text.parseExprRbr
                0x00000000081021c4       0x50 ./Common/Src/Interpreter/expr.o
                0x00000000081021c4                parseExprRbr
 .text.parseExprComma
                0x0000000008102214       0x30 ./Common/Src/Interpreter/expr.o
                0x0000000008102214                parseExprComma
 .text.operatorPriority
                0x0000000008102244      0x1bc ./Common/Src/Interpreter/expr.o
                0x0000000008102244                operatorPriority
 .text.isUnary  0x0000000008102400       0x2a ./Common/Src/Interpreter/expr.o
                0x0000000008102400                isUnary
 *fill*         0x000000000810242a        0x2 
 .text.convertRpnPop
                0x000000000810242c       0x44 ./Common/Src/Interpreter/expr.o
                0x000000000810242c                convertRpnPop
 .text.shuntingYard
                0x0000000008102470      0x26c ./Common/Src/Interpreter/expr.o
                0x0000000008102470                shuntingYard
 .text.convertToRpn
                0x00000000081026dc       0x58 ./Common/Src/Interpreter/expr.o
                0x00000000081026dc                convertToRpn
 .text.parseExpression
                0x0000000008102734      0x13c ./Common/Src/Interpreter/expr.o
                0x0000000008102734                parseExpression
 .text.cmdCodeByHash
                0x0000000008102870      0x118 ./Common/Src/Interpreter/tokens.o
 .text.getCurTokPos
                0x0000000008102988       0x18 ./Common/Src/Interpreter/tokens.o
                0x0000000008102988                getCurTokPos
 .text.tokenSize
                0x00000000081029a0      0x148 ./Common/Src/Interpreter/tokens.o
                0x00000000081029a0                tokenSize
 .text.tokenChainSize
                0x0000000008102ae8       0x34 ./Common/Src/Interpreter/tokens.o
                0x0000000008102ae8                tokenChainSize
 .text.copyToken
                0x0000000008102b1c       0x24 ./Common/Src/Interpreter/tokens.o
                0x0000000008102b1c                copyToken
 .text.setTokenError
                0x0000000008102b40       0x38 ./Common/Src/Interpreter/tokens.o
                0x0000000008102b40                setTokenError
 .text.nextToken
                0x0000000008102b78       0x1e ./Common/Src/Interpreter/tokens.o
                0x0000000008102b78                nextToken
 *fill*         0x0000000008102b96        0x2 
 .text.skipTokenInInput
                0x0000000008102b98       0x2c ./Common/Src/Interpreter/tokens.o
                0x0000000008102b98                skipTokenInInput
 .text.advance  0x0000000008102bc4       0x40 ./Common/Src/Interpreter/tokens.o
 .text.substCommandFound
                0x0000000008102c04       0x38 ./Common/Src/Interpreter/tokens.o
 .text.trySubstCmd
                0x0000000008102c3c       0x3c ./Common/Src/Interpreter/tokens.o
                0x0000000008102c3c                trySubstCmd
 .text.parseName
                0x0000000008102c78       0xac ./Common/Src/Interpreter/tokens.o
                0x0000000008102c78                parseName
 .text.parseChar
                0x0000000008102d24       0x4c ./Common/Src/Interpreter/tokens.o
                0x0000000008102d24                parseChar
 .text.parseNumber
                0x0000000008102d70      0x100 ./Common/Src/Interpreter/tokens.o
                0x0000000008102d70                parseNumber
 .text.parseNone
                0x0000000008102e70       0x34 ./Common/Src/Interpreter/tokens.o
                0x0000000008102e70                parseNone
 .text.parseComment
                0x0000000008102ea4       0x5c ./Common/Src/Interpreter/tokens.o
                0x0000000008102ea4                parseComment
 .text.parseLiteral
                0x0000000008102f00       0xb4 ./Common/Src/Interpreter/tokens.o
                0x0000000008102f00                parseLiteral
 .text.parseSymbol
                0x0000000008102fb4       0xa4 ./Common/Src/Interpreter/tokens.o
                0x0000000008102fb4                parseSymbol
 .text.parseLineNumber
                0x0000000008103058       0x54 ./Common/Src/Interpreter/tokens.o
                0x0000000008103058                parseLineNumber
 .text.parseSemicolon
                0x00000000081030ac       0x40 ./Common/Src/Interpreter/tokens.o
                0x00000000081030ac                parseSemicolon
 .text.skipSubscripts
                0x00000000081030ec       0x5c ./Common/Src/Interpreter/tokens.o
                0x00000000081030ec                skipSubscripts
 .text.assignmentSyntax
                0x0000000008103148       0x7c ./Common/Src/Interpreter/tokens.o
                0x0000000008103148                assignmentSyntax
 .text.parseSubscripts
                0x00000000081031c4       0x44 ./Common/Src/Interpreter/tokens.o
                0x00000000081031c4                parseSubscripts
 .text.parseAssignment
                0x0000000008103208       0xf4 ./Common/Src/Interpreter/tokens.o
                0x0000000008103208                parseAssignment
 .text.parseExprOrLiteral
                0x00000000081032fc       0x1c ./Common/Src/Interpreter/tokens.o
                0x00000000081032fc                parseExprOrLiteral
 .text.parseVar
                0x0000000008103318       0x38 ./Common/Src/Interpreter/tokens.o
                0x0000000008103318                parseVar
 .text.parseExprList
                0x0000000008103350       0x44 ./Common/Src/Interpreter/tokens.o
                0x0000000008103350                parseExprList
 .text.parsePrintList
                0x0000000008103394       0x44 ./Common/Src/Interpreter/tokens.o
                0x0000000008103394                parsePrintList
 .text.parseDataList
                0x00000000081033d8       0x40 ./Common/Src/Interpreter/tokens.o
                0x00000000081033d8                parseDataList
 .text.parseNExpressions
                0x0000000008103418       0x50 ./Common/Src/Interpreter/tokens.o
                0x0000000008103418                parseNExpressions
 .text.parseLabel
                0x0000000008103468       0x2c ./Common/Src/Interpreter/tokens.o
                0x0000000008103468                parseLabel
 .text.parseConditional
                0x0000000008103494       0x32 ./Common/Src/Interpreter/tokens.o
                0x0000000008103494                parseConditional
 *fill*         0x00000000081034c6        0x2 
 .text.parseAllocate
                0x00000000081034c8       0xa4 ./Common/Src/Interpreter/tokens.o
                0x00000000081034c8                parseAllocate
 .text.parseSpecialWithError
                0x000000000810356c       0x48 ./Common/Src/Interpreter/tokens.o
                0x000000000810356c                parseSpecialWithError
 .text.parseStatement
                0x00000000081035b4      0x134 ./Common/Src/Interpreter/tokens.o
                0x00000000081035b4                parseStatement
 .text.parseLine
                0x00000000081036e8       0x58 ./Common/Src/Interpreter/tokens.o
                0x00000000081036e8                parseLine
 .text.tokenClass
                0x0000000008103740       0x1e ./Common/Src/Interpreter/tokens.o
                0x0000000008103740                tokenClass
 .text.tokenHash
                0x000000000810375e       0x2c ./Common/Src/Interpreter/tokens.o
                0x000000000810375e                tokenHash
 *fill*         0x000000000810378a        0x2 
 .text.getParseErrorPos
                0x000000000810378c       0x18 ./Common/Src/Interpreter/tokens.o
                0x000000000810378c                getParseErrorPos
 .text.getParseErrorMsg
                0x00000000081037a4       0x24 ./Common/Src/Interpreter/tokens.o
                0x00000000081037a4                getParseErrorMsg
 .text.trim     0x00000000081037c8       0xa4 ./Common/Src/Interpreter/utils.o
                0x00000000081037c8                trim
 .text.skipSpaces
                0x000000000810386c       0x2a ./Common/Src/Interpreter/utils.o
                0x000000000810386c                skipSpaces
 .text.skipDigits
                0x0000000008103896       0x2a ./Common/Src/Interpreter/utils.o
                0x0000000008103896                skipDigits
 .text.outputChar
                0x00000000081038c0       0x1a ./Common/Src/Interpreter/utils.o
                0x00000000081038c0                outputChar
 .text.outputStr
                0x00000000081038da       0x2a ./Common/Src/Interpreter/utils.o
                0x00000000081038da                outputStr
 .text.outputNStr
                0x0000000008103904       0x40 ./Common/Src/Interpreter/utils.o
                0x0000000008103904                outputNStr
 .text.outputInt
                0x0000000008103944       0x90 ./Common/Src/Interpreter/utils.o
                0x0000000008103944                outputInt
 .text.decFromStr
                0x00000000081039d4       0xb8 ./Common/Src/Interpreter/utils.o
                0x00000000081039d4                decFromStr
 .text.outputCr
                0x0000000008103a8c        0xe ./Common/Src/Interpreter/utils.o
                0x0000000008103a8c                outputCr
 .text.toUpper  0x0000000008103a9a       0x2c ./Common/Src/Interpreter/utils.o
                0x0000000008103a9a                toUpper
 .text.isAlpha  0x0000000008103ac6       0x32 ./Common/Src/Interpreter/utils.o
                0x0000000008103ac6                isAlpha
 .text.isDigit  0x0000000008103af8       0x2a ./Common/Src/Interpreter/utils.o
                0x0000000008103af8                isDigit
 .text.isDigitBased
                0x0000000008103b22       0x62 ./Common/Src/Interpreter/utils.o
                0x0000000008103b22                isDigitBased
 .text.makeDigit
                0x0000000008103b84       0x3e ./Common/Src/Interpreter/utils.o
                0x0000000008103b84                makeDigit
 .text.isAlNum  0x0000000008103bc2       0x36 ./Common/Src/Interpreter/utils.o
                0x0000000008103bc2                isAlNum
 .text.isSpace  0x0000000008103bf8       0x2c ./Common/Src/Interpreter/utils.o
                0x0000000008103bf8                isSpace
 .text.hashOfNStr
                0x0000000008103c24       0x44 ./Common/Src/Interpreter/utils.o
                0x0000000008103c24                hashOfNStr
 .text.SystemInit
                0x0000000008103c68       0x38 ./Common/Src/system_stm32h7xx_dualcore_boot_cm4_cm7.o
                0x0000000008103c68                SystemInit
 .text.MX_FREERTOS_Init
                0x0000000008103ca0       0x58 ./Core/Src/freertos.o
                0x0000000008103ca0                MX_FREERTOS_Init
 .text.StartDefaultTask
                0x0000000008103cf8       0x10 ./Core/Src/freertos.o
                0x0000000008103cf8                StartDefaultTask
 .text.showInfo
                0x0000000008103d08       0x60 ./Core/Src/freertos.o
                0x0000000008103d08                showInfo
 .text.prgReset
                0x0000000008103d68       0x10 ./Core/Src/freertos.o
                0x0000000008103d68                prgReset
 .text.executeRun
                0x0000000008103d78       0x24 ./Core/Src/freertos.o
                0x0000000008103d78                executeRun
 .text.metaOrError
                0x0000000008103d9c       0x78 ./Core/Src/freertos.o
                0x0000000008103d9c                metaOrError
 .text.uartRead
                0x0000000008103e14       0x58 ./Core/Src/freertos.o
                0x0000000008103e14                uartRead
 .text.sysGetc  0x0000000008103e6c       0x26 ./Core/Src/freertos.o
                0x0000000008103e6c                sysGetc
 .text.sysPutc  0x0000000008103e92       0x3a ./Core/Src/freertos.o
                0x0000000008103e92                sysPutc
 .text.sysEcho  0x0000000008103ecc       0x1a ./Core/Src/freertos.o
                0x0000000008103ecc                sysEcho
 *fill*         0x0000000008103ee6        0x2 
 .text.uartSend
                0x0000000008103ee8       0x20 ./Core/Src/freertos.o
                0x0000000008103ee8                uartSend
 .text.printTokens
                0x0000000008103f08       0x14 ./Core/Src/freertos.o
                0x0000000008103f08                printTokens
 .text.processLine
                0x0000000008103f1c       0x78 ./Core/Src/freertos.o
                0x0000000008103f1c                processLine
 .text.pinRead  0x0000000008103f94       0x18 ./Core/Src/freertos.o
                0x0000000008103f94                pinRead
 .text.pinOut   0x0000000008103fac       0x1c ./Core/Src/freertos.o
                0x0000000008103fac                pinOut
 .text.dispatch
                0x0000000008103fc8       0xa0 ./Core/Src/freertos.o
                0x0000000008103fc8                dispatch
 .text.outputConstStr
                0x0000000008104068       0x90 ./Core/Src/freertos.o
                0x0000000008104068                outputConstStr
 .text.extraCommandByHash
                0x00000000081040f8       0x62 ./Core/Src/freertos.o
                0x00000000081040f8                extraCommandByHash
 .text.extraFunctionByHash
                0x000000000810415a       0x78 ./Core/Src/freertos.o
                0x000000000810415a                extraFunctionByHash
 *fill*         0x00000000081041d2        0x2 
 .text.extraCommand
                0x00000000081041d4       0x78 ./Core/Src/freertos.o
                0x00000000081041d4                extraCommand
 .text.extraFunction
                0x000000000810424c       0x5c ./Core/Src/freertos.o
                0x000000000810424c                extraFunction
 .text.storageOperation
                0x00000000081042a8       0x1a ./Core/Src/freertos.o
                0x00000000081042a8                storageOperation
 *fill*         0x00000000081042c2        0x2 
 .text.StartInterpreter
                0x00000000081042c4       0x30 ./Core/Src/freertos.o
                0x00000000081042c4                StartInterpreter
 .text.MX_GPIO_Init
                0x00000000081042f4       0x70 ./Core/Src/gpio.o
                0x00000000081042f4                MX_GPIO_Init
 .text.main     0x0000000008104364       0x9c ./Core/Src/main.o
                0x0000000008104364                main
 .text.Error_Handler
                0x0000000008104400        0xa ./Core/Src/main.o
                0x0000000008104400                Error_Handler
 *fill*         0x000000000810440a        0x2 
 .text.HAL_MspInit
                0x000000000810440c       0x3c ./Core/Src/stm32h7xx_hal_msp.o
                0x000000000810440c                HAL_MspInit
 .text.NMI_Handler
                0x0000000008104448        0x6 ./Core/Src/stm32h7xx_it.o
                0x0000000008104448                NMI_Handler
 .text.HardFault_Handler
                0x000000000810444e        0x6 ./Core/Src/stm32h7xx_it.o
                0x000000000810444e                HardFault_Handler
 .text.MemManage_Handler
                0x0000000008104454        0x6 ./Core/Src/stm32h7xx_it.o
                0x0000000008104454                MemManage_Handler
 .text.BusFault_Handler
                0x000000000810445a        0x6 ./Core/Src/stm32h7xx_it.o
                0x000000000810445a                BusFault_Handler
 .text.UsageFault_Handler
                0x0000000008104460        0x6 ./Core/Src/stm32h7xx_it.o
                0x0000000008104460                UsageFault_Handler
 .text.DebugMon_Handler
                0x0000000008104466        0xe ./Core/Src/stm32h7xx_it.o
                0x0000000008104466                DebugMon_Handler
 .text.SysTick_Handler
                0x0000000008104474       0x1a ./Core/Src/stm32h7xx_it.o
                0x0000000008104474                SysTick_Handler
 *fill*         0x000000000810448e        0x2 
 .text.USART1_IRQHandler
                0x0000000008104490       0x14 ./Core/Src/stm32h7xx_it.o
                0x0000000008104490                USART1_IRQHandler
 .text.USART2_IRQHandler
                0x00000000081044a4       0x14 ./Core/Src/stm32h7xx_it.o
                0x00000000081044a4                USART2_IRQHandler
 .text.USART3_IRQHandler
                0x00000000081044b8       0x14 ./Core/Src/stm32h7xx_it.o
                0x00000000081044b8                USART3_IRQHandler
 .text.USART6_IRQHandler
                0x00000000081044cc       0x14 ./Core/Src/stm32h7xx_it.o
                0x00000000081044cc                USART6_IRQHandler
 .text.MX_USART1_UART_Init
                0x00000000081044e0       0x98 ./Core/Src/usart.o
                0x00000000081044e0                MX_USART1_UART_Init
 .text.MX_USART2_UART_Init
                0x0000000008104578       0x98 ./Core/Src/usart.o
                0x0000000008104578                MX_USART2_UART_Init
 .text.MX_USART3_UART_Init
                0x0000000008104610       0x98 ./Core/Src/usart.o
                0x0000000008104610                MX_USART3_UART_Init
 .text.MX_USART6_UART_Init
                0x00000000081046a8       0x98 ./Core/Src/usart.o
                0x00000000081046a8                MX_USART6_UART_Init
 .text.HAL_UART_MspInit
                0x0000000008104740      0x2d0 ./Core/Src/usart.o
                0x0000000008104740                HAL_UART_MspInit
 .text.Reset_Handler
                0x0000000008104a10       0x50 ./Core/Startup/startup_stm32h755zitx.o
                0x0000000008104a10                Reset_Handler
 .text.Default_Handler
                0x0000000008104a60        0x2 ./Core/Startup/startup_stm32h755zitx.o
                0x0000000008104a60                RTC_Alarm_IRQHandler
                0x0000000008104a60                HASH_RNG_IRQHandler
                0x0000000008104a60                EXTI2_IRQHandler
                0x0000000008104a60                TIM8_CC_IRQHandler
                0x0000000008104a60                HRTIM1_Master_IRQHandler
                0x0000000008104a60                UART8_IRQHandler
                0x0000000008104a60                SPI4_IRQHandler
                0x0000000008104a60                TIM1_CC_IRQHandler
                0x0000000008104a60                BDMA_Channel6_IRQHandler
                0x0000000008104a60                DMA2_Stream5_IRQHandler
                0x0000000008104a60                HRTIM1_FLT_IRQHandler
                0x0000000008104a60                JPEG_IRQHandler
                0x0000000008104a60                DMA1_Stream5_IRQHandler
                0x0000000008104a60                BDMA_Channel1_IRQHandler
                0x0000000008104a60                HRTIM1_TIMD_IRQHandler
                0x0000000008104a60                TAMP_STAMP_IRQHandler
                0x0000000008104a60                EXTI3_IRQHandler
                0x0000000008104a60                LPTIM4_IRQHandler
                0x0000000008104a60                TIM8_TRG_COM_TIM14_IRQHandler
                0x0000000008104a60                LPTIM2_IRQHandler
                0x0000000008104a60                DFSDM1_FLT1_IRQHandler
                0x0000000008104a60                DMAMUX2_OVR_IRQHandler
                0x0000000008104a60                TIM8_UP_TIM13_IRQHandler
                0x0000000008104a60                I2C3_ER_IRQHandler
                0x0000000008104a60                DFSDM1_FLT2_IRQHandler
                0x0000000008104a60                MDMA_IRQHandler
                0x0000000008104a60                LPTIM3_IRQHandler
                0x0000000008104a60                HSEM1_IRQHandler
                0x0000000008104a60                EXTI0_IRQHandler
                0x0000000008104a60                I2C2_EV_IRQHandler
                0x0000000008104a60                DMA1_Stream2_IRQHandler
                0x0000000008104a60                FPU_IRQHandler
                0x0000000008104a60                OTG_HS_WKUP_IRQHandler
                0x0000000008104a60                FDCAN1_IT1_IRQHandler
                0x0000000008104a60                LTDC_ER_IRQHandler
                0x0000000008104a60                DMA2_Stream2_IRQHandler
                0x0000000008104a60                HRTIM1_TIME_IRQHandler
                0x0000000008104a60                SPI1_IRQHandler
                0x0000000008104a60                TIM6_DAC_IRQHandler
                0x0000000008104a60                DCMI_IRQHandler
                0x0000000008104a60                HRTIM1_TIMC_IRQHandler
                0x0000000008104a60                DMA2_Stream3_IRQHandler
                0x0000000008104a60                SAI2_IRQHandler
                0x0000000008104a60                DFSDM1_FLT3_IRQHandler
                0x0000000008104a60                TIM17_IRQHandler
                0x0000000008104a60                BDMA_Channel7_IRQHandler
                0x0000000008104a60                CRYP_IRQHandler
                0x0000000008104a60                LPTIM5_IRQHandler
                0x0000000008104a60                UART5_IRQHandler
                0x0000000008104a60                ADC3_IRQHandler
                0x0000000008104a60                DMA2_Stream0_IRQHandler
                0x0000000008104a60                TIM4_IRQHandler
                0x0000000008104a60                BDMA_Channel2_IRQHandler
                0x0000000008104a60                QUADSPI_IRQHandler
                0x0000000008104a60                I2C1_EV_IRQHandler
                0x0000000008104a60                DMA1_Stream6_IRQHandler
                0x0000000008104a60                DMAMUX1_OVR_IRQHandler
                0x0000000008104a60                DMA1_Stream1_IRQHandler
                0x0000000008104a60                TIM16_IRQHandler
                0x0000000008104a60                UART4_IRQHandler
                0x0000000008104a60                BDMA_Channel5_IRQHandler
                0x0000000008104a60                TIM3_IRQHandler
                0x0000000008104a60                RCC_IRQHandler
                0x0000000008104a60                TIM8_BRK_TIM12_IRQHandler
                0x0000000008104a60                TIM1_TRG_COM_IRQHandler
                0x0000000008104a60                Default_Handler
                0x0000000008104a60                ECC_IRQHandler
                0x0000000008104a60                CEC_IRQHandler
                0x0000000008104a60                EXTI15_10_IRQHandler
                0x0000000008104a60                BDMA_Channel0_IRQHandler
                0x0000000008104a60                ADC_IRQHandler
                0x0000000008104a60                DMA1_Stream7_IRQHandler
                0x0000000008104a60                HRTIM1_TIMA_IRQHandler
                0x0000000008104a60                SPI5_IRQHandler
                0x0000000008104a60                TIM7_IRQHandler
                0x0000000008104a60                SDMMC1_IRQHandler
                0x0000000008104a60                TIM5_IRQHandler
                0x0000000008104a60                DMA2_Stream7_IRQHandler
                0x0000000008104a60                TIM15_IRQHandler
                0x0000000008104a60                PVD_AVD_IRQHandler
                0x0000000008104a60                I2C3_EV_IRQHandler
                0x0000000008104a60                EXTI9_5_IRQHandler
                0x0000000008104a60                RTC_WKUP_IRQHandler
                0x0000000008104a60                LTDC_IRQHandler
                0x0000000008104a60                SAI3_IRQHandler
                0x0000000008104a60                ETH_WKUP_IRQHandler
                0x0000000008104a60                SPDIF_RX_IRQHandler
                0x0000000008104a60                SPI2_IRQHandler
                0x0000000008104a60                OTG_HS_EP1_IN_IRQHandler
                0x0000000008104a60                DMA1_Stream0_IRQHandler
                0x0000000008104a60                CRS_IRQHandler
                0x0000000008104a60                CM7_SEV_IRQHandler
                0x0000000008104a60                EXTI4_IRQHandler
                0x0000000008104a60                CM4_SEV_IRQHandler
                0x0000000008104a60                HRTIM1_TIMB_IRQHandler
                0x0000000008104a60                FDCAN2_IT1_IRQHandler
                0x0000000008104a60                ETH_IRQHandler
                0x0000000008104a60                TIM1_UP_IRQHandler
                0x0000000008104a60                WWDG_RST_IRQHandler
                0x0000000008104a60                BDMA_Channel4_IRQHandler
                0x0000000008104a60                OTG_HS_EP1_OUT_IRQHandler
                0x0000000008104a60                WWDG_IRQHandler
                0x0000000008104a60                SPI6_IRQHandler
                0x0000000008104a60                MDIOS_IRQHandler
                0x0000000008104a60                I2C4_EV_IRQHandler
                0x0000000008104a60                FDCAN2_IT0_IRQHandler
                0x0000000008104a60                LPUART1_IRQHandler
                0x0000000008104a60                FDCAN1_IT0_IRQHandler
                0x0000000008104a60                TIM2_IRQHandler
                0x0000000008104a60                OTG_FS_WKUP_IRQHandler
                0x0000000008104a60                OTG_HS_IRQHandler
                0x0000000008104a60                HSEM2_IRQHandler
                0x0000000008104a60                DMA2D_IRQHandler
                0x0000000008104a60                TIM1_BRK_IRQHandler
                0x0000000008104a60                EXTI1_IRQHandler
                0x0000000008104a60                SDMMC2_IRQHandler
                0x0000000008104a60                OTG_FS_EP1_OUT_IRQHandler
                0x0000000008104a60                BDMA_Channel3_IRQHandler
                0x0000000008104a60                HOLD_CORE_IRQHandler
                0x0000000008104a60                UART7_IRQHandler
                0x0000000008104a60                MDIOS_WKUP_IRQHandler
                0x0000000008104a60                DFSDM1_FLT0_IRQHandler
                0x0000000008104a60                SAI4_IRQHandler
                0x0000000008104a60                I2C2_ER_IRQHandler
                0x0000000008104a60                DMA2_Stream1_IRQHandler
                0x0000000008104a60                FLASH_IRQHandler
                0x0000000008104a60                DMA2_Stream4_IRQHandler
                0x0000000008104a60                OTG_FS_IRQHandler
                0x0000000008104a60                SPI3_IRQHandler
                0x0000000008104a60                WAKEUP_PIN_IRQHandler
                0x0000000008104a60                DMA1_Stream4_IRQHandler
                0x0000000008104a60                OTG_FS_EP1_IN_IRQHandler
                0x0000000008104a60                I2C1_ER_IRQHandler
                0x0000000008104a60                FMC_IRQHandler
                0x0000000008104a60                FDCAN_CAL_IRQHandler
                0x0000000008104a60                SWPMI1_IRQHandler
                0x0000000008104a60                COMP1_IRQHandler
                0x0000000008104a60                LPTIM1_IRQHandler
                0x0000000008104a60                I2C4_ER_IRQHandler
                0x0000000008104a60                DMA2_Stream6_IRQHandler
                0x0000000008104a60                SAI1_IRQHandler
                0x0000000008104a60                DMA1_Stream3_IRQHandler
 *fill*         0x0000000008104a62        0x2 
 .text.HAL_Init
                0x0000000008104a64       0xbc ./Drivers/STM32H7xx_HAL_Driver/stm32h7xx_hal.o
                0x0000000008104a64                HAL_Init
 .text.HAL_InitTick
                0x0000000008104b20       0x6c ./Drivers/STM32H7xx_HAL_Driver/stm32h7xx_hal.o
                0x0000000008104b20                HAL_InitTick
 .text.HAL_IncTick
                0x0000000008104b8c       0x28 ./Drivers/STM32H7xx_HAL_Driver/stm32h7xx_hal.o
                0x0000000008104b8c                HAL_IncTick
 .text.HAL_GetTick
                0x0000000008104bb4       0x18 ./Drivers/STM32H7xx_HAL_Driver/stm32h7xx_hal.o
                0x0000000008104bb4                HAL_GetTick
 .text.__NVIC_SetPriorityGrouping
                0x0000000008104bcc       0x48 ./Drivers/STM32H7xx_HAL_Driver/stm32h7xx_hal_cortex.o
 .text.__NVIC_GetPriorityGrouping
                0x0000000008104c14       0x1c ./Drivers/STM32H7xx_HAL_Driver/stm32h7xx_hal_cortex.o
 .text.__NVIC_EnableIRQ
                0x0000000008104c30       0x3c ./Drivers/STM32H7xx_HAL_Driver/stm32h7xx_hal_cortex.o
 .text.__NVIC_SetPriority
                0x0000000008104c6c       0x54 ./Drivers/STM32H7xx_HAL_Driver/stm32h7xx_hal_cortex.o
 .text.NVIC_EncodePriority
                0x0000000008104cc0       0x66 ./Drivers/STM32H7xx_HAL_Driver/stm32h7xx_hal_cortex.o
 *fill*         0x0000000008104d26        0x2 
 .text.SysTick_Config
                0x0000000008104d28       0x44 ./Drivers/STM32H7xx_HAL_Driver/stm32h7xx_hal_cortex.o
 .text.HAL_NVIC_SetPriorityGrouping
                0x0000000008104d6c       0x16 ./Drivers/STM32H7xx_HAL_Driver/stm32h7xx_hal_cortex.o
                0x0000000008104d6c                HAL_NVIC_SetPriorityGrouping
 .text.HAL_NVIC_SetPriority
                0x0000000008104d82       0x34 ./Drivers/STM32H7xx_HAL_Driver/stm32h7xx_hal_cortex.o
                0x0000000008104d82                HAL_NVIC_SetPriority
 .text.HAL_NVIC_EnableIRQ
                0x0000000008104db6       0x1c ./Drivers/STM32H7xx_HAL_Driver/stm32h7xx_hal_cortex.o
                0x0000000008104db6                HAL_NVIC_EnableIRQ
 .text.HAL_SYSTICK_Config
                0x0000000008104dd2       0x18 ./Drivers/STM32H7xx_HAL_Driver/stm32h7xx_hal_cortex.o
                0x0000000008104dd2                HAL_SYSTICK_Config
 *fill*         0x0000000008104dea        0x2 
 .text.HAL_GetCurrentCPUID
                0x0000000008104dec       0x28 ./Drivers/STM32H7xx_HAL_Driver/stm32h7xx_hal_cortex.o
                0x0000000008104dec                HAL_GetCurrentCPUID
 .text.HAL_DMA_Abort
                0x0000000008104e14      0x63c ./Drivers/STM32H7xx_HAL_Driver/stm32h7xx_hal_dma.o
                0x0000000008104e14                HAL_DMA_Abort
 .text.HAL_DMA_Abort_IT
                0x0000000008105450      0x488 ./Drivers/STM32H7xx_HAL_Driver/stm32h7xx_hal_dma.o
                0x0000000008105450                HAL_DMA_Abort_IT
 .text.HAL_GPIO_Init
                0x00000000081058d8      0x360 ./Drivers/STM32H7xx_HAL_Driver/stm32h7xx_hal_gpio.o
                0x00000000081058d8                HAL_GPIO_Init
 .text.HAL_HSEM_ActivateNotification
                0x0000000008105c38       0x24 ./Drivers/STM32H7xx_HAL_Driver/stm32h7xx_hal_hsem.o
                0x0000000008105c38                HAL_HSEM_ActivateNotification
 .text.HAL_PWREx_EnterSTOPMode
                0x0000000008105c5c       0xf4 ./Drivers/STM32H7xx_HAL_Driver/stm32h7xx_hal_pwr_ex.o
                0x0000000008105c5c                HAL_PWREx_EnterSTOPMode
 .text.HAL_PWREx_ClearPendingEvent
                0x0000000008105d50       0x1a ./Drivers/STM32H7xx_HAL_Driver/stm32h7xx_hal_pwr_ex.o
                0x0000000008105d50                HAL_PWREx_ClearPendingEvent
 *fill*         0x0000000008105d6a        0x2 
 .text.HAL_RCC_GetSysClockFreq
                0x0000000008105d6c      0x2f4 ./Drivers/STM32H7xx_HAL_Driver/stm32h7xx_hal_rcc.o
                0x0000000008105d6c                HAL_RCC_GetSysClockFreq
 .text.HAL_RCC_GetHCLKFreq
                0x0000000008106060       0x64 ./Drivers/STM32H7xx_HAL_Driver/stm32h7xx_hal_rcc.o
                0x0000000008106060                HAL_RCC_GetHCLKFreq
 .text.HAL_RCC_GetPCLK1Freq
                0x00000000081060c4       0x2c ./Drivers/STM32H7xx_HAL_Driver/stm32h7xx_hal_rcc.o
                0x00000000081060c4                HAL_RCC_GetPCLK1Freq
 .text.HAL_RCC_GetPCLK2Freq
                0x00000000081060f0       0x2c ./Drivers/STM32H7xx_HAL_Driver/stm32h7xx_hal_rcc.o
                0x00000000081060f0                HAL_RCC_GetPCLK2Freq
 .text.HAL_RCCEx_PeriphCLKConfig
                0x000000000810611c      0xe80 ./Drivers/STM32H7xx_HAL_Driver/stm32h7xx_hal_rcc_ex.o
                0x000000000810611c                HAL_RCCEx_PeriphCLKConfig
 .text.HAL_RCCEx_GetD3PCLK1Freq
                0x0000000008106f9c       0x2c ./Drivers/STM32H7xx_HAL_Driver/stm32h7xx_hal_rcc_ex.o
                0x0000000008106f9c                HAL_RCCEx_GetD3PCLK1Freq
 .text.HAL_RCCEx_GetPLL2ClockFreq
                0x0000000008106fc8      0x2a8 ./Drivers/STM32H7xx_HAL_Driver/stm32h7xx_hal_rcc_ex.o
                0x0000000008106fc8                HAL_RCCEx_GetPLL2ClockFreq
 .text.HAL_RCCEx_GetPLL3ClockFreq
                0x0000000008107270      0x2a8 ./Drivers/STM32H7xx_HAL_Driver/stm32h7xx_hal_rcc_ex.o
                0x0000000008107270                HAL_RCCEx_GetPLL3ClockFreq
 .text.RCCEx_PLL2_Config
                0x0000000008107518      0x164 ./Drivers/STM32H7xx_HAL_Driver/stm32h7xx_hal_rcc_ex.o
 .text.RCCEx_PLL3_Config
                0x000000000810767c      0x164 ./Drivers/STM32H7xx_HAL_Driver/stm32h7xx_hal_rcc_ex.o
 .text.HAL_UART_Init
                0x00000000081077e0       0xa0 ./Drivers/STM32H7xx_HAL_Driver/stm32h7xx_hal_uart.o
                0x00000000081077e0                HAL_UART_Init
 .text.HAL_UART_Transmit
                0x0000000008107880      0x12c ./Drivers/STM32H7xx_HAL_Driver/stm32h7xx_hal_uart.o
                0x0000000008107880                HAL_UART_Transmit
 .text.HAL_UART_Receive_IT
                0x00000000081079ac       0xac ./Drivers/STM32H7xx_HAL_Driver/stm32h7xx_hal_uart.o
                0x00000000081079ac                HAL_UART_Receive_IT
 .text.HAL_UART_IRQHandler
                0x0000000008107a58      0x73c ./Drivers/STM32H7xx_HAL_Driver/stm32h7xx_hal_uart.o
                0x0000000008107a58                HAL_UART_IRQHandler
 .text.HAL_UART_TxCpltCallback
                0x0000000008108194       0x14 ./Drivers/STM32H7xx_HAL_Driver/stm32h7xx_hal_uart.o
                0x0000000008108194                HAL_UART_TxCpltCallback
 .text.HAL_UART_RxCpltCallback
                0x00000000081081a8       0x14 ./Drivers/STM32H7xx_HAL_Driver/stm32h7xx_hal_uart.o
                0x00000000081081a8                HAL_UART_RxCpltCallback
 .text.HAL_UART_ErrorCallback
                0x00000000081081bc       0x14 ./Drivers/STM32H7xx_HAL_Driver/stm32h7xx_hal_uart.o
                0x00000000081081bc                HAL_UART_ErrorCallback
 .text.HAL_UARTEx_RxEventCallback
                0x00000000081081d0       0x18 ./Drivers/STM32H7xx_HAL_Driver/stm32h7xx_hal_uart.o
                0x00000000081081d0                HAL_UARTEx_RxEventCallback
 .text.UART_SetConfig
                0x00000000081081e8      0xac0 ./Drivers/STM32H7xx_HAL_Driver/stm32h7xx_hal_uart.o
                0x00000000081081e8                UART_SetConfig
 .text.UART_AdvFeatureConfig
                0x0000000008108ca8      0x144 ./Drivers/STM32H7xx_HAL_Driver/stm32h7xx_hal_uart.o
                0x0000000008108ca8                UART_AdvFeatureConfig
 .text.UART_CheckIdleState
                0x0000000008108dec       0x96 ./Drivers/STM32H7xx_HAL_Driver/stm32h7xx_hal_uart.o
                0x0000000008108dec                UART_CheckIdleState
 .text.UART_WaitOnFlagUntilTimeout
                0x0000000008108e82      0x190 ./Drivers/STM32H7xx_HAL_Driver/stm32h7xx_hal_uart.o
                0x0000000008108e82                UART_WaitOnFlagUntilTimeout
 *fill*         0x0000000008109012        0x2 
 .text.UART_Start_Receive_IT
                0x0000000008109014      0x254 ./Drivers/STM32H7xx_HAL_Driver/stm32h7xx_hal_uart.o
                0x0000000008109014                UART_Start_Receive_IT
 .text.UART_EndRxTransfer
                0x0000000008109268       0xcc ./Drivers/STM32H7xx_HAL_Driver/stm32h7xx_hal_uart.o
 .text.UART_DMAAbortOnError
                0x0000000008109334       0x2c ./Drivers/STM32H7xx_HAL_Driver/stm32h7xx_hal_uart.o
 .text.UART_EndTransmit_IT
                0x0000000008109360       0x56 ./Drivers/STM32H7xx_HAL_Driver/stm32h7xx_hal_uart.o
 .text.UART_RxISR_8BIT
                0x00000000081093b6      0x160 ./Drivers/STM32H7xx_HAL_Driver/stm32h7xx_hal_uart.o
 .text.UART_RxISR_16BIT
                0x0000000008109516      0x160 ./Drivers/STM32H7xx_HAL_Driver/stm32h7xx_hal_uart.o
 *fill*         0x0000000008109676        0x2 
 .text.UART_RxISR_8BIT_FIFOEN
                0x0000000008109678      0x2f8 ./Drivers/STM32H7xx_HAL_Driver/stm32h7xx_hal_uart.o
 .text.UART_RxISR_16BIT_FIFOEN
                0x0000000008109970      0x300 ./Drivers/STM32H7xx_HAL_Driver/stm32h7xx_hal_uart.o
 .text.HAL_UARTEx_WakeupCallback
                0x0000000008109c70       0x14 ./Drivers/STM32H7xx_HAL_Driver/stm32h7xx_hal_uart_ex.o
                0x0000000008109c70                HAL_UARTEx_WakeupCallback
 .text.HAL_UARTEx_RxFifoFullCallback
                0x0000000008109c84       0x14 ./Drivers/STM32H7xx_HAL_Driver/stm32h7xx_hal_uart_ex.o
                0x0000000008109c84                HAL_UARTEx_RxFifoFullCallback
 .text.HAL_UARTEx_TxFifoEmptyCallback
                0x0000000008109c98       0x14 ./Drivers/STM32H7xx_HAL_Driver/stm32h7xx_hal_uart_ex.o
                0x0000000008109c98                HAL_UARTEx_TxFifoEmptyCallback
 .text.HAL_UARTEx_DisableFifoMode
                0x0000000008109cac       0x72 ./Drivers/STM32H7xx_HAL_Driver/stm32h7xx_hal_uart_ex.o
                0x0000000008109cac                HAL_UARTEx_DisableFifoMode
 .text.HAL_UARTEx_SetTxFifoThreshold
                0x0000000008109d1e       0x7c ./Drivers/STM32H7xx_HAL_Driver/stm32h7xx_hal_uart_ex.o
                0x0000000008109d1e                HAL_UARTEx_SetTxFifoThreshold
 .text.HAL_UARTEx_SetRxFifoThreshold
                0x0000000008109d9a       0x7c ./Drivers/STM32H7xx_HAL_Driver/stm32h7xx_hal_uart_ex.o
                0x0000000008109d9a                HAL_UARTEx_SetRxFifoThreshold
 *fill*         0x0000000008109e16        0x2 
 .text.UARTEx_SetNbDataToProcess
                0x0000000008109e18       0x9c ./Drivers/STM32H7xx_HAL_Driver/stm32h7xx_hal_uart_ex.o
 .text.__NVIC_SetPriority
                0x0000000008109eb4       0x54 ./Middlewares/Third_Party/FreeRTOS/cmsis_os2.o
 .text.SVC_Setup
                0x0000000008109f08       0x12 ./Middlewares/Third_Party/FreeRTOS/cmsis_os2.o
 *fill*         0x0000000008109f1a        0x2 
 .text.osKernelInitialize
                0x0000000008109f1c       0x48 ./Middlewares/Third_Party/FreeRTOS/cmsis_os2.o
                0x0000000008109f1c                osKernelInitialize
 .text.osKernelStart
                0x0000000008109f64       0x4c ./Middlewares/Third_Party/FreeRTOS/cmsis_os2.o
                0x0000000008109f64                osKernelStart
 .text.osThreadNew
                0x0000000008109fb0      0x124 ./Middlewares/Third_Party/FreeRTOS/cmsis_os2.o
                0x0000000008109fb0                osThreadNew
 .text.osDelay  0x000000000810a0d4       0x36 ./Middlewares/Third_Party/FreeRTOS/cmsis_os2.o
                0x000000000810a0d4                osDelay
 .text.osMessageQueueNew
                0x000000000810a10a       0xe6 ./Middlewares/Third_Party/FreeRTOS/cmsis_os2.o
                0x000000000810a10a                osMessageQueueNew
 .text.vApplicationGetIdleTaskMemory
                0x000000000810a1f0       0x34 ./Middlewares/Third_Party/FreeRTOS/cmsis_os2.o
                0x000000000810a1f0                vApplicationGetIdleTaskMemory
 .text.vApplicationGetTimerTaskMemory
                0x000000000810a224       0x34 ./Middlewares/Third_Party/FreeRTOS/cmsis_os2.o
                0x000000000810a224                vApplicationGetTimerTaskMemory
 .text.pvPortMalloc
                0x000000000810a258      0x198 ./Middlewares/Third_Party/FreeRTOS/heap_4.o
                0x000000000810a258                pvPortMalloc
 .text.vPortFree
                0x000000000810a3f0       0xc4 ./Middlewares/Third_Party/FreeRTOS/heap_4.o
                0x000000000810a3f0                vPortFree
 .text.prvHeapInit
                0x000000000810a4b4       0xc4 ./Middlewares/Third_Party/FreeRTOS/heap_4.o
 .text.prvInsertBlockIntoFreeList
                0x000000000810a578       0xb4 ./Middlewares/Third_Party/FreeRTOS/heap_4.o
 .text.vListInitialise
                0x000000000810a62c       0x40 ./Middlewares/Third_Party/FreeRTOS/list.o
                0x000000000810a62c                vListInitialise
 .text.vListInitialiseItem
                0x000000000810a66c       0x1a ./Middlewares/Third_Party/FreeRTOS/list.o
                0x000000000810a66c                vListInitialiseItem
 .text.vListInsertEnd
                0x000000000810a686       0x48 ./Middlewares/Third_Party/FreeRTOS/list.o
                0x000000000810a686                vListInsertEnd
 .text.vListInsert
                0x000000000810a6ce       0x72 ./Middlewares/Third_Party/FreeRTOS/list.o
                0x000000000810a6ce                vListInsert
 .text.uxListRemove
                0x000000000810a740       0x54 ./Middlewares/Third_Party/FreeRTOS/list.o
                0x000000000810a740                uxListRemove
 .text.pxPortInitialiseStack
                0x000000000810a794       0x68 ./Middlewares/Third_Party/FreeRTOS/port.o
                0x000000000810a794                pxPortInitialiseStack
 .text.prvTaskExitError
                0x000000000810a7fc       0x58 ./Middlewares/Third_Party/FreeRTOS/port.o
 *fill*         0x000000000810a854        0xc 
 .text.SVC_Handler
                0x000000000810a860       0x28 ./Middlewares/Third_Party/FreeRTOS/port.o
                0x000000000810a860                SVC_Handler
 .text.prvPortStartFirstTask
                0x000000000810a888       0x28 ./Middlewares/Third_Party/FreeRTOS/port.o
 .text.xPortStartScheduler
                0x000000000810a8b0      0x144 ./Middlewares/Third_Party/FreeRTOS/port.o
                0x000000000810a8b0                xPortStartScheduler
 .text.vPortEnterCritical
                0x000000000810a9f4       0x60 ./Middlewares/Third_Party/FreeRTOS/port.o
                0x000000000810a9f4                vPortEnterCritical
 .text.vPortExitCritical
                0x000000000810aa54       0x54 ./Middlewares/Third_Party/FreeRTOS/port.o
                0x000000000810aa54                vPortExitCritical
 *fill*         0x000000000810aaa8        0x8 
 .text.PendSV_Handler
                0x000000000810aab0       0x68 ./Middlewares/Third_Party/FreeRTOS/port.o
                0x000000000810aab0                PendSV_Handler
 .text.xPortSysTickHandler
                0x000000000810ab18       0x44 ./Middlewares/Third_Party/FreeRTOS/port.o
                0x000000000810ab18                xPortSysTickHandler
 .text.vPortSetupTimerInterrupt
                0x000000000810ab5c       0x48 ./Middlewares/Third_Party/FreeRTOS/port.o
                0x000000000810ab5c                vPortSetupTimerInterrupt
 .text.vPortEnableVFP
                0x000000000810aba4       0x14 ./Middlewares/Third_Party/FreeRTOS/port.o
 .text.vPortValidateInterruptPriority
                0x000000000810abb8       0x80 ./Middlewares/Third_Party/FreeRTOS/port.o
                0x000000000810abb8                vPortValidateInterruptPriority
 .text.xQueueGenericReset
                0x000000000810ac38       0xd0 ./Middlewares/Third_Party/FreeRTOS/queue.o
                0x000000000810ac38                xQueueGenericReset
 .text.xQueueGenericCreateStatic
                0x000000000810ad08       0xf0 ./Middlewares/Third_Party/FreeRTOS/queue.o
                0x000000000810ad08                xQueueGenericCreateStatic
 .text.xQueueGenericCreate
                0x000000000810adf8       0x74 ./Middlewares/Third_Party/FreeRTOS/queue.o
                0x000000000810adf8                xQueueGenericCreate
 .text.prvInitialiseNewQueue
                0x000000000810ae6c       0x46 ./Middlewares/Third_Party/FreeRTOS/queue.o
 *fill*         0x000000000810aeb2        0x2 
 .text.xQueueGenericSend
                0x000000000810aeb4      0x1fc ./Middlewares/Third_Party/FreeRTOS/queue.o
                0x000000000810aeb4                xQueueGenericSend
 .text.xQueueGenericSendFromISR
                0x000000000810b0b0      0x136 ./Middlewares/Third_Party/FreeRTOS/queue.o
                0x000000000810b0b0                xQueueGenericSendFromISR
 *fill*         0x000000000810b1e6        0x2 
 .text.xQueueReceive
                0x000000000810b1e8      0x1c0 ./Middlewares/Third_Party/FreeRTOS/queue.o
                0x000000000810b1e8                xQueueReceive
 .text.prvCopyDataToQueue
                0x000000000810b3a8       0xd4 ./Middlewares/Third_Party/FreeRTOS/queue.o
 .text.prvCopyDataFromQueue
                0x000000000810b47c       0x4c ./Middlewares/Third_Party/FreeRTOS/queue.o
 .text.prvUnlockQueue
                0x000000000810b4c8       0xa4 ./Middlewares/Third_Party/FreeRTOS/queue.o
 .text.prvIsQueueEmpty
                0x000000000810b56c       0x2c ./Middlewares/Third_Party/FreeRTOS/queue.o
 .text.prvIsQueueFull
                0x000000000810b598       0x30 ./Middlewares/Third_Party/FreeRTOS/queue.o
 .text.vQueueAddToRegistry
                0x000000000810b5c8       0x54 ./Middlewares/Third_Party/FreeRTOS/queue.o
                0x000000000810b5c8                vQueueAddToRegistry
 .text.vQueueWaitForMessageRestricted
                0x000000000810b61c       0x68 ./Middlewares/Third_Party/FreeRTOS/queue.o
                0x000000000810b61c                vQueueWaitForMessageRestricted
 .text.xTaskCreateStatic
                0x000000000810b684       0xba ./Middlewares/Third_Party/FreeRTOS/tasks.o
                0x000000000810b684                xTaskCreateStatic
 .text.xTaskCreate
                0x000000000810b73e       0x8a ./Middlewares/Third_Party/FreeRTOS/tasks.o
                0x000000000810b73e                xTaskCreate
 .text.prvInitialiseNewTask
                0x000000000810b7c8      0x14c ./Middlewares/Third_Party/FreeRTOS/tasks.o
 .text.prvAddNewTaskToReadyList
                0x000000000810b914       0xe0 ./Middlewares/Third_Party/FreeRTOS/tasks.o
 .text.vTaskDelay
                0x000000000810b9f4       0x68 ./Middlewares/Third_Party/FreeRTOS/tasks.o
                0x000000000810b9f4                vTaskDelay
 .text.vTaskStartScheduler
                0x000000000810ba5c       0xe0 ./Middlewares/Third_Party/FreeRTOS/tasks.o
                0x000000000810ba5c                vTaskStartScheduler
 .text.vTaskSuspendAll
                0x000000000810bb3c       0x1c ./Middlewares/Third_Party/FreeRTOS/tasks.o
                0x000000000810bb3c                vTaskSuspendAll
 .text.xTaskResumeAll
                0x000000000810bb58      0x13c ./Middlewares/Third_Party/FreeRTOS/tasks.o
                0x000000000810bb58                xTaskResumeAll
 .text.xTaskGetTickCount
                0x000000000810bc94       0x20 ./Middlewares/Third_Party/FreeRTOS/tasks.o
                0x000000000810bc94                xTaskGetTickCount
 .text.xTaskIncrementTick
                0x000000000810bcb4      0x174 ./Middlewares/Third_Party/FreeRTOS/tasks.o
                0x000000000810bcb4                xTaskIncrementTick
 .text.vTaskSwitchContext
                0x000000000810be28       0xc8 ./Middlewares/Third_Party/FreeRTOS/tasks.o
                0x000000000810be28                vTaskSwitchContext
 .text.vTaskPlaceOnEventList
                0x000000000810bef0       0x48 ./Middlewares/Third_Party/FreeRTOS/tasks.o
                0x000000000810bef0                vTaskPlaceOnEventList
 .text.vTaskPlaceOnEventListRestricted
                0x000000000810bf38       0x58 ./Middlewares/Third_Party/FreeRTOS/tasks.o
                0x000000000810bf38                vTaskPlaceOnEventListRestricted
 .text.xTaskRemoveFromEventList
                0x000000000810bf90       0xc8 ./Middlewares/Third_Party/FreeRTOS/tasks.o
                0x000000000810bf90                xTaskRemoveFromEventList
 .text.vTaskInternalSetTimeOutState
                0x000000000810c058       0x2c ./Middlewares/Third_Party/FreeRTOS/tasks.o
                0x000000000810c058                vTaskInternalSetTimeOutState
 .text.xTaskCheckForTimeOut
                0x000000000810c084       0xc4 ./Middlewares/Third_Party/FreeRTOS/tasks.o
                0x000000000810c084                xTaskCheckForTimeOut
 .text.vTaskMissedYield
                0x000000000810c148       0x18 ./Middlewares/Third_Party/FreeRTOS/tasks.o
                0x000000000810c148                vTaskMissedYield
 .text.prvIdleTask
                0x000000000810c160       0x30 ./Middlewares/Third_Party/FreeRTOS/tasks.o
 .text.prvInitialiseTaskLists
                0x000000000810c190       0x80 ./Middlewares/Third_Party/FreeRTOS/tasks.o
 .text.prvCheckTasksWaitingTermination
                0x000000000810c210       0x5c ./Middlewares/Third_Party/FreeRTOS/tasks.o
 .text.prvDeleteTCB
                0x000000000810c26c       0x68 ./Middlewares/Third_Party/FreeRTOS/tasks.o
 .text.prvResetNextTaskUnblockTime
                0x000000000810c2d4       0x40 ./Middlewares/Third_Party/FreeRTOS/tasks.o
 .text.xTaskGetSchedulerState
                0x000000000810c314       0x3c ./Middlewares/Third_Party/FreeRTOS/tasks.o
                0x000000000810c314                xTaskGetSchedulerState
 .text.xTaskPriorityDisinherit
                0x000000000810c350       0xdc ./Middlewares/Third_Party/FreeRTOS/tasks.o
                0x000000000810c350                xTaskPriorityDisinherit
 .text.prvAddCurrentTaskToDelayedList
                0x000000000810c42c       0xa8 ./Middlewares/Third_Party/FreeRTOS/tasks.o
 .text.xTimerCreateTimerTask
                0x000000000810c4d4       0x90 ./Middlewares/Third_Party/FreeRTOS/timers.o
                0x000000000810c4d4                xTimerCreateTimerTask
 .text.xTimerGenericCommand
                0x000000000810c564       0x9c ./Middlewares/Third_Party/FreeRTOS/timers.o
                0x000000000810c564                xTimerGenericCommand
 .text.prvProcessExpiredTimer
                0x000000000810c600       0x98 ./Middlewares/Third_Party/FreeRTOS/timers.o
 .text.prvTimerTask
                0x000000000810c698       0x24 ./Middlewares/Third_Party/FreeRTOS/timers.o
 .text.prvProcessTimerOrBlockTask
                0x000000000810c6bc       0x9c ./Middlewares/Third_Party/FreeRTOS/timers.o
 .text.prvGetNextExpireTime
                0x000000000810c758       0x48 ./Middlewares/Third_Party/FreeRTOS/timers.o
 .text.prvSampleTimeNow
                0x000000000810c7a0       0x40 ./Middlewares/Third_Party/FreeRTOS/timers.o
 .text.prvInsertTimerInActiveList
                0x000000000810c7e0       0x84 ./Middlewares/Third_Party/FreeRTOS/timers.o
 .text.prvProcessReceivedCommands
                0x000000000810c864      0x1c4 ./Middlewares/Third_Party/FreeRTOS/timers.o
 .text.prvSwitchTimerLists
                0x000000000810ca28       0xc8 ./Middlewares/Third_Party/FreeRTOS/timers.o
 .text.prvCheckForValidListAndQueue
                0x000000000810caf0       0x80 ./Middlewares/Third_Party/FreeRTOS/timers.o
 .text.__libc_init_array
                0x000000000810cb70       0x48 c:/st/stm32cubeide_1.6.0/stm32cubeide/plugins/com.st.stm32cube.ide.mcu.externaltools.gnu-tools-for-stm32.9-2020-q2-update.win32_2.0.0.202105311346/tools/bin/../lib/gcc/arm-none-eabi/9.3.1/../../../../arm-none-eabi/lib/thumb/v7e-m+fp/hard\libc_nano.a(lib_a-init.o)
                0x000000000810cb70                __libc_init_array
 .text.__retarget_lock_acquire_recursive
                0x000000000810cbb8        0x2 c:/st/stm32cubeide_1.6.0/stm32cubeide/plugins/com.st.stm32cube.ide.mcu.externaltools.gnu-tools-for-stm32.9-2020-q2-update.win32_2.0.0.202105311346/tools/bin/../lib/gcc/arm-none-eabi/9.3.1/../../../../arm-none-eabi/lib/thumb/v7e-m+fp/hard\libc_nano.a(lib_a-lock.o)
                0x000000000810cbb8                __retarget_lock_acquire_recursive
 .text.__retarget_lock_release_recursive
                0x000000000810cbba        0x2 c:/st/stm32cubeide_1.6.0/stm32cubeide/plugins/com.st.stm32cube.ide.mcu.externaltools.gnu-tools-for-stm32.9-2020-q2-update.win32_2.0.0.202105311346/tools/bin/../lib/gcc/arm-none-eabi/9.3.1/../../../../arm-none-eabi/lib/thumb/v7e-m+fp/hard\libc_nano.a(lib_a-lock.o)
                0x000000000810cbba                __retarget_lock_release_recursive
 .text.memcpy   0x000000000810cbbc       0x1c c:/st/stm32cubeide_1.6.0/stm32cubeide/plugins/com.st.stm32cube.ide.mcu.externaltools.gnu-tools-for-stm32.9-2020-q2-update.win32_2.0.0.202105311346/tools/bin/../lib/gcc/arm-none-eabi/9.3.1/../../../../arm-none-eabi/lib/thumb/v7e-m+fp/hard\libc_nano.a(lib_a-memcpy-stub.o)
                0x000000000810cbbc                memcpy
 .text.memmove  0x000000000810cbd8       0x34 c:/st/stm32cubeide_1.6.0/stm32cubeide/plugins/com.st.stm32cube.ide.mcu.externaltools.gnu-tools-for-stm32.9-2020-q2-update.win32_2.0.0.202105311346/tools/bin/../lib/gcc/arm-none-eabi/9.3.1/../../../../arm-none-eabi/lib/thumb/v7e-m+fp/hard\libc_nano.a(lib_a-memmove.o)
                0x000000000810cbd8                memmove
 .text.memset   0x000000000810cc0c       0x10 c:/st/stm32cubeide_1.6.0/stm32cubeide/plugins/com.st.stm32cube.ide.mcu.externaltools.gnu-tools-for-stm32.9-2020-q2-update.win32_2.0.0.202105311346/tools/bin/../lib/gcc/arm-none-eabi/9.3.1/../../../../arm-none-eabi/lib/thumb/v7e-m+fp/hard\libc_nano.a(lib_a-memset.o)
                0x000000000810cc0c                memset
 .text._free_r  0x000000000810cc1c       0xa0 c:/st/stm32cubeide_1.6.0/stm32cubeide/plugins/com.st.stm32cube.ide.mcu.externaltools.gnu-tools-for-stm32.9-2020-q2-update.win32_2.0.0.202105311346/tools/bin/../lib/gcc/arm-none-eabi/9.3.1/../../../../arm-none-eabi/lib/thumb/v7e-m+fp/hard\libc_nano.a(lib_a-nano-freer.o)
                0x000000000810cc1c                _free_r
 .text.cleanup_glue
                0x000000000810ccbc       0x1a c:/st/stm32cubeide_1.6.0/stm32cubeide/plugins/com.st.stm32cube.ide.mcu.externaltools.gnu-tools-for-stm32.9-2020-q2-update.win32_2.0.0.202105311346/tools/bin/../lib/gcc/arm-none-eabi/9.3.1/../../../../arm-none-eabi/lib/thumb/v7e-m+fp/hard\libc_nano.a(lib_a-reent.o)
                0x000000000810ccbc                cleanup_glue
 *fill*         0x000000000810ccd6        0x2 
 .text._reclaim_reent
                0x000000000810ccd8       0xb8 c:/st/stm32cubeide_1.6.0/stm32cubeide/plugins/com.st.stm32cube.ide.mcu.externaltools.gnu-tools-for-stm32.9-2020-q2-update.win32_2.0.0.202105311346/tools/bin/../lib/gcc/arm-none-eabi/9.3.1/../../../../arm-none-eabi/lib/thumb/v7e-m+fp/hard\libc_nano.a(lib_a-reent.o)
                0x000000000810ccd8                _reclaim_reent
 .text.__malloc_lock
                0x000000000810cd90        0xc c:/st/stm32cubeide_1.6.0/stm32cubeide/plugins/com.st.stm32cube.ide.mcu.externaltools.gnu-tools-for-stm32.9-2020-q2-update.win32_2.0.0.202105311346/tools/bin/../lib/gcc/arm-none-eabi/9.3.1/../../../../arm-none-eabi/lib/thumb/v7e-m+fp/hard\libc_nano.a(lib_a-mlock.o)
                0x000000000810cd90                __malloc_lock
 .text.__malloc_unlock
                0x000000000810cd9c        0xc c:/st/stm32cubeide_1.6.0/stm32cubeide/plugins/com.st.stm32cube.ide.mcu.externaltools.gnu-tools-for-stm32.9-2020-q2-update.win32_2.0.0.202105311346/tools/bin/../lib/gcc/arm-none-eabi/9.3.1/../../../../arm-none-eabi/lib/thumb/v7e-m+fp/hard\libc_nano.a(lib_a-mlock.o)
                0x000000000810cd9c                __malloc_unlock
 *(.glue_7)
 .glue_7        0x000000000810cda8        0x0 linker stubs
 *(.glue_7t)
 .glue_7t       0x000000000810cda8        0x0 linker stubs
 *(.eh_frame)
 .eh_frame      0x000000000810cda8        0x0 c:/st/stm32cubeide_1.6.0/stm32cubeide/plugins/com.st.stm32cube.ide.mcu.externaltools.gnu-tools-for-stm32.9-2020-q2-update.win32_2.0.0.202105311346/tools/bin/../lib/gcc/arm-none-eabi/9.3.1/thumb/v7e-m+fp/hard/crtbegin.o
 *(.init)
 .init          0x000000000810cda8        0x4 c:/st/stm32cubeide_1.6.0/stm32cubeide/plugins/com.st.stm32cube.ide.mcu.externaltools.gnu-tools-for-stm32.9-2020-q2-update.win32_2.0.0.202105311346/tools/bin/../lib/gcc/arm-none-eabi/9.3.1/thumb/v7e-m+fp/hard/crti.o
                0x000000000810cda8                _init
 .init          0x000000000810cdac        0x8 c:/st/stm32cubeide_1.6.0/stm32cubeide/plugins/com.st.stm32cube.ide.mcu.externaltools.gnu-tools-for-stm32.9-2020-q2-update.win32_2.0.0.202105311346/tools/bin/../lib/gcc/arm-none-eabi/9.3.1/thumb/v7e-m+fp/hard/crtn.o
 *(.fini)
 .fini          0x000000000810cdb4        0x4 c:/st/stm32cubeide_1.6.0/stm32cubeide/plugins/com.st.stm32cube.ide.mcu.externaltools.gnu-tools-for-stm32.9-2020-q2-update.win32_2.0.0.202105311346/tools/bin/../lib/gcc/arm-none-eabi/9.3.1/thumb/v7e-m+fp/hard/crti.o
                0x000000000810cdb4                _fini
 .fini          0x000000000810cdb8        0x8 c:/st/stm32cubeide_1.6.0/stm32cubeide/plugins/com.st.stm32cube.ide.mcu.externaltools.gnu-tools-for-stm32.9-2020-q2-update.win32_2.0.0.202105311346/tools/bin/../lib/gcc/arm-none-eabi/9.3.1/thumb/v7e-m+fp/hard/crtn.o
                0x000000000810cdc0                . = ALIGN (0x4)
                0x000000000810cdc0                _etext = .

.vfp11_veneer   0x000000000810cdc0        0x0
 .vfp11_veneer  0x000000000810cdc0        0x0 linker stubs

.v4_bx          0x000000000810cdc0        0x0
 .v4_bx         0x000000000810cdc0        0x0 linker stubs

.iplt           0x000000000810cdc0        0x0
 .iplt          0x000000000810cdc0        0x0 c:/st/stm32cubeide_1.6.0/stm32cubeide/plugins/com.st.stm32cube.ide.mcu.externaltools.gnu-tools-for-stm32.9-2020-q2-update.win32_2.0.0.202105311346/tools/bin/../lib/gcc/arm-none-eabi/9.3.1/thumb/v7e-m+fp/hard/crtbegin.o

.rodata         0x000000000810cdc0      0x270
                0x000000000810cdc0                . = ALIGN (0x4)
 *(.rodata)
 .rodata        0x000000000810cdc0      0x15e ./Core/Src/freertos.o
 *fill*         0x000000000810cf1e        0x2 
 .rodata        0x000000000810cf20        0x5 ./Middlewares/Third_Party/FreeRTOS/tasks.o
 *fill*         0x000000000810cf25        0x3 
 .rodata        0x000000000810cf28        0xd ./Middlewares/Third_Party/FreeRTOS/timers.o
 *(.rodata*)
 *fill*         0x000000000810cf35        0x3 
 .rodata.D1CorePrescTable
                0x000000000810cf38       0x10 ./Common/Src/system_stm32h7xx_dualcore_boot_cm4_cm7.o
                0x000000000810cf38                D1CorePrescTable
 .rodata.defaultTask_attributes
                0x000000000810cf48       0x24 ./Core/Src/freertos.o
                0x000000000810cf48                defaultTask_attributes
 .rodata.interpreter_attributes
                0x000000000810cf6c       0x24 ./Core/Src/freertos.o
                0x000000000810cf6c                interpreter_attributes
 .rodata.queueBASIC_attributes
                0x000000000810cf90       0x18 ./Core/Src/freertos.o
                0x000000000810cf90                queueBASIC_attributes
 .rodata.UARTPrescTable
                0x000000000810cfa8       0x18 ./Drivers/STM32H7xx_HAL_Driver/stm32h7xx_hal_uart.o
                0x000000000810cfa8                UARTPrescTable
 .rodata.numerator.10453
                0x000000000810cfc0        0x8 ./Drivers/STM32H7xx_HAL_Driver/stm32h7xx_hal_uart_ex.o
 .rodata.denominator.10454
                0x000000000810cfc8        0x8 ./Drivers/STM32H7xx_HAL_Driver/stm32h7xx_hal_uart_ex.o
 .rodata.__sf_fake_stderr
                0x000000000810cfd0       0x20 c:/st/stm32cubeide_1.6.0/stm32cubeide/plugins/com.st.stm32cube.ide.mcu.externaltools.gnu-tools-for-stm32.9-2020-q2-update.win32_2.0.0.202105311346/tools/bin/../lib/gcc/arm-none-eabi/9.3.1/../../../../arm-none-eabi/lib/thumb/v7e-m+fp/hard\libc_nano.a(lib_a-findfp.o)
                0x000000000810cfd0                __sf_fake_stderr
 .rodata.__sf_fake_stdin
                0x000000000810cff0       0x20 c:/st/stm32cubeide_1.6.0/stm32cubeide/plugins/com.st.stm32cube.ide.mcu.externaltools.gnu-tools-for-stm32.9-2020-q2-update.win32_2.0.0.202105311346/tools/bin/../lib/gcc/arm-none-eabi/9.3.1/../../../../arm-none-eabi/lib/thumb/v7e-m+fp/hard\libc_nano.a(lib_a-findfp.o)
                0x000000000810cff0                __sf_fake_stdin
 .rodata.__sf_fake_stdout
                0x000000000810d010       0x20 c:/st/stm32cubeide_1.6.0/stm32cubeide/plugins/com.st.stm32cube.ide.mcu.externaltools.gnu-tools-for-stm32.9-2020-q2-update.win32_2.0.0.202105311346/tools/bin/../lib/gcc/arm-none-eabi/9.3.1/../../../../arm-none-eabi/lib/thumb/v7e-m+fp/hard\libc_nano.a(lib_a-findfp.o)
                0x000000000810d010                __sf_fake_stdout
                0x000000000810d030                . = ALIGN (0x4)

.ARM.extab
 *(.ARM.extab* .gnu.linkonce.armextab.*)

.ARM            0x000000000810d030        0x8
                0x000000000810d030                __exidx_start = .
 *(.ARM.exidx*)
 .ARM.exidx     0x000000000810d030        0x8 c:/st/stm32cubeide_1.6.0/stm32cubeide/plugins/com.st.stm32cube.ide.mcu.externaltools.gnu-tools-for-stm32.9-2020-q2-update.win32_2.0.0.202105311346/tools/bin/../lib/gcc/arm-none-eabi/9.3.1/thumb/v7e-m+fp/hard\libgcc.a(_udivmoddi4.o)
                0x000000000810d038                __exidx_end = .

.rel.dyn        0x000000000810d038        0x0
 .rel.iplt      0x000000000810d038        0x0 c:/st/stm32cubeide_1.6.0/stm32cubeide/plugins/com.st.stm32cube.ide.mcu.externaltools.gnu-tools-for-stm32.9-2020-q2-update.win32_2.0.0.202105311346/tools/bin/../lib/gcc/arm-none-eabi/9.3.1/thumb/v7e-m+fp/hard/crtbegin.o

.preinit_array  0x000000000810d038        0x0
                0x000000000810d038                PROVIDE (__preinit_array_start = .)
 *(.preinit_array*)
                0x000000000810d038                PROVIDE (__preinit_array_end = .)

.init_array     0x000000000810d038        0x4
                0x000000000810d038                PROVIDE (__init_array_start = .)
 *(SORT_BY_NAME(.init_array.*))
 *(.init_array*)
 .init_array    0x000000000810d038        0x4 c:/st/stm32cubeide_1.6.0/stm32cubeide/plugins/com.st.stm32cube.ide.mcu.externaltools.gnu-tools-for-stm32.9-2020-q2-update.win32_2.0.0.202105311346/tools/bin/../lib/gcc/arm-none-eabi/9.3.1/thumb/v7e-m+fp/hard/crtbegin.o
                0x000000000810d03c                PROVIDE (__init_array_end = .)

.fini_array     0x000000000810d03c        0x4
                [!provide]                        PROVIDE (__fini_array_start = .)
 *(SORT_BY_NAME(.fini_array.*))
 *(.fini_array*)
 .fini_array    0x000000000810d03c        0x4 c:/st/stm32cubeide_1.6.0/stm32cubeide/plugins/com.st.stm32cube.ide.mcu.externaltools.gnu-tools-for-stm32.9-2020-q2-update.win32_2.0.0.202105311346/tools/bin/../lib/gcc/arm-none-eabi/9.3.1/thumb/v7e-m+fp/hard/crtbegin.o
                [!provide]                        PROVIDE (__fini_array_end = .)
                0x000000000810d040                _sidata = LOADADDR (.data)

.data           0x0000000010000000       0xc0 load address 0x000000000810d040
                0x0000000010000000                . = ALIGN (0x4)
                0x0000000010000000                _sdata = .
 *(.data)
 *(.data*)
 .data.nextLineNum
                0x0000000010000000        0x2 ./Common/Src/Interpreter/exectoks.o
                0x0000000010000000                nextLineNum
 *fill*         0x0000000010000002        0x2 
 .data.executors
                0x0000000010000004       0x38 ./Common/Src/Interpreter/exectoks.o
                0x0000000010000004                executors
 .data.SystemCoreClock
                0x000000001000003c        0x4 ./Common/Src/system_stm32h7xx_dualcore_boot_cm4_cm7.o
                0x000000001000003c                SystemCoreClock
 .data.SystemD2Clock
                0x0000000010000040        0x4 ./Common/Src/system_stm32h7xx_dualcore_boot_cm4_cm7.o
                0x0000000010000040                SystemD2Clock
 .data.extraCmdArgCnt
                0x0000000010000044        0x4 ./Core/Src/freertos.o
                0x0000000010000044                extraCmdArgCnt
 .data.extraFuncArgCnt
                0x0000000010000048        0x5 ./Core/Src/freertos.o
                0x0000000010000048                extraFuncArgCnt
 *fill*         0x000000001000004d        0x3 
 .data.uwTickPrio
                0x0000000010000050        0x4 ./Drivers/STM32H7xx_HAL_Driver/stm32h7xx_hal.o
                0x0000000010000050                uwTickPrio
 .data.uwTickFreq
                0x0000000010000054        0x1 ./Drivers/STM32H7xx_HAL_Driver/stm32h7xx_hal.o
                0x0000000010000054                uwTickFreq
 *fill*         0x0000000010000055        0x3 
 .data.uxCriticalNesting
                0x0000000010000058        0x4 ./Middlewares/Third_Party/FreeRTOS/port.o
 .data._impure_ptr
                0x000000001000005c        0x4 c:/st/stm32cubeide_1.6.0/stm32cubeide/plugins/com.st.stm32cube.ide.mcu.externaltools.gnu-tools-for-stm32.9-2020-q2-update.win32_2.0.0.202105311346/tools/bin/../lib/gcc/arm-none-eabi/9.3.1/../../../../arm-none-eabi/lib/thumb/v7e-m+fp/hard\libc_nano.a(lib_a-impure.o)
                0x000000001000005c                _impure_ptr
 .data.impure_data
                0x0000000010000060       0x60 c:/st/stm32cubeide_1.6.0/stm32cubeide/plugins/com.st.stm32cube.ide.mcu.externaltools.gnu-tools-for-stm32.9-2020-q2-update.win32_2.0.0.202105311346/tools/bin/../lib/gcc/arm-none-eabi/9.3.1/../../../../arm-none-eabi/lib/thumb/v7e-m+fp/hard\libc_nano.a(lib_a-impure.o)
 *(.RamFunc)
 *(.RamFunc*)
                0x00000000100000c0                . = ALIGN (0x4)
                0x00000000100000c0                _edata = .

.igot.plt       0x00000000100000c0        0x0 load address 0x000000000810d100
 .igot.plt      0x00000000100000c0        0x0 c:/st/stm32cubeide_1.6.0/stm32cubeide/plugins/com.st.stm32cube.ide.mcu.externaltools.gnu-tools-for-stm32.9-2020-q2-update.win32_2.0.0.202105311346/tools/bin/../lib/gcc/arm-none-eabi/9.3.1/thumb/v7e-m+fp/hard/crtbegin.o
                0x00000000100000c0                . = ALIGN (0x4)

.bss            0x00000000100000c0     0x4d6c load address 0x000000000810d100
                0x00000000100000c0                _sbss = .
                0x00000000100000c0                __bss_start__ = _sbss
 *(.bss)
 .bss           0x00000000100000c0       0x1c c:/st/stm32cubeide_1.6.0/stm32cubeide/plugins/com.st.stm32cube.ide.mcu.externaltools.gnu-tools-for-stm32.9-2020-q2-update.win32_2.0.0.202105311346/tools/bin/../lib/gcc/arm-none-eabi/9.3.1/thumb/v7e-m+fp/hard/crtbegin.o
 *(.bss*)
 .bss.maxProgSize
                0x00000000100000dc        0x2 ./Common/Src/Interpreter/editor.o
 .bss.lineSpacePos
                0x00000000100000de        0x1 ./Common/Src/Interpreter/editor.o
 *fill*         0x00000000100000df        0x1 
 .bss.progLine  0x00000000100000e0        0x4 ./Common/Src/Interpreter/exectoks.o
 .bss.execStepsCount
                0x00000000100000e4        0x4 ./Common/Src/Interpreter/exectoks.o
 .bss.delayT0   0x00000000100000e8        0x4 ./Common/Src/Interpreter/exectoks.o
 .bss.delayLimit
                0x00000000100000ec        0x4 ./Common/Src/Interpreter/exectoks.o
 .bss.KernelState
                0x00000000100000f0        0x4 ./Middlewares/Third_Party/FreeRTOS/cmsis_os2.o
 .bss.Idle_TCB.12136
                0x00000000100000f4       0xbc ./Middlewares/Third_Party/FreeRTOS/cmsis_os2.o
 .bss.Idle_Stack.12137
                0x00000000100001b0      0x200 ./Middlewares/Third_Party/FreeRTOS/cmsis_os2.o
 .bss.Timer_TCB.12143
                0x00000000100003b0       0xbc ./Middlewares/Third_Party/FreeRTOS/cmsis_os2.o
 .bss.Timer_Stack.12144
                0x000000001000046c      0x400 ./Middlewares/Third_Party/FreeRTOS/cmsis_os2.o
 .bss.ucHeap    0x000000001000086c     0x3c00 ./Middlewares/Third_Party/FreeRTOS/heap_4.o
 .bss.xStart    0x000000001000446c        0x8 ./Middlewares/Third_Party/FreeRTOS/heap_4.o
 .bss.pxEnd     0x0000000010004474        0x4 ./Middlewares/Third_Party/FreeRTOS/heap_4.o
 .bss.xFreeBytesRemaining
                0x0000000010004478        0x4 ./Middlewares/Third_Party/FreeRTOS/heap_4.o
 .bss.xMinimumEverFreeBytesRemaining
                0x000000001000447c        0x4 ./Middlewares/Third_Party/FreeRTOS/heap_4.o
 .bss.xNumberOfSuccessfulAllocations
                0x0000000010004480        0x4 ./Middlewares/Third_Party/FreeRTOS/heap_4.o
 .bss.xNumberOfSuccessfulFrees
                0x0000000010004484        0x4 ./Middlewares/Third_Party/FreeRTOS/heap_4.o
 .bss.xBlockAllocatedBit
                0x0000000010004488        0x4 ./Middlewares/Third_Party/FreeRTOS/heap_4.o
 .bss.ucMaxSysCallPriority
                0x000000001000448c        0x1 ./Middlewares/Third_Party/FreeRTOS/port.o
 *fill*         0x000000001000448d        0x3 
 .bss.ulMaxPRIGROUPValue
                0x0000000010004490        0x4 ./Middlewares/Third_Party/FreeRTOS/port.o
 .bss.pxCurrentTCB
                0x0000000010004494        0x4 ./Middlewares/Third_Party/FreeRTOS/tasks.o
                0x0000000010004494                pxCurrentTCB
 .bss.pxReadyTasksLists
                0x0000000010004498      0x460 ./Middlewares/Third_Party/FreeRTOS/tasks.o
 .bss.xDelayedTaskList1
                0x00000000100048f8       0x14 ./Middlewares/Third_Party/FreeRTOS/tasks.o
 .bss.xDelayedTaskList2
                0x000000001000490c       0x14 ./Middlewares/Third_Party/FreeRTOS/tasks.o
 .bss.pxDelayedTaskList
                0x0000000010004920        0x4 ./Middlewares/Third_Party/FreeRTOS/tasks.o
 .bss.pxOverflowDelayedTaskList
                0x0000000010004924        0x4 ./Middlewares/Third_Party/FreeRTOS/tasks.o
 .bss.xPendingReadyList
                0x0000000010004928       0x14 ./Middlewares/Third_Party/FreeRTOS/tasks.o
 .bss.xTasksWaitingTermination
                0x000000001000493c       0x14 ./Middlewares/Third_Party/FreeRTOS/tasks.o
 .bss.uxDeletedTasksWaitingCleanUp
                0x0000000010004950        0x4 ./Middlewares/Third_Party/FreeRTOS/tasks.o
 .bss.xSuspendedTaskList
                0x0000000010004954       0x14 ./Middlewares/Third_Party/FreeRTOS/tasks.o
 .bss.uxCurrentNumberOfTasks
                0x0000000010004968        0x4 ./Middlewares/Third_Party/FreeRTOS/tasks.o
 .bss.xTickCount
                0x000000001000496c        0x4 ./Middlewares/Third_Party/FreeRTOS/tasks.o
 .bss.uxTopReadyPriority
                0x0000000010004970        0x4 ./Middlewares/Third_Party/FreeRTOS/tasks.o
 .bss.xSchedulerRunning
                0x0000000010004974        0x4 ./Middlewares/Third_Party/FreeRTOS/tasks.o
 .bss.xPendedTicks
                0x0000000010004978        0x4 ./Middlewares/Third_Party/FreeRTOS/tasks.o
 .bss.xYieldPending
                0x000000001000497c        0x4 ./Middlewares/Third_Party/FreeRTOS/tasks.o
 .bss.xNumOfOverflows
                0x0000000010004980        0x4 ./Middlewares/Third_Party/FreeRTOS/tasks.o
 .bss.uxTaskNumber
                0x0000000010004984        0x4 ./Middlewares/Third_Party/FreeRTOS/tasks.o
 .bss.xNextTaskUnblockTime
                0x0000000010004988        0x4 ./Middlewares/Third_Party/FreeRTOS/tasks.o
 .bss.xIdleTaskHandle
                0x000000001000498c        0x4 ./Middlewares/Third_Party/FreeRTOS/tasks.o
 .bss.uxSchedulerSuspended
                0x0000000010004990        0x4 ./Middlewares/Third_Party/FreeRTOS/tasks.o
 .bss.xActiveTimerList1
                0x0000000010004994       0x14 ./Middlewares/Third_Party/FreeRTOS/timers.o
 .bss.xActiveTimerList2
                0x00000000100049a8       0x14 ./Middlewares/Third_Party/FreeRTOS/timers.o
 .bss.pxCurrentTimerList
                0x00000000100049bc        0x4 ./Middlewares/Third_Party/FreeRTOS/timers.o
 .bss.pxOverflowTimerList
                0x00000000100049c0        0x4 ./Middlewares/Third_Party/FreeRTOS/timers.o
 .bss.xTimerQueue
                0x00000000100049c4        0x4 ./Middlewares/Third_Party/FreeRTOS/timers.o
 .bss.xTimerTaskHandle
                0x00000000100049c8        0x4 ./Middlewares/Third_Party/FreeRTOS/timers.o
 .bss.xLastTime.7012
                0x00000000100049cc        0x4 ./Middlewares/Third_Party/FreeRTOS/timers.o
 .bss.ucStaticTimerQueueStorage.7063
                0x00000000100049d0       0xa0 ./Middlewares/Third_Party/FreeRTOS/timers.o
 .bss.xStaticTimerQueue.7062
                0x0000000010004a70       0x50 ./Middlewares/Third_Party/FreeRTOS/timers.o
 .bss.__malloc_free_list
                0x0000000010004ac0        0x4 c:/st/stm32cubeide_1.6.0/stm32cubeide/plugins/com.st.stm32cube.ide.mcu.externaltools.gnu-tools-for-stm32.9-2020-q2-update.win32_2.0.0.202105311346/tools/bin/../lib/gcc/arm-none-eabi/9.3.1/../../../../arm-none-eabi/lib/thumb/v7e-m+fp/hard\libc_nano.a(lib_a-nano-mallocr.o)
                0x0000000010004ac0                __malloc_free_list
 *(COMMON)
 COMMON         0x0000000010004ac4       0x81 ./Common/Src/Interpreter/editor.o
                0x0000000010004ac4                prgSize
                0x0000000010004ac8                lineSpace
                0x0000000010004b40                prgStore
                0x0000000010004b44                lastInput
 *fill*         0x0000000010004b45        0x3 
 COMMON         0x0000000010004b48       0x1c ./Common/Src/Interpreter/exectoks.o
                0x0000000010004b48                labelsCached
                0x0000000010004b4c                labelCache
                0x0000000010004b50                spInit
                0x0000000010004b52                arrayBytes
                0x0000000010004b54                calcStack
                0x0000000010004b58                vars
                0x0000000010004b5c                sp
                0x0000000010004b5e                numVars
                0x0000000010004b60                lastDim
 COMMON         0x0000000010004b64       0x11 ./Common/Src/Interpreter/tokens.o
                0x0000000010004b64                parseError
                0x0000000010004b68                prevTok
                0x0000000010004b6c                curTok
                0x0000000010004b70                cur
                0x0000000010004b74                parseErrorCode
 *fill*         0x0000000010004b75        0x3 
 COMMON         0x0000000010004b78       0x24 ./Core/Src/freertos.o
                0x0000000010004b78                uartRxBufStart
                0x0000000010004b7c                defaultTaskHandle
                0x0000000010004b80                uartRxBufEnd
                0x0000000010004b84                interpreterHandle
                0x0000000010004b88                uartRxBuf
                0x0000000010004b90                queueBASICHandle
                0x0000000010004b94                mainState
                0x0000000010004b98                toksBody
 COMMON         0x0000000010004b9c      0x240 ./Core/Src/usart.o
                0x0000000010004b9c                huart3
                0x0000000010004c2c                huart1
                0x0000000010004cbc                huart6
                0x0000000010004d4c                huart2
 COMMON         0x0000000010004ddc        0x4 ./Drivers/STM32H7xx_HAL_Driver/stm32h7xx_hal.o
                0x0000000010004ddc                uwTick
 COMMON         0x0000000010004de0       0x40 ./Middlewares/Third_Party/FreeRTOS/queue.o
                0x0000000010004de0                xQueueRegistry
 COMMON         0x0000000010004e20        0x9 c:/st/stm32cubeide_1.6.0/stm32cubeide/plugins/com.st.stm32cube.ide.mcu.externaltools.gnu-tools-for-stm32.9-2020-q2-update.win32_2.0.0.202105311346/tools/bin/../lib/gcc/arm-none-eabi/9.3.1/../../../../arm-none-eabi/lib/thumb/v7e-m+fp/hard\libc_nano.a(lib_a-lock.o)
                0x0000000010004e20                __lock___atexit_recursive_mutex
                0x0000000010004e21                __lock___arc4random_mutex
                0x0000000010004e22                __lock___env_recursive_mutex
                0x0000000010004e23                __lock___sinit_recursive_mutex
                0x0000000010004e24                __lock___malloc_recursive_mutex
                0x0000000010004e25                __lock___at_quick_exit_mutex
                0x0000000010004e26                __lock___dd_hash_mutex
                0x0000000010004e27                __lock___tz_mutex