utils.c:5:6:trim	24	static
utils.c:19:7:skipSpaces	16	static
utils.c:26:7:skipDigits	16	static
utils.c:33:6:charInStr	16	static
utils.c:43:6:cmpNStrToStr	24	static
utils.c:50:6:outputChar	16	static
utils.c:54:6:outputStr	16	static
utils.c:60:6:outputNStr	24	static
utils.c:66:6:outputInt	24	static
utils.c:86:5:decFromStr	32	static
utils.c:112:6:outputCr	8	static
utils.c:116:6:toUpper	16	static
utils.c:120:6:isAlpha	16	static
utils.c:125:6:isDigit	16	static
utils.c:129:6:isDigitBased	16	static
utils.c:140:6:makeDigit	16	static
utils.c:150:6:isAlNum	16	static
utils.c:154:6:isSpace	16	static
utils.c:167:9:hashOfNStr	32	static
utils.c:177:6:pause	24	static
