freertos.c:89:6:MX_FREERTOS_Init	8	static
freertos.c:138:6:StartDefaultTask	16	static
freertos.c:165:6:showInfo	8	static
freertos.c:176:6:prgReset	8	static
freertos.c:180:6:executeRun	8	static
freertos.c:188:6:metaOrError	16	static
freertos.c:215:5:uartRead	16	static
freertos.c:223:6:sysGetc	16	static
freertos.c:230:6:sysPutc	16	static
freertos.c:240:6:sysEcho	16	static
freertos.c:243:6:uartSend	16	static
freertos.c:248:6:uartSends	16	static
freertos.c:254:6:uartSendHex	16	static
freertos.c:260:6:uartSendDec	24	static
freertos.c:279:6:printTokens	16	static
freertos.c:281:6:processLine	8	static
freertos.c:297:7:pinRead	16	static
freertos.c:302:6:pinOut	16	static
freertos.c:314:6:dispatch	8	static
freertos.c:371:6:outputConstStr	24	static
freertos.c:400:7:extraCommandByHash	16	static
freertos.c:415:7:extraFunctionByHash	16	static
freertos.c:432:6:extraCommand	16	static
freertos.c:449:9:extraFunction	16	static
freertos.c:465:13:storageSend	16	static
freertos.c:468:15:storageChecksum	16	static
freertos.c:471:6:storageOperation	16	static
freertos.c:475:13:StartInterpreter	16	static
