exectoks.c:58:6:resetTokenExecutor	4	static
exectoks.c:65:7:varSize	4	static
exectoks.c:69:6:initTokenExecutor	16	static
exectoks.c:76:7:shortVarName	24	static
exectoks.c:84:7:shortArrayName	16	static
exectoks.c:88:6:findVar	24	static
exectoks.c:103:9:getVar	24	static
exectoks.c:108:7:getArrayOffset	24	static
exectoks.c:114:6:checkLowVarsMemory	16	static
exectoks.c:124:6:setVar	24	static
exectoks.c:139:7:findLabel	24	static
exectoks.c:154:10:getCachedLabel	24	static
exectoks.c:159:6:addCachedLabel	24	static
exectoks.c:169:13:advance	8	static
exectoks.c:175:6:calcOperation	24	static
exectoks.c:229:6:calcFunction	32	static
exectoks.c:262:6:calcArray	24	static
exectoks.c:278:9:calcExpression	16	static
exectoks.c:304:6:execLet	16	static
exectoks.c:310:6:setArray	24	static
exectoks.c:325:6:execLeta	16	static
exectoks.c:333:6:execDim	16	static
exectoks.c:357:6:execData	16	static
exectoks.c:377:6:setDelay	16	static
exectoks.c:382:6:execDelay	8	static
exectoks.c:387:6:checkDelay	4	static
exectoks.c:393:6:dispatchDelay	8	static
exectoks.c:399:6:execRem	8	static
exectoks.c:405:6:execPrint	8	static
exectoks.c:424:6:execInput	8	static
exectoks.c:431:6:dispatchInput	16	static
exectoks.c:443:6:execEmit	8	static
exectoks.c:458:6:execIf	8	static
exectoks.c:468:6:execGoto	8	static
exectoks.c:473:6:execGosub	8	static
exectoks.c:479:6:execReturn	4	static
exectoks.c:483:6:execEnd	4	static
exectoks.c:487:6:execExtra	32	static
exectoks.c:499:6:executeTokens	16	static
exectoks.c:515:6:signalEndOfCode	8	static
exectoks.c:520:6:stopExecution	8	static
exectoks.c:527:6:executeStep	16	static
exectoks.c:542:6:dispatchBreak	8	static
exectoks.c:550:6:executeNonParsed	16	static
exectoks.c:566:6:initParsedRun	8	static
exectoks.c:574:6:executeParsedRun	16	static
