tokens.c:14:14:cmdCodeByHash	16	static
tokens.c:46:7:getCurTokPos	4	static
tokens.c:50:7:tokenSize	16	static
tokens.c:73:7:tokenChainSize	24	static
tokens.c:81:6:copyToken	16	static
tokens.c:85:6:setTokenError	16	static
tokens.c:91:8:nextToken	16	static
tokens.c:95:6:skipTokenInInput	16	static
tokens.c:99:13:advance	16	static
tokens.c:105:13:substCommandFound	16	static
tokens.c:111:6:trySubstCmd	16	static
tokens.c:121:6:parseName	32	static
tokens.c:139:6:parseChar	8	static
tokens.c:150:6:parseNumber	24	static
tokens.c:176:6:parseNone	8	static
tokens.c:185:6:parseComment	16	static
tokens.c:194:6:parseLiteral	16	static
tokens.c:209:6:parseSymbol	24	static
tokens.c:231:6:parseLineNumber	16	static
tokens.c:243:6:parseSemicolon	8	static
tokens.c:253:7:skipSubscripts	16	static
tokens.c:270:6:assignmentSyntax	16	static
tokens.c:291:6:parseSubscripts	16	static
tokens.c:303:6:parseAssignment	24	static
tokens.c:328:6:parseExprOrLiteral	8	static
tokens.c:335:6:parseVar	8	static
tokens.c:344:6:parseExprList	8	static
tokens.c:356:6:parsePrintList	8	static
tokens.c:368:6:parseDataList	8	static
tokens.c:378:6:parseNExpressions	16	static
tokens.c:392:6:parseLabel	8	static
tokens.c:402:6:parseConditional	8	static
tokens.c:409:6:parseAllocate	8	static
tokens.c:430:6:parseSpecialWithError	8	static
tokens.c:437:6:parseStatement	16	static
tokens.c:478:6:parseLine	16	static
tokens.c:492:6:tokenClass	16	static
tokens.c:496:9:tokenHash	16	static
tokens.c:503:7:getParseErrorPos	4	static
tokens.c:507:6:getParseErrorMsg	16	static
