Archive member included to satisfy reference by file (symbol)

c:/st/stm32cubeide_1.6.0/stm32cubeide/plugins/com.st.stm32cube.ide.mcu.externaltools.gnu-tools-for-stm32.9-2020-q2-update.win32_2.0.0.202105311346/tools/bin/../lib/gcc/arm-none-eabi/9.3.1/../../../../arm-none-eabi/lib/thumb/v7e-m+dp/hard\libstdc++_nano.a(del_ops.o)
                              ./Common/Src/Integration/Controllers/lcd.o (operator delete(void*, unsigned int))
c:/st/stm32cubeide_1.6.0/stm32cubeide/plugins/com.st.stm32cube.ide.mcu.externaltools.gnu-tools-for-stm32.9-2020-q2-update.win32_2.0.0.202105311346/tools/bin/../lib/gcc/arm-none-eabi/9.3.1/../../../../arm-none-eabi/lib/thumb/v7e-m+dp/hard\libstdc++_nano.a(del_op.o)
                              c:/st/stm32cubeide_1.6.0/stm32cubeide/plugins/com.st.stm32cube.ide.mcu.externaltools.gnu-tools-for-stm32.9-2020-q2-update.win32_2.0.0.202105311346/tools/bin/../lib/gcc/arm-none-eabi/9.3.1/../../../../arm-none-eabi/lib/thumb/v7e-m+dp/hard\libstdc++_nano.a(del_ops.o) (operator delete(void*))
c:/st/stm32cubeide_1.6.0/stm32cubeide/plugins/com.st.stm32cube.ide.mcu.externaltools.gnu-tools-for-stm32.9-2020-q2-update.win32_2.0.0.202105311346/tools/bin/../lib/gcc/arm-none-eabi/9.3.1/../../../../arm-none-eabi/lib/thumb/v7e-m+dp/hard\libc_nano.a(lib_a-errno.o)
                              ./Core/Src/syscalls.o (__errno)
c:/st/stm32cubeide_1.6.0/stm32cubeide/plugins/com.st.stm32cube.ide.mcu.externaltools.gnu-tools-for-stm32.9-2020-q2-update.win32_2.0.0.202105311346/tools/bin/../lib/gcc/arm-none-eabi/9.3.1/../../../../arm-none-eabi/lib/thumb/v7e-m+dp/hard\libc_nano.a(lib_a-exit.o)
                              c:/st/stm32cubeide_1.6.0/stm32cubeide/plugins/com.st.stm32cube.ide.mcu.externaltools.gnu-tools-for-stm32.9-2020-q2-update.win32_2.0.0.202105311346/tools/bin/../lib/gcc/arm-none-eabi/9.3.1/../../../../arm-none-eabi/lib/thumb/v7e-m+dp/hard/crt0.o (exit)
c:/st/stm32cubeide_1.6.0/stm32cubeide/plugins/com.st.stm32cube.ide.mcu.externaltools.gnu-tools-for-stm32.9-2020-q2-update.win32_2.0.0.202105311346/tools/bin/../lib/gcc/arm-none-eabi/9.3.1/../../../../arm-none-eabi/lib/thumb/v7e-m+dp/hard\libc_nano.a(lib_a-findfp.o)
                              ./Middlewares/Third_Party/FreeRTOS/tasks.o (__sf_fake_stderr)
c:/st/stm32cubeide_1.6.0/stm32cubeide/plugins/com.st.stm32cube.ide.mcu.externaltools.gnu-tools-for-stm32.9-2020-q2-update.win32_2.0.0.202105311346/tools/bin/../lib/gcc/arm-none-eabi/9.3.1/../../../../arm-none-eabi/lib/thumb/v7e-m+dp/hard\libc_nano.a(lib_a-fwalk.o)
                              c:/st/stm32cubeide_1.6.0/stm32cubeide/plugins/com.st.stm32cube.ide.mcu.externaltools.gnu-tools-for-stm32.9-2020-q2-update.win32_2.0.0.202105311346/tools/bin/../lib/gcc/arm-none-eabi/9.3.1/../../../../arm-none-eabi/lib/thumb/v7e-m+dp/hard\libc_nano.a(lib_a-findfp.o) (_fwalk)
c:/st/stm32cubeide_1.6.0/stm32cubeide/plugins/com.st.stm32cube.ide.mcu.externaltools.gnu-tools-for-stm32.9-2020-q2-update.win32_2.0.0.202105311346/tools/bin/../lib/gcc/arm-none-eabi/9.3.1/../../../../arm-none-eabi/lib/thumb/v7e-m+dp/hard\libc_nano.a(lib_a-impure.o)
                              c:/st/stm32cubeide_1.6.0/stm32cubeide/plugins/com.st.stm32cube.ide.mcu.externaltools.gnu-tools-for-stm32.9-2020-q2-update.win32_2.0.0.202105311346/tools/bin/../lib/gcc/arm-none-eabi/9.3.1/../../../../arm-none-eabi/lib/thumb/v7e-m+dp/hard\libc_nano.a(lib_a-exit.o) (_global_impure_ptr)
c:/st/stm32cubeide_1.6.0/stm32cubeide/plugins/com.st.stm32cube.ide.mcu.externaltools.gnu-tools-for-stm32.9-2020-q2-update.win32_2.0.0.202105311346/tools/bin/../lib/gcc/arm-none-eabi/9.3.1/../../../../arm-none-eabi/lib/thumb/v7e-m+dp/hard\libc_nano.a(lib_a-init.o)
                              c:/st/stm32cubeide_1.6.0/stm32cubeide/plugins/com.st.stm32cube.ide.mcu.externaltools.gnu-tools-for-stm32.9-2020-q2-update.win32_2.0.0.202105311346/tools/bin/../lib/gcc/arm-none-eabi/9.3.1/../../../../arm-none-eabi/lib/thumb/v7e-m+dp/hard/crt0.o (__libc_init_array)
c:/st/stm32cubeide_1.6.0/stm32cubeide/plugins/com.st.stm32cube.ide.mcu.externaltools.gnu-tools-for-stm32.9-2020-q2-update.win32_2.0.0.202105311346/tools/bin/../lib/gcc/arm-none-eabi/9.3.1/../../../../arm-none-eabi/lib/thumb/v7e-m+dp/hard\libc_nano.a(lib_a-lock.o)
                              c:/st/stm32cubeide_1.6.0/stm32cubeide/plugins/com.st.stm32cube.ide.mcu.externaltools.gnu-tools-for-stm32.9-2020-q2-update.win32_2.0.0.202105311346/tools/bin/../lib/gcc/arm-none-eabi/9.3.1/../../../../arm-none-eabi/lib/thumb/v7e-m+dp/hard\libc_nano.a(lib_a-findfp.o) (__retarget_lock_init_recursive)
c:/st/stm32cubeide_1.6.0/stm32cubeide/plugins/com.st.stm32cube.ide.mcu.externaltools.gnu-tools-for-stm32.9-2020-q2-update.win32_2.0.0.202105311346/tools/bin/../lib/gcc/arm-none-eabi/9.3.1/../../../../arm-none-eabi/lib/thumb/v7e-m+dp/hard\libc_nano.a(lib_a-malloc.o)
[...]
Memory Configuration

Name             Origin             Length             Attributes
RAM_D1           0x0000000024000000 0x0000000000080000 xrw
FLASH            0x0000000008000000 0x0000000000100000 xr
DTCMRAM          0x0000000020000000 0x0000000000020000 xrw
RAM_D2           0x0000000030000000 0x0000000000048000 xrw
RAM_D3           0x0000000038000000 0x0000000000010000 xrw
ITCMRAM          0x0000000000000000 0x0000000000010000 xrw
*default*        0x0000000000000000 0xffffffffffffffff

Linker script and memory map

LOAD c:/st/stm32cubeide_1.6.0/stm32cubeide/plugins/com.st.stm32cube.ide.mcu.externaltools.gnu-tools-for-stm32.9-2020-q2-update.win32_2.0.0.202105311346/tools/bin/../lib/gcc/arm-none-eabi/9.3.1/thumb/v7e-m+dp/hard/crti.o
LOAD c:/st/stm32cubeide_1.6.0/stm32cubeide/plugins/com.st.stm32cube.ide.mcu.externaltools.gnu-tools-for-stm32.9-2020-q2-update.win32_2.0.0.202105311346/tools/bin/../lib/gcc/arm-none-eabi/9.3.1/thumb/v7e-m+dp/hard/crtbegin.o
LOAD c:/st/stm32cubeide_1.6.0/stm32cubeide/plugins/com.st.stm32cube.ide.mcu.externaltools.gnu-tools-for-stm32.9-2020-q2-update.win32_2.0.0.202105311346/tools/bin/../lib/gcc/arm-none-eabi/9.3.1/../../../../arm-none-eabi/lib/thumb/v7e-m+dp/hard/crt0.o
LOAD ./Common/Src/Integration/Controllers/lcd.o
LOAD ./Common/Src/Interpreter/editor.o
LOAD ./Common/Src/Interpreter/exectoks.o
LOAD ./Common/Src/Interpreter/expr.o
LOAD ./Common/Src/Interpreter/tokens.o
LOAD ./Common/Src/Interpreter/utils.o
LOAD ./Common/Src/system_stm32h7xx_dualcore_boot_cm4_cm7.o
LOAD ./Core/Src/freertos.o
LOAD ./Core/Src/main.o
LOAD ./Core/Src/stm32h7xx_hal_msp.o
LOAD ./Core/Src/stm32h7xx_it.o
LOAD ./Core/Src/syscalls.o
LOAD ./Core/Src/sysmem.o
LOAD ./Core/Startup/startup_stm32h755zitx.o
LOAD ./Drivers/STM32H7xx_HAL_Driver/stm32h7xx_hal.o
LOAD ./Drivers/STM32H7xx_HAL_Driver/stm32h7xx_hal_cortex.o
LOAD ./Drivers/STM32H7xx_HAL_Driver/stm32h7xx_hal_dma.o
LOAD ./Drivers/STM32H7xx_HAL_Driver/stm32h7xx_hal_dma_ex.o
LOAD ./Drivers/STM32H7xx_HAL_Driver/stm32h7xx_hal_exti.o
LOAD ./Drivers/STM32H7xx_HAL_Driver/stm32h7xx_hal_flash.o
LOAD ./Drivers/STM32H7xx_HAL_Driver/stm32h7xx_hal_flash_ex.o
LOAD ./Drivers/STM32H7xx_HAL_Driver/stm32h7xx_hal_gpio.o
LOAD ./Drivers/STM32H7xx_HAL_Driver/stm32h7xx_hal_hsem.o
LOAD ./Drivers/STM32H7xx_HAL_Driver/stm32h7xx_hal_i2c.o
LOAD ./Drivers/STM32H7xx_HAL_Driver/stm32h7xx_hal_i2c_ex.o
LOAD ./Drivers/STM32H7xx_HAL_Driver/stm32h7xx_hal_mdma.o
LOAD ./Drivers/STM32H7xx_HAL_Driver/stm32h7xx_hal_pwr.o
LOAD ./Drivers/STM32H7xx_HAL_Driver/stm32h7xx_hal_pwr_ex.o
LOAD ./Drivers/STM32H7xx_HAL_Driver/stm32h7xx_hal_rcc.o
LOAD ./Drivers/STM32H7xx_HAL_Driver/stm32h7xx_hal_rcc_ex.o
LOAD ./Drivers/STM32H7xx_HAL_Driver/stm32h7xx_hal_tim.o
LOAD ./Drivers/STM32H7xx_HAL_Driver/stm32h7xx_hal_tim_ex.o
LOAD ./Middlewares/Third_Party/FreeRTOS/cmsis_os2.o
LOAD ./Middlewares/Third_Party/FreeRTOS/croutine.o
LOAD ./Middlewares/Third_Party/FreeRTOS/event_groups.o
LOAD ./Middlewares/Third_Party/FreeRTOS/heap_4.o
LOAD ./Middlewares/Third_Party/FreeRTOS/list.o
LOAD ./Middlewares/Third_Party/FreeRTOS/port.o
LOAD ./Middlewares/Third_Party/FreeRTOS/queue.o
LOAD ./Middlewares/Third_Party/FreeRTOS/stream_buffer.o
LOAD ./Middlewares/Third_Party/FreeRTOS/tasks.o
LOAD ./Middlewares/Third_Party/FreeRTOS/timers.o
START GROUP
LOAD c:/st/stm32cubeide_1.6.0/stm32cubeide/plugins/com.st.stm32cube.ide.mcu.externaltools.gnu-tools-for-stm32.9-2020-q2-update.win32_2.0.0.202105311346/tools/bin/../lib/gcc/arm-none-eabi/9.3.1/../../../../arm-none-eabi/lib/thumb/v7e-m+dp/hard\libstdc++_nano.a
LOAD c:/st/stm32cubeide_1.6.0/stm32cubeide/plugins/com.st.stm32cube.ide.mcu.externaltools.gnu-tools-for-stm32.9-2020-q2-update.win32_2.0.0.202105311346/tools/bin/../lib/gcc/arm-none-eabi/9.3.1/../../../../arm-none-eabi/lib/thumb/v7e-m+dp/hard\libsupc++_nano.a
END GROUP
LOAD c:/st/stm32cubeide_1.6.0/stm32cubeide/plugins/com.st.stm32cube.ide.mcu.externaltools.gnu-tools-for-stm32.9-2020-q2-update.win32_2.0.0.202105311346/tools/bin/../lib/gcc/arm-none-eabi/9.3.1/../../../../arm-none-eabi/lib/thumb/v7e-m+dp/hard\libstdc++_nano.a
LOAD c:/st/stm32cubeide_1.6.0/stm32cubeide/plugins/com.st.stm32cube.ide.mcu.externaltools.gnu-tools-for-stm32.9-2020-q2-update.win32_2.0.0.202105311346/tools/bin/../lib/gcc/arm-none-eabi/9.3.1/../../../../arm-none-eabi/lib/thumb/v7e-m+dp/hard\libm.a
LOAD c:/st/stm32cubeide_1.6.0/stm32cubeide/plugins/com.st.stm32cube.ide.mcu.externaltools.gnu-tools-for-stm32.9-2020-q2-update.win32_2.0.0.202105311346/tools/bin/../lib/gcc/arm-none-eabi/9.3.1/../../../../arm-none-eabi/lib/thumb/v7e-m+dp/hard\libc_nano.a
START GROUP
LOAD c:/st/stm32cubeide_1.6.0/stm32cubeide/plugins/com.st.stm32cube.ide.mcu.externaltools.gnu-tools-for-stm32.9-2020-q2-update.win32_2.0.0.202105311346/tools/bin/../lib/gcc/arm-none-eabi/9.3.1/thumb/v7e-m+dp/hard\libgcc.a
LOAD c:/st/stm32cubeide_1.6.0/stm32cubeide/plugins/com.st.stm32cube.ide.mcu.externaltools.gnu-tools-for-stm32.9-2020-q2-update.win32_2.0.0.202105311346/tools/bin/../lib/gcc/arm-none-eabi/9.3.1/../../../../arm-none-eabi/lib/thumb/v7e-m+dp/hard\libc_nano.a
END GROUP
START GROUP
LOAD c:/st/stm32cubeide_1.6.0/stm32cubeide/plugins/com.st.stm32cube.ide.mcu.externaltools.gnu-tools-for-stm32.9-2020-q2-update.win32_2.0.0.202105311346/tools/bin/../lib/gcc/arm-none-eabi/9.3.1/thumb/v7e-m+dp/hard\libgcc.a
LOAD c:/st/stm32cubeide_1.6.0/stm32cubeide/plugins/com.st.stm32cube.ide.mcu.externaltools.gnu-tools-for-stm32.9-2020-q2-update.win32_2.0.0.202105311346/tools/bin/../lib/gcc/arm-none-eabi/9.3.1/../../../../arm-none-eabi/lib/thumb/v7e-m+dp/hard\libc_nano.a
LOAD c:/st/stm32cubeide_1.6.0/stm32cubeide/plugins/com.st.stm32cube.ide.mcu.externaltools.gnu-tools-for-stm32.9-2020-q2-update.win32_2.0.0.202105311346/tools/bin/../lib/gcc/arm-none-eabi/9.3.1/../../../../arm-none-eabi/lib/thumb/v7e-m+dp/hard\libnosys.a
END GROUP
START GROUP
LOAD c:/st/stm32cubeide_1.6.0/stm32cubeide/plugins/com.st.stm32cube.ide.mcu.externaltools.gnu-tools-for-stm32.9-2020-q2-update.win32_2.0.0.202105311346/tools/bin/../lib/gcc/arm-none-eabi/9.3.1/thumb/v7e-m+dp/hard\libgcc.a
LOAD c:/st/stm32cubeide_1.6.0/stm32cubeide/plugins/com.st.stm32cube.ide.mcu.externaltools.gnu-tools-for-stm32.9-2020-q2-update.win32_2.0.0.202105311346/tools/bin/../lib/gcc/arm-none-eabi/9.3.1/../../../../arm-none-eabi/lib/thumb/v7e-m+dp/hard\libc_nano.a
LOAD c:/st/stm32cubeide_1.6.0/stm32cubeide/plugins/com.st.stm32cube.ide.mcu.externaltools.gnu-tools-for-stm32.9-2020-q2-update.win32_2.0.0.202105311346/tools/bin/../lib/gcc/arm-none-eabi/9.3.1/../../../../arm-none-eabi/lib/thumb/v7e-m+dp/hard\libnosys.a
END GROUP
LOAD c:/st/stm32cubeide_1.6.0/stm32cubeide/plugins/com.st.stm32cube.ide.mcu.externaltools.gnu-tools-for-stm32.9-2020-q2-update.win32_2.0.0.202105311346/tools/bin/../lib/gcc/arm-none-eabi/9.3.1/thumb/v7e-m+dp/hard/crtend.o
LOAD c:/st/stm32cubeide_1.6.0/stm32cubeide/plugins/com.st.stm32cube.ide.mcu.externaltools.gnu-tools-for-stm32.9-2020-q2-update.win32_2.0.0.202105311346/tools/bin/../lib/gcc/arm-none-eabi/9.3.1/thumb/v7e-m+dp/hard/crtn.o
                0x0000000024080000                _estack = (ORIGIN (RAM_D1) + LENGTH (RAM_D1))
                0x0000000000000200                _Min_Heap_Size = 0x200
                0x0000000000000400                _Min_Stack_Size = 0x400

.isr_vector     0x0000000008000000      0x298
                0x0000000008000000                . = ALIGN (0x4)
 *(.isr_vector)
 .isr_vector    0x0000000008000000      0x298 ./Core/Startup/startup_stm32h755zitx.o
                0x0000000008000000                g_pfnVectors
                0x0000000008000298                . = ALIGN (0x4)

.text           0x00000000080002a0     0x4674
                0x00000000080002a0                . = ALIGN (0x4)
 *(.text)
 .text          0x00000000080002a0       0x40 c:/st/stm32cubeide_1.6.0/stm32cubeide/plugins/com.st.stm32cube.ide.mcu.externaltools.gnu-tools-for-stm32.9-2020-q2-update.win32_2.0.0.202105311346/tools/bin/../lib/gcc/arm-none-eabi/9.3.1/thumb/v7e-m+dp/hard/crtbegin.o
 *(.text*)
 .text.SystemInit
                0x00000000080002e0      0x134 ./Common/Src/system_stm32h7xx_dualcore_boot_cm4_cm7.o
                0x00000000080002e0                SystemInit
 .text.MX_FREERTOS_Init
                0x0000000008000414       0x38 ./Core/Src/freertos.o
                0x0000000008000414                MX_FREERTOS_Init
 .text.StartDefaultTask
                0x000000000800044c       0x10 ./Core/Src/freertos.o
                0x000000000800044c                StartDefaultTask
 .text.main     0x000000000800045c       0x9c ./Core/Src/main.o
                0x000000000800045c                main
 .text.SystemClock_Config
                0x00000000080004f8       0xd4 ./Core/Src/main.o
                0x00000000080004f8                SystemClock_Config
 .text.Error_Handler
                0x00000000080005cc        0xa ./Core/Src/main.o
                0x00000000080005cc                Error_Handler
 *fill*         0x00000000080005d6        0x2 
 .text.HAL_MspInit
                0x00000000080005d8       0x3c ./Core/Src/stm32h7xx_hal_msp.o
                0x00000000080005d8                HAL_MspInit
 .text.NMI_Handler
                0x0000000008000614        0x6 ./Core/Src/stm32h7xx_it.o
                0x0000000008000614                NMI_Handler
 .text.HardFault_Handler
                0x000000000800061a        0x6 ./Core/Src/stm32h7xx_it.o
                0x000000000800061a                HardFault_Handler
 .text.MemManage_Handler
                0x0000000008000620        0x6 ./Core/Src/stm32h7xx_it.o
                0x0000000008000620                MemManage_Handler
 .text.BusFault_Handler
                0x0000000008000626        0x6 ./Core/Src/stm32h7xx_it.o
                0x0000000008000626                BusFault_Handler
 .text.UsageFault_Handler
                0x000000000800062c        0x6 ./Core/Src/stm32h7xx_it.o
                0x000000000800062c                UsageFault_Handler
 .text.DebugMon_Handler
                0x0000000008000632        0xe ./Core/Src/stm32h7xx_it.o
                0x0000000008000632                DebugMon_Handler
 .text.SysTick_Handler
                0x0000000008000640       0x1a ./Core/Src/stm32h7xx_it.o
                0x0000000008000640                SysTick_Handler
 *fill*         0x000000000800065a        0x2 
 .text.Reset_Handler
                0x000000000800065c       0x50 ./Core/Startup/startup_stm32h755zitx.o
                0x000000000800065c                Reset_Handler
 .text.Default_Handler
                0x00000000080006ac        0x2 ./Core/Startup/startup_stm32h755zitx.o
                0x00000000080006ac                RTC_Alarm_IRQHandler
                0x00000000080006ac                HASH_RNG_IRQHandler
                0x00000000080006ac                EXTI2_IRQHandler
                0x00000000080006ac                TIM8_CC_IRQHandler
                0x00000000080006ac                HRTIM1_Master_IRQHandler
                0x00000000080006ac                UART8_IRQHandler
                0x00000000080006ac                SPI4_IRQHandler
                0x00000000080006ac                TIM1_CC_IRQHandler
                0x00000000080006ac                BDMA_Channel6_IRQHandler
                0x00000000080006ac                DMA2_Stream5_IRQHandler
                0x00000000080006ac                HRTIM1_FLT_IRQHandler
                0x00000000080006ac                JPEG_IRQHandler
                0x00000000080006ac                DMA1_Stream5_IRQHandler
                0x00000000080006ac                BDMA_Channel1_IRQHandler
                0x00000000080006ac                HRTIM1_TIMD_IRQHandler
                0x00000000080006ac                TAMP_STAMP_IRQHandler
                0x00000000080006ac                EXTI3_IRQHandler
                0x00000000080006ac                LPTIM4_IRQHandler
                0x00000000080006ac                TIM8_TRG_COM_TIM14_IRQHandler
                0x00000000080006ac                LPTIM2_IRQHandler
                0x00000000080006ac                DFSDM1_FLT1_IRQHandler
                0x00000000080006ac                DMAMUX2_OVR_IRQHandler
                0x00000000080006ac                TIM8_UP_TIM13_IRQHandler
                0x00000000080006ac                I2C3_ER_IRQHandler
                0x00000000080006ac                DFSDM1_FLT2_IRQHandler
                0x00000000080006ac                MDMA_IRQHandler
                0x00000000080006ac                LPTIM3_IRQHandler
                0x00000000080006ac                HSEM1_IRQHandler
                0x00000000080006ac                EXTI0_IRQHandler
                0x00000000080006ac                I2C2_EV_IRQHandler
                0x00000000080006ac                DMA1_Stream2_IRQHandler
                0x00000000080006ac                FPU_IRQHandler
                0x00000000080006ac                OTG_HS_WKUP_IRQHandler
                0x00000000080006ac                FDCAN1_IT1_IRQHandler
                0x00000000080006ac                LTDC_ER_IRQHandler
                0x00000000080006ac                DMA2_Stream2_IRQHandler
                0x00000000080006ac                HRTIM1_TIME_IRQHandler
                0x00000000080006ac                SPI1_IRQHandler
                0x00000000080006ac                TIM6_DAC_IRQHandler
                0x00000000080006ac                DCMI_IRQHandler
                0x00000000080006ac                HRTIM1_TIMC_IRQHandler
                0x00000000080006ac                DMA2_Stream3_IRQHandler
                0x00000000080006ac                SAI2_IRQHandler
                0x00000000080006ac                DFSDM1_FLT3_IRQHandler
                0x00000000080006ac                USART6_IRQHandler
                0x00000000080006ac                TIM17_IRQHandler
                0x00000000080006ac                USART3_IRQHandler
                0x00000000080006ac                BDMA_Channel7_IRQHandler
                0x00000000080006ac                CRYP_IRQHandler
                0x00000000080006ac                LPTIM5_IRQHandler
                0x00000000080006ac                UART5_IRQHandler
                0x00000000080006ac                ADC3_IRQHandler
                0x00000000080006ac                DMA2_Stream0_IRQHandler
                0x00000000080006ac                TIM4_IRQHandler
                0x00000000080006ac                BDMA_Channel2_IRQHandler
                0x00000000080006ac                QUADSPI_IRQHandler
                0x00000000080006ac                I2C1_EV_IRQHandler
                0x00000000080006ac                DMA1_Stream6_IRQHandler
                0x00000000080006ac                DMAMUX1_OVR_IRQHandler
                0x00000000080006ac                DMA1_Stream1_IRQHandler
                0x00000000080006ac                TIM16_IRQHandler
                0x00000000080006ac                UART4_IRQHandler
                0x00000000080006ac                BDMA_Channel5_IRQHandler
                0x00000000080006ac                TIM3_IRQHandler
                0x00000000080006ac                RCC_IRQHandler
                0x00000000080006ac                TIM8_BRK_TIM12_IRQHandler
                0x00000000080006ac                TIM1_TRG_COM_IRQHandler
                0x00000000080006ac                Default_Handler
                0x00000000080006ac                ECC_IRQHandler
                0x00000000080006ac                CEC_IRQHandler
                0x00000000080006ac                EXTI15_10_IRQHandler
                0x00000000080006ac                BDMA_Channel0_IRQHandler
                0x00000000080006ac                ADC_IRQHandler
                0x00000000080006ac                DMA1_Stream7_IRQHandler
                0x00000000080006ac                HRTIM1_TIMA_IRQHandler
                0x00000000080006ac                SPI5_IRQHandler
                0x00000000080006ac                TIM7_IRQHandler
                0x00000000080006ac                SDMMC1_IRQHandler
                0x00000000080006ac                TIM5_IRQHandler
                0x00000000080006ac                DMA2_Stream7_IRQHandler
                0x00000000080006ac                TIM15_IRQHandler
                0x00000000080006ac                PVD_AVD_IRQHandler
                0x00000000080006ac                I2C3_EV_IRQHandler
                0x00000000080006ac                EXTI9_5_IRQHandler
                0x00000000080006ac                RTC_WKUP_IRQHandler
                0x00000000080006ac                LTDC_IRQHandler
                0x00000000080006ac                SAI3_IRQHandler
                0x00000000080006ac                ETH_WKUP_IRQHandler
                0x00000000080006ac                SPDIF_RX_IRQHandler
                0x00000000080006ac                SPI2_IRQHandler
                0x00000000080006ac                OTG_HS_EP1_IN_IRQHandler
                0x00000000080006ac                DMA1_Stream0_IRQHandler
                0x00000000080006ac                CRS_IRQHandler
                0x00000000080006ac                CM7_SEV_IRQHandler
                0x00000000080006ac                EXTI4_IRQHandler
                0x00000000080006ac                CM4_SEV_IRQHandler
                0x00000000080006ac                HRTIM1_TIMB_IRQHandler
                0x00000000080006ac                FDCAN2_IT1_IRQHandler
                0x00000000080006ac                ETH_IRQHandler
                0x00000000080006ac                TIM1_UP_IRQHandler
                0x00000000080006ac                WWDG_RST_IRQHandler
                0x00000000080006ac                BDMA_Channel4_IRQHandler
                0x00000000080006ac                OTG_HS_EP1_OUT_IRQHandler
                0x00000000080006ac                WWDG_IRQHandler
                0x00000000080006ac                SPI6_IRQHandler
                0x00000000080006ac                MDIOS_IRQHandler
                0x00000000080006ac                I2C4_EV_IRQHandler
                0x00000000080006ac                FDCAN2_IT0_IRQHandler
                0x00000000080006ac                LPUART1_IRQHandler
                0x00000000080006ac                FDCAN1_IT0_IRQHandler
                0x00000000080006ac                TIM2_IRQHandler
                0x00000000080006ac                OTG_FS_WKUP_IRQHandler
                0x00000000080006ac                OTG_HS_IRQHandler
                0x00000000080006ac                HSEM2_IRQHandler
                0x00000000080006ac                DMA2D_IRQHandler
                0x00000000080006ac                TIM1_BRK_IRQHandler
                0x00000000080006ac                EXTI1_IRQHandler
                0x00000000080006ac                SDMMC2_IRQHandler
                0x00000000080006ac                OTG_FS_EP1_OUT_IRQHandler
                0x00000000080006ac                BDMA_Channel3_IRQHandler
                0x00000000080006ac                HOLD_CORE_IRQHandler
                0x00000000080006ac                UART7_IRQHandler
                0x00000000080006ac                MDIOS_WKUP_IRQHandler
                0x00000000080006ac                USART2_IRQHandler
                0x00000000080006ac                DFSDM1_FLT0_IRQHandler
                0x00000000080006ac                SAI4_IRQHandler
                0x00000000080006ac                I2C2_ER_IRQHandler
                0x00000000080006ac                DMA2_Stream1_IRQHandler
                0x00000000080006ac                FLASH_IRQHandler
                0x00000000080006ac                DMA2_Stream4_IRQHandler
                0x00000000080006ac                USART1_IRQHandler
                0x00000000080006ac                OTG_FS_IRQHandler
                0x00000000080006ac                SPI3_IRQHandler
                0x00000000080006ac                WAKEUP_PIN_IRQHandler
                0x00000000080006ac                DMA1_Stream4_IRQHandler
                0x00000000080006ac                OTG_FS_EP1_IN_IRQHandler
                0x00000000080006ac                I2C1_ER_IRQHandler
                0x00000000080006ac                FMC_IRQHandler
                0x00000000080006ac                FDCAN_CAL_IRQHandler
                0x00000000080006ac                SWPMI1_IRQHandler
                0x00000000080006ac                COMP1_IRQHandler
                0x00000000080006ac                LPTIM1_IRQHandler
                0x00000000080006ac                I2C4_ER_IRQHandler
                0x00000000080006ac                DMA2_Stream6_IRQHandler
                0x00000000080006ac                SAI1_IRQHandler
                0x00000000080006ac                DMA1_Stream3_IRQHandler
 *fill*         0x00000000080006ae        0x2 
 .text.HAL_Init
                0x00000000080006b0       0x78 ./Drivers/STM32H7xx_HAL_Driver/stm32h7xx_hal.o
                0x00000000080006b0                HAL_Init
 .text.HAL_InitTick
                0x0000000008000728       0x6c ./Drivers/STM32H7xx_HAL_Driver/stm32h7xx_hal.o
                0x0000000008000728                HAL_InitTick
 .text.HAL_IncTick
                0x0000000008000794       0x28 ./Drivers/STM32H7xx_HAL_Driver/stm32h7xx_hal.o
                0x0000000008000794                HAL_IncTick
 .text.HAL_GetTick
                0x00000000080007bc       0x18 ./Drivers/STM32H7xx_HAL_Driver/stm32h7xx_hal.o
                0x00000000080007bc                HAL_GetTick
 .text.HAL_GetREVID
                0x00000000080007d4       0x18 ./Drivers/STM32H7xx_HAL_Driver/stm32h7xx_hal.o
                0x00000000080007d4                HAL_GetREVID
 .text.__NVIC_SetPriorityGrouping
                0x00000000080007ec       0x48 ./Drivers/STM32H7xx_HAL_Driver/stm32h7xx_hal_cortex.o
 .text.__NVIC_GetPriorityGrouping
                0x0000000008000834       0x1c ./Drivers/STM32H7xx_HAL_Driver/stm32h7xx_hal_cortex.o
 .text.__NVIC_SetPriority
                0x0000000008000850       0x54 ./Drivers/STM32H7xx_HAL_Driver/stm32h7xx_hal_cortex.o
 .text.NVIC_EncodePriority
                0x00000000080008a4       0x66 ./Drivers/STM32H7xx_HAL_Driver/stm32h7xx_hal_cortex.o
 *fill*         0x000000000800090a        0x2 
 .text.SysTick_Config
                0x000000000800090c       0x44 ./Drivers/STM32H7xx_HAL_Driver/stm32h7xx_hal_cortex.o
 .text.HAL_NVIC_SetPriorityGrouping
                0x0000000008000950       0x16 ./Drivers/STM32H7xx_HAL_Driver/stm32h7xx_hal_cortex.o
                0x0000000008000950                HAL_NVIC_SetPriorityGrouping
 .text.HAL_NVIC_SetPriority
                0x0000000008000966       0x34 ./Drivers/STM32H7xx_HAL_Driver/stm32h7xx_hal_cortex.o
                0x0000000008000966                HAL_NVIC_SetPriority
 .text.HAL_SYSTICK_Config
                0x000000000800099a       0x18 ./Drivers/STM32H7xx_HAL_Driver/stm32h7xx_hal_cortex.o
                0x000000000800099a                HAL_SYSTICK_Config
 *fill*         0x00000000080009b2        0x2 
 .text.HAL_HSEM_FastTake
                0x00000000080009b4       0x34 ./Drivers/STM32H7xx_HAL_Driver/stm32h7xx_hal_hsem.o
                0x00000000080009b4                HAL_HSEM_FastTake
 .text.HAL_HSEM_Release
                0x00000000080009e8       0x28 ./Drivers/STM32H7xx_HAL_Driver/stm32h7xx_hal_hsem.o
                0x00000000080009e8                HAL_HSEM_Release
 .text.HAL_PWREx_ConfigSupply
                0x0000000008000a10       0xb4 ./Drivers/STM32H7xx_HAL_Driver/stm32h7xx_hal_pwr_ex.o
                0x0000000008000a10                HAL_PWREx_ConfigSupply
 .text.HAL_RCC_OscConfig
                0x0000000008000ac4      0x858 ./Drivers/STM32H7xx_HAL_Driver/stm32h7xx_hal_rcc.o
                0x0000000008000ac4                HAL_RCC_OscConfig
 .text.HAL_RCC_ClockConfig
                0x000000000800131c      0x36c ./Drivers/STM32H7xx_HAL_Driver/stm32h7xx_hal_rcc.o
                0x000000000800131c                HAL_RCC_ClockConfig
 .text.HAL_RCC_GetSysClockFreq
                0x0000000008001688      0x2f4 ./Drivers/STM32H7xx_HAL_Driver/stm32h7xx_hal_rcc.o
                0x0000000008001688                HAL_RCC_GetSysClockFreq
 .text.__NVIC_SetPriority
                0x000000000800197c       0x54 ./Middlewares/Third_Party/FreeRTOS/cmsis_os2.o
 .text.SVC_Setup
                0x00000000080019d0       0x12 ./Middlewares/Third_Party/FreeRTOS/cmsis_os2.o
 *fill*         0x00000000080019e2        0x2 
 .text.osKernelInitialize
                0x00000000080019e4       0x48 ./Middlewares/Third_Party/FreeRTOS/cmsis_os2.o
                0x00000000080019e4                osKernelInitialize
 .text.osKernelStart
                0x0000000008001a2c       0x4c ./Middlewares/Third_Party/FreeRTOS/cmsis_os2.o
                0x0000000008001a2c                osKernelStart
 .text.osThreadNew
                0x0000000008001a78      0x124 ./Middlewares/Third_Party/FreeRTOS/cmsis_os2.o
                0x0000000008001a78                osThreadNew
 .text.osDelay  0x0000000008001b9c       0x36 ./Middlewares/Third_Party/FreeRTOS/cmsis_os2.o
                0x0000000008001b9c                osDelay
 .text.osMutexNew
                0x0000000008001bd2      0x10c ./Middlewares/Third_Party/FreeRTOS/cmsis_os2.o
                0x0000000008001bd2                osMutexNew
 *fill*         0x0000000008001cde        0x2 
 .text.vApplicationGetIdleTaskMemory
                0x0000000008001ce0       0x34 ./Middlewares/Third_Party/FreeRTOS/cmsis_os2.o
                0x0000000008001ce0                vApplicationGetIdleTaskMemory
 .text.vApplicationGetTimerTaskMemory
                0x0000000008001d14       0x34 ./Middlewares/Third_Party/FreeRTOS/cmsis_os2.o
                0x0000000008001d14                vApplicationGetTimerTaskMemory
 .text.pvPortMalloc
                0x0000000008001d48      0x198 ./Middlewares/Third_Party/FreeRTOS/heap_4.o
                0x0000000008001d48                pvPortMalloc
 .text.vPortFree
                0x0000000008001ee0       0xc4 ./Middlewares/Third_Party/FreeRTOS/heap_4.o
                0x0000000008001ee0                vPortFree
 .text.prvHeapInit
                0x0000000008001fa4       0xc4 ./Middlewares/Third_Party/FreeRTOS/heap_4.o
 .text.prvInsertBlockIntoFreeList
                0x0000000008002068       0xb4 ./Middlewares/Third_Party/FreeRTOS/heap_4.o
 .text.vListInitialise
                0x000000000800211c       0x40 ./Middlewares/Third_Party/FreeRTOS/list.o
                0x000000000800211c                vListInitialise
 .text.vListInitialiseItem
                0x000000000800215c       0x1a ./Middlewares/Third_Party/FreeRTOS/list.o
                0x000000000800215c                vListInitialiseItem
 .text.vListInsertEnd
                0x0000000008002176       0x48 ./Middlewares/Third_Party/FreeRTOS/list.o
                0x0000000008002176                vListInsertEnd
 .text.vListInsert
                0x00000000080021be       0x72 ./Middlewares/Third_Party/FreeRTOS/list.o
                0x00000000080021be                vListInsert
 .text.uxListRemove
                0x0000000008002230       0x54 ./Middlewares/Third_Party/FreeRTOS/list.o
                0x0000000008002230                uxListRemove
 .text.pxPortInitialiseStack
                0x0000000008002284       0x68 ./Middlewares/Third_Party/FreeRTOS/port.o
                0x0000000008002284                pxPortInitialiseStack
 .text.prvTaskExitError
                0x00000000080022ec       0x58 ./Middlewares/Third_Party/FreeRTOS/port.o
 *fill*         0x0000000008002344        0xc 
 .text.SVC_Handler
                0x0000000008002350       0x28 ./Middlewares/Third_Party/FreeRTOS/port.o
                0x0000000008002350                SVC_Handler
 .text.prvPortStartFirstTask
                0x0000000008002378       0x28 ./Middlewares/Third_Party/FreeRTOS/port.o
 .text.xPortStartScheduler
                0x00000000080023a0      0x144 ./Middlewares/Third_Party/FreeRTOS/port.o
                0x00000000080023a0                xPortStartScheduler
 .text.vPortEnterCritical
                0x00000000080024e4       0x60 ./Middlewares/Third_Party/FreeRTOS/port.o
                0x00000000080024e4                vPortEnterCritical
 .text.vPortExitCritical
                0x0000000008002544       0x54 ./Middlewares/Third_Party/FreeRTOS/port.o
                0x0000000008002544                vPortExitCritical
 *fill*         0x0000000008002598        0x8 
 .text.PendSV_Handler
                0x00000000080025a0       0x68 ./Middlewares/Third_Party/FreeRTOS/port.o
                0x00000000080025a0                PendSV_Handler
 .text.xPortSysTickHandler
                0x0000000008002608       0x44 ./Middlewares/Third_Party/FreeRTOS/port.o
                0x0000000008002608                xPortSysTickHandler
 .text.vPortSetupTimerInterrupt
                0x000000000800264c       0x48 ./Middlewares/Third_Party/FreeRTOS/port.o
                0x000000000800264c                vPortSetupTimerInterrupt
 .text.vPortEnableVFP
                0x0000000008002694       0x14 ./Middlewares/Third_Party/FreeRTOS/port.o
 .text.vPortValidateInterruptPriority
                0x00000000080026a8       0x80 ./Middlewares/Third_Party/FreeRTOS/port.o
                0x00000000080026a8                vPortValidateInterruptPriority
 .text.xQueueGenericReset
                0x0000000008002728       0xd0 ./Middlewares/Third_Party/FreeRTOS/queue.o
                0x0000000008002728                xQueueGenericReset
 .text.xQueueGenericCreateStatic
                0x00000000080027f8       0xf0 ./Middlewares/Third_Party/FreeRTOS/queue.o
                0x00000000080027f8                xQueueGenericCreateStatic
 .text.xQueueGenericCreate
                0x00000000080028e8       0x74 ./Middlewares/Third_Party/FreeRTOS/queue.o
                0x00000000080028e8                xQueueGenericCreate
 .text.prvInitialiseNewQueue
                0x000000000800295c       0x46 ./Middlewares/Third_Party/FreeRTOS/queue.o
 .text.prvInitialiseMutex
                0x00000000080029a2       0x34 ./Middlewares/Third_Party/FreeRTOS/queue.o
 .text.xQueueCreateMutex
                0x00000000080029d6       0x30 ./Middlewares/Third_Party/FreeRTOS/queue.o
                0x00000000080029d6                xQueueCreateMutex
 .text.xQueueCreateMutexStatic
                0x0000000008002a06       0x36 ./Middlewares/Third_Party/FreeRTOS/queue.o
                0x0000000008002a06                xQueueCreateMutexStatic
 .text.xQueueGenericSend
                0x0000000008002a3c      0x1fc ./Middlewares/Third_Party/FreeRTOS/queue.o
                0x0000000008002a3c                xQueueGenericSend
 .text.xQueueGenericSendFromISR
                0x0000000008002c38      0x136 ./Middlewares/Third_Party/FreeRTOS/queue.o
                0x0000000008002c38                xQueueGenericSendFromISR
 *fill*         0x0000000008002d6e        0x2 
 .text.xQueueReceive
                0x0000000008002d70      0x1c0 ./Middlewares/Third_Party/FreeRTOS/queue.o
                0x0000000008002d70                xQueueReceive
 .text.prvCopyDataToQueue
                0x0000000008002f30       0xd4 ./Middlewares/Third_Party/FreeRTOS/queue.o
 .text.prvCopyDataFromQueue
                0x0000000008003004       0x4c ./Middlewares/Third_Party/FreeRTOS/queue.o
 .text.prvUnlockQueue
                0x0000000008003050       0xa4 ./Middlewares/Third_Party/FreeRTOS/queue.o
 .text.prvIsQueueEmpty
                0x00000000080030f4       0x2c ./Middlewares/Third_Party/FreeRTOS/queue.o
 .text.prvIsQueueFull
                0x0000000008003120       0x30 ./Middlewares/Third_Party/FreeRTOS/queue.o
 .text.vQueueAddToRegistry
                0x0000000008003150       0x54 ./Middlewares/Third_Party/FreeRTOS/queue.o
                0x0000000008003150                vQueueAddToRegistry
 .text.vQueueWaitForMessageRestricted
                0x00000000080031a4       0x68 ./Middlewares/Third_Party/FreeRTOS/queue.o
                0x00000000080031a4                vQueueWaitForMessageRestricted
 .text.xTaskCreateStatic
                0x000000000800320c       0xba ./Middlewares/Third_Party/FreeRTOS/tasks.o
                0x000000000800320c                xTaskCreateStatic
 .text.xTaskCreate
                0x00000000080032c6       0x8a ./Middlewares/Third_Party/FreeRTOS/tasks.o
                0x00000000080032c6                xTaskCreate
 .text.prvInitialiseNewTask
                0x0000000008003350      0x14c ./Middlewares/Third_Party/FreeRTOS/tasks.o
 .text.prvAddNewTaskToReadyList
                0x000000000800349c       0xe0 ./Middlewares/Third_Party/FreeRTOS/tasks.o
 .text.vTaskDelay
                0x000000000800357c       0x68 ./Middlewares/Third_Party/FreeRTOS/tasks.o
                0x000000000800357c                vTaskDelay
 .text.vTaskStartScheduler
                0x00000000080035e4       0xe0 ./Middlewares/Third_Party/FreeRTOS/tasks.o
                0x00000000080035e4                vTaskStartScheduler
 .text.vTaskSuspendAll
                0x00000000080036c4       0x1c ./Middlewares/Third_Party/FreeRTOS/tasks.o
                0x00000000080036c4                vTaskSuspendAll
 .text.xTaskResumeAll
                0x00000000080036e0      0x13c ./Middlewares/Third_Party/FreeRTOS/tasks.o
                0x00000000080036e0                xTaskResumeAll
 .text.xTaskGetTickCount
                0x000000000800381c       0x20 ./Middlewares/Third_Party/FreeRTOS/tasks.o
                0x000000000800381c                xTaskGetTickCount
 .text.xTaskIncrementTick
                0x000000000800383c      0x174 ./Middlewares/Third_Party/FreeRTOS/tasks.o
                0x000000000800383c                xTaskIncrementTick
 .text.vTaskSwitchContext
                0x00000000080039b0       0xc8 ./Middlewares/Third_Party/FreeRTOS/tasks.o
                0x00000000080039b0                vTaskSwitchContext
 .text.vTaskPlaceOnEventList
                0x0000000008003a78       0x48 ./Middlewares/Third_Party/FreeRTOS/tasks.o
                0x0000000008003a78                vTaskPlaceOnEventList
 .text.vTaskPlaceOnEventListRestricted
                0x0000000008003ac0       0x58 ./Middlewares/Third_Party/FreeRTOS/tasks.o
                0x0000000008003ac0                vTaskPlaceOnEventListRestricted
 .text.xTaskRemoveFromEventList
                0x0000000008003b18       0xc8 ./Middlewares/Third_Party/FreeRTOS/tasks.o
                0x0000000008003b18                xTaskRemoveFromEventList
 .text.vTaskInternalSetTimeOutState
                0x0000000008003be0       0x2c ./Middlewares/Third_Party/FreeRTOS/tasks.o
                0x0000000008003be0                vTaskInternalSetTimeOutState
 .text.xTaskCheckForTimeOut
                0x0000000008003c0c       0xc4 ./Middlewares/Third_Party/FreeRTOS/tasks.o
                0x0000000008003c0c                xTaskCheckForTimeOut
 .text.vTaskMissedYield
                0x0000000008003cd0       0x18 ./Middlewares/Third_Party/FreeRTOS/tasks.o
                0x0000000008003cd0                vTaskMissedYield
 .text.prvIdleTask
                0x0000000008003ce8       0x30 ./Middlewares/Third_Party/FreeRTOS/tasks.o
 .text.prvInitialiseTaskLists
                0x0000000008003d18       0x80 ./Middlewares/Third_Party/FreeRTOS/tasks.o
 .text.prvCheckTasksWaitingTermination
                0x0000000008003d98       0x5c ./Middlewares/Third_Party/FreeRTOS/tasks.o
 .text.prvDeleteTCB
                0x0000000008003df4       0x68 ./Middlewares/Third_Party/FreeRTOS/tasks.o
 .text.prvResetNextTaskUnblockTime
                0x0000000008003e5c       0x40 ./Middlewares/Third_Party/FreeRTOS/tasks.o
 .text.xTaskGetSchedulerState
                0x0000000008003e9c       0x3c ./Middlewares/Third_Party/FreeRTOS/tasks.o
                0x0000000008003e9c                xTaskGetSchedulerState
 .text.xTaskPriorityDisinherit
                0x0000000008003ed8       0xdc ./Middlewares/Third_Party/FreeRTOS/tasks.o
                0x0000000008003ed8                xTaskPriorityDisinherit
 .text.prvAddCurrentTaskToDelayedList
                0x0000000008003fb4       0xa8 ./Middlewares/Third_Party/FreeRTOS/tasks.o
 .text.xTimerCreateTimerTask
                0x000000000800405c       0x90 ./Middlewares/Third_Party/FreeRTOS/timers.o
                0x000000000800405c                xTimerCreateTimerTask
 .text.xTimerGenericCommand
                0x00000000080040ec       0x9c ./Middlewares/Third_Party/FreeRTOS/timers.o
                0x00000000080040ec                xTimerGenericCommand
 .text.prvProcessExpiredTimer
                0x0000000008004188       0x98 ./Middlewares/Third_Party/FreeRTOS/timers.o
 .text.prvTimerTask
                0x0000000008004220       0x24 ./Middlewares/Third_Party/FreeRTOS/timers.o
 .text.prvProcessTimerOrBlockTask
                0x0000000008004244       0x9c ./Middlewares/Third_Party/FreeRTOS/timers.o
 .text.prvGetNextExpireTime
                0x00000000080042e0       0x48 ./Middlewares/Third_Party/FreeRTOS/timers.o
 .text.prvSampleTimeNow
                0x0000000008004328       0x40 ./Middlewares/Third_Party/FreeRTOS/timers.o
 .text.prvInsertTimerInActiveList
                0x0000000008004368       0x84 ./Middlewares/Third_Party/FreeRTOS/timers.o
 .text.prvProcessReceivedCommands
                0x00000000080043ec      0x1c4 ./Middlewares/Third_Party/FreeRTOS/timers.o
 .text.prvSwitchTimerLists
                0x00000000080045b0       0xc8 ./Middlewares/Third_Party/FreeRTOS/timers.o
 .text.prvCheckForValidListAndQueue
                0x0000000008004678       0x80 ./Middlewares/Third_Party/FreeRTOS/timers.o
 .text.__libc_init_array
                0x00000000080046f8       0x48 c:/st/stm32cubeide_1.6.0/stm32cubeide/plugins/com.st.stm32cube.ide.mcu.externaltools.gnu-tools-for-stm32.9-2020-q2-update.win32_2.0.0.202105311346/tools/bin/../lib/gcc/arm-none-eabi/9.3.1/../../../../arm-none-eabi/lib/thumb/v7e-m+dp/hard\libc_nano.a(lib_a-init.o)
                0x00000000080046f8                __libc_init_array
 .text.__retarget_lock_acquire_recursive
                0x0000000008004740        0x2 c:/st/stm32cubeide_1.6.0/stm32cubeide/plugins/com.st.stm32cube.ide.mcu.externaltools.gnu-tools-for-stm32.9-2020-q2-update.win32_2.0.0.202105311346/tools/bin/../lib/gcc/arm-none-eabi/9.3.1/../../../../arm-none-eabi/lib/thumb/v7e-m+dp/hard\libc_nano.a(lib_a-lock.o)
                0x0000000008004740                __retarget_lock_acquire_recursive
 .text.__retarget_lock_release_recursive
                0x0000000008004742        0x2 c:/st/stm32cubeide_1.6.0/stm32cubeide/plugins/com.st.stm32cube.ide.mcu.externaltools.gnu-tools-for-stm32.9-2020-q2-update.win32_2.0.0.202105311346/tools/bin/../lib/gcc/arm-none-eabi/9.3.1/../../../../arm-none-eabi/lib/thumb/v7e-m+dp/hard\libc_nano.a(lib_a-lock.o)
                0x0000000008004742                __retarget_lock_release_recursive
 .text.memcpy   0x0000000008004744       0x1c c:/st/stm32cubeide_1.6.0/stm32cubeide/plugins/com.st.stm32cube.ide.mcu.externaltools.gnu-tools-for-stm32.9-2020-q2-update.win32_2.0.0.202105311346/tools/bin/../lib/gcc/arm-none-eabi/9.3.1/../../../../arm-none-eabi/lib/thumb/v7e-m+dp/hard\libc_nano.a(lib_a-memcpy-stub.o)
                0x0000000008004744                memcpy
 .text.memset   0x0000000008004760       0x10 c:/st/stm32cubeide_1.6.0/stm32cubeide/plugins/com.st.stm32cube.ide.mcu.externaltools.gnu-tools-for-stm32.9-2020-q2-update.win32_2.0.0.202105311346/tools/bin/../lib/gcc/arm-none-eabi/9.3.1/../../../../arm-none-eabi/lib/thumb/v7e-m+dp/hard\libc_nano.a(lib_a-memset.o)
                0x0000000008004760                memset
 .text._free_r  0x0000000008004770       0xa0 c:/st/stm32cubeide_1.6.0/stm32cubeide/plugins/com.st.stm32cube.ide.mcu.externaltools.gnu-tools-for-stm32.9-2020-q2-update.win32_2.0.0.202105311346/tools/bin/../lib/gcc/arm-none-eabi/9.3.1/../../../../arm-none-eabi/lib/thumb/v7e-m+dp/hard\libc_nano.a(lib_a-nano-freer.o)
                0x0000000008004770                _free_r
 .text.cleanup_glue
                0x0000000008004810       0x1a c:/st/stm32cubeide_1.6.0/stm32cubeide/plugins/com.st.stm32cube.ide.mcu.externaltools.gnu-tools-for-stm32.9-2020-q2-update.win32_2.0.0.202105311346/tools/bin/../lib/gcc/arm-none-eabi/9.3.1/../../../../arm-none-eabi/lib/thumb/v7e-m+dp/hard\libc_nano.a(lib_a-reent.o)
                0x0000000008004810                cleanup_glue
 *fill*         0x000000000800482a        0x2 
 .text._reclaim_reent
                0x000000000800482c       0xb8 c:/st/stm32cubeide_1.6.0/stm32cubeide/plugins/com.st.stm32cube.ide.mcu.externaltools.gnu-tools-for-stm32.9-2020-q2-update.win32_2.0.0.202105311346/tools/bin/../lib/gcc/arm-none-eabi/9.3.1/../../../../arm-none-eabi/lib/thumb/v7e-m+dp/hard\libc_nano.a(lib_a-reent.o)
                0x000000000800482c                _reclaim_reent
 .text.__malloc_lock
                0x00000000080048e4        0xc c:/st/stm32cubeide_1.6.0/stm32cubeide/plugins/com.st.stm32cube.ide.mcu.externaltools.gnu-tools-for-stm32.9-2020-q2-update.win32_2.0.0.202105311346/tools/bin/../lib/gcc/arm-none-eabi/9.3.1/../../../../arm-none-eabi/lib/thumb/v7e-m+dp/hard\libc_nano.a(lib_a-mlock.o)
                0x00000000080048e4                __malloc_lock
 .text.__malloc_unlock
                0x00000000080048f0        0xc c:/st/stm32cubeide_1.6.0/stm32cubeide/plugins/com.st.stm32cube.ide.mcu.externaltools.gnu-tools-for-stm32.9-2020-q2-update.win32_2.0.0.202105311346/tools/bin/../lib/gcc/arm-none-eabi/9.3.1/../../../../arm-none-eabi/lib/thumb/v7e-m+dp/hard\libc_nano.a(lib_a-mlock.o)
                0x00000000080048f0                __malloc_unlock
 *(.glue_7)
 .glue_7        0x00000000080048fc        0x0 linker stubs
 *(.glue_7t)
 .glue_7t       0x00000000080048fc        0x0 linker stubs
 *(.eh_frame)
 .eh_frame      0x00000000080048fc        0x0 c:/st/stm32cubeide_1.6.0/stm32cubeide/plugins/com.st.stm32cube.ide.mcu.externaltools.gnu-tools-for-stm32.9-2020-q2-update.win32_2.0.0.202105311346/tools/bin/../lib/gcc/arm-none-eabi/9.3.1/thumb/v7e-m+dp/hard/crtbegin.o
 *(.init)
 .init          0x00000000080048fc        0x4 c:/st/stm32cubeide_1.6.0/stm32cubeide/plugins/com.st.stm32cube.ide.mcu.externaltools.gnu-tools-for-stm32.9-2020-q2-update.win32_2.0.0.202105311346/tools/bin/../lib/gcc/arm-none-eabi/9.3.1/thumb/v7e-m+dp/hard/crti.o
                0x00000000080048fc                _init
 .init          0x0000000008004900        0x8 c:/st/stm32cubeide_1.6.0/stm32cubeide/plugins/com.st.stm32cube.ide.mcu.externaltools.gnu-tools-for-stm32.9-2020-q2-update.win32_2.0.0.202105311346/tools/bin/../lib/gcc/arm-none-eabi/9.3.1/thumb/v7e-m+dp/hard/crtn.o
 *(.fini)
 .fini          0x0000000008004908        0x4 c:/st/stm32cubeide_1.6.0/stm32cubeide/plugins/com.st.stm32cube.ide.mcu.externaltools.gnu-tools-for-stm32.9-2020-q2-update.win32_2.0.0.202105311346/tools/bin/../lib/gcc/arm-none-eabi/9.3.1/thumb/v7e-m+dp/hard/crti.o
                0x0000000008004908                _fini
 .fini          0x000000000800490c        0x8 c:/st/stm32cubeide_1.6.0/stm32cubeide/plugins/com.st.stm32cube.ide.mcu.externaltools.gnu-tools-for-stm32.9-2020-q2-update.win32_2.0.0.202105311346/tools/bin/../lib/gcc/arm-none-eabi/9.3.1/thumb/v7e-m+dp/hard/crtn.o
                0x0000000008004914                . = ALIGN (0x4)
                0x0000000008004914                _etext = .

.vfp11_veneer   0x0000000008004914        0x0
 .vfp11_veneer  0x0000000008004914        0x0 linker stubs

.v4_bx          0x0000000008004914        0x0
 .v4_bx         0x0000000008004914        0x0 linker stubs

.iplt           0x0000000008004914        0x0
 .iplt          0x0000000008004914        0x0 c:/st/stm32cubeide_1.6.0/stm32cubeide/plugins/com.st.stm32cube.ide.mcu.externaltools.gnu-tools-for-stm32.9-2020-q2-update.win32_2.0.0.202105311346/tools/bin/../lib/gcc/arm-none-eabi/9.3.1/thumb/v7e-m+dp/hard/crtbegin.o

.rodata         0x0000000008004914       0xd4
                0x0000000008004914                . = ALIGN (0x4)
 *(.rodata)
 .rodata        0x0000000008004914       0x16 ./Core/Src/freertos.o
 *fill*         0x000000000800492a        0x2 
 .rodata        0x000000000800492c        0x5 ./Middlewares/Third_Party/FreeRTOS/tasks.o
 *fill*         0x0000000008004931        0x3 
 .rodata        0x0000000008004934        0xd ./Middlewares/Third_Party/FreeRTOS/timers.o
 *(.rodata*)
 *fill*         0x0000000008004941        0x3 
 .rodata.D1CorePrescTable
                0x0000000008004944       0x10 ./Common/Src/system_stm32h7xx_dualcore_boot_cm4_cm7.o
                0x0000000008004944                D1CorePrescTable
 .rodata.defaultTask_attributes
                0x0000000008004954       0x24 ./Core/Src/freertos.o
                0x0000000008004954                defaultTask_attributes
 .rodata.myMutex01_attributes
                0x0000000008004978       0x10 ./Core/Src/freertos.o
                0x0000000008004978                myMutex01_attributes
 .rodata.__sf_fake_stderr
                0x0000000008004988       0x20 c:/st/stm32cubeide_1.6.0/stm32cubeide/plugins/com.st.stm32cube.ide.mcu.externaltools.gnu-tools-for-stm32.9-2020-q2-update.win32_2.0.0.202105311346/tools/bin/../lib/gcc/arm-none-eabi/9.3.1/../../../../arm-none-eabi/lib/thumb/v7e-m+dp/hard\libc_nano.a(lib_a-findfp.o)
                0x0000000008004988                __sf_fake_stderr
 .rodata.__sf_fake_stdin
                0x00000000080049a8       0x20 c:/st/stm32cubeide_1.6.0/stm32cubeide/plugins/com.st.stm32cube.ide.mcu.externaltools.gnu-tools-for-stm32.9-2020-q2-update.win32_2.0.0.202105311346/tools/bin/../lib/gcc/arm-none-eabi/9.3.1/../../../../arm-none-eabi/lib/thumb/v7e-m+dp/hard\libc_nano.a(lib_a-findfp.o)
                0x00000000080049a8                __sf_fake_stdin
 .rodata.__sf_fake_stdout
                0x00000000080049c8       0x20 c:/st/stm32cubeide_1.6.0/stm32cubeide/plugins/com.st.stm32cube.ide.mcu.externaltools.gnu-tools-for-stm32.9-2020-q2-update.win32_2.0.0.202105311346/tools/bin/../lib/gcc/arm-none-eabi/9.3.1/../../../../arm-none-eabi/lib/thumb/v7e-m+dp/hard\libc_nano.a(lib_a-findfp.o)
                0x00000000080049c8                __sf_fake_stdout
                0x00000000080049e8                . = ALIGN (0x4)

.rel.dyn        0x00000000080049e8        0x0
 .rel.iplt      0x00000000080049e8        0x0 c:/st/stm32cubeide_1.6.0/stm32cubeide/plugins/com.st.stm32cube.ide.mcu.externaltools.gnu-tools-for-stm32.9-2020-q2-update.win32_2.0.0.202105311346/tools/bin/../lib/gcc/arm-none-eabi/9.3.1/thumb/v7e-m+dp/hard/crtbegin.o

.ARM.extab      0x00000000080049e8        0x0
                0x00000000080049e8                . = ALIGN (0x4)
 *(.ARM.extab* .gnu.linkonce.armextab.*)
                0x00000000080049e8                . = ALIGN (0x4)

.ARM            0x00000000080049e8        0x0
                0x00000000080049e8                . = ALIGN (0x4)
                0x00000000080049e8                __exidx_start = .
 *(.ARM.exidx*)
                0x00000000080049e8                __exidx_end = .
                0x00000000080049e8                . = ALIGN (0x4)

.preinit_array  0x00000000080049e8        0x0
                0x00000000080049e8                . = ALIGN (0x4)
                0x00000000080049e8                PROVIDE (__preinit_array_start = .)
 *(.preinit_array*)
                0x00000000080049e8                PROVIDE (__preinit_array_end = .)
                0x00000000080049e8                . = ALIGN (0x4)

.init_array     0x00000000080049e8        0x4
                0x00000000080049e8                . = ALIGN (0x4)
                0x00000000080049e8                PROVIDE (__init_array_start = .)
 *(SORT_BY_NAME(.init_array.*))
 *(.init_array*)
 .init_array    0x00000000080049e8        0x4 c:/st/stm32cubeide_1.6.0/stm32cubeide/plugins/com.st.stm32cube.ide.mcu.externaltools.gnu-tools-for-stm32.9-2020-q2-update.win32_2.0.0.202105311346/tools/bin/../lib/gcc/arm-none-eabi/9.3.1/thumb/v7e-m+dp/hard/crtbegin.o
                0x00000000080049ec                PROVIDE (__init_array_end = .)
                0x00000000080049ec                . = ALIGN (0x4)

.fini_array     0x00000000080049ec        0x4
                0x00000000080049ec                . = ALIGN (0x4)
                [!provide]                        PROVIDE (__fini_array_start = .)
 *(SORT_BY_NAME(.fini_array.*))
 *(.fini_array*)
 .fini_array    0x00000000080049ec        0x4 c:/st/stm32cubeide_1.6.0/stm32cubeide/plugins/com.st.stm32cube.ide.mcu.externaltools.gnu-tools-for-stm32.9-2020-q2-update.win32_2.0.0.202105311346/tools/bin/../lib/gcc/arm-none-eabi/9.3.1/thumb/v7e-m+dp/hard/crtbegin.o
                [!provide]                        PROVIDE (__fini_array_end = .)
                0x00000000080049f0                . = ALIGN (0x4)
                0x00000000080049f0                _sidata = LOADADDR (.data)

.data           0x0000000024000000       0x78 load address 0x00000000080049f0
                0x0000000024000000                . = ALIGN (0x4)
                0x0000000024000000                _sdata = .
 *(.data)
 *(.data*)
 .data.SystemCoreClock
                0x0000000024000000        0x4 ./Common/Src/system_stm32h7xx_dualcore_boot_cm4_cm7.o
                0x0000000024000000                SystemCoreClock
 .data.SystemD2Clock
                0x0000000024000004        0x4 ./Common/Src/system_stm32h7xx_dualcore_boot_cm4_cm7.o
                0x0000000024000004                SystemD2Clock
 .data.uwTickPrio
                0x0000000024000008        0x4 ./Drivers/STM32H7xx_HAL_Driver/stm32h7xx_hal.o
                0x0000000024000008                uwTickPrio
 .data.uwTickFreq
                0x000000002400000c        0x1 ./Drivers/STM32H7xx_HAL_Driver/stm32h7xx_hal.o
                0x000000002400000c                uwTickFreq
 *fill*         0x000000002400000d        0x3 
 .data.uxCriticalNesting
                0x0000000024000010        0x4 ./Middlewares/Third_Party/FreeRTOS/port.o
 .data._impure_ptr
                0x0000000024000014        0x4 c:/st/stm32cubeide_1.6.0/stm32cubeide/plugins/com.st.stm32cube.ide.mcu.externaltools.gnu-tools-for-stm32.9-2020-q2-update.win32_2.0.0.202105311346/tools/bin/../lib/gcc/arm-none-eabi/9.3.1/../../../../arm-none-eabi/lib/thumb/v7e-m+dp/hard\libc_nano.a(lib_a-impure.o)
                0x0000000024000014                _impure_ptr
 .data.impure_data
                0x0000000024000018       0x60 c:/st/stm32cubeide_1.6.0/stm32cubeide/plugins/com.st.stm32cube.ide.mcu.externaltools.gnu-tools-for-stm32.9-2020-q2-update.win32_2.0.0.202105311346/tools/bin/../lib/gcc/arm-none-eabi/9.3.1/../../../../arm-none-eabi/lib/thumb/v7e-m+dp/hard\libc_nano.a(lib_a-impure.o)
 *(.RamFunc)
 *(.RamFunc*)
                0x0000000024000078                . = ALIGN (0x4)
                0x0000000024000078                _edata = .

.igot.plt       0x0000000024000078        0x0 load address 0x0000000008004a68
 .igot.plt      0x0000000024000078        0x0 c:/st/stm32cubeide_1.6.0/stm32cubeide/plugins/com.st.stm32cube.ide.mcu.externaltools.gnu-tools-for-stm32.9-2020-q2-update.win32_2.0.0.202105311346/tools/bin/../lib/gcc/arm-none-eabi/9.3.1/thumb/v7e-m+dp/hard/crtbegin.o
                0x0000000024000078                . = ALIGN (0x4)

.bss            0x0000000024000078     0x4a48 load address 0x0000000008004a68
                0x0000000024000078                _sbss = .
                0x0000000024000078                __bss_start__ = _sbss
 *(.bss)
 .bss           0x0000000024000078       0x1c c:/st/stm32cubeide_1.6.0/stm32cubeide/plugins/com.st.stm32cube.ide.mcu.externaltools.gnu-tools-for-stm32.9-2020-q2-update.win32_2.0.0.202105311346/tools/bin/../lib/gcc/arm-none-eabi/9.3.1/thumb/v7e-m+dp/hard/crtbegin.o
 *(.bss*)
 .bss.KernelState
                0x0000000024000094        0x4 ./Middlewares/Third_Party/FreeRTOS/cmsis_os2.o
 .bss.Idle_TCB.12021
                0x0000000024000098       0xbc ./Middlewares/Third_Party/FreeRTOS/cmsis_os2.o
 .bss.Idle_Stack.12022
                0x0000000024000154      0x200 ./Middlewares/Third_Party/FreeRTOS/cmsis_os2.o
 .bss.Timer_TCB.12028
                0x0000000024000354       0xbc ./Middlewares/Third_Party/FreeRTOS/cmsis_os2.o
 .bss.Timer_Stack.12029
                0x0000000024000410      0x400 ./Middlewares/Third_Party/FreeRTOS/cmsis_os2.o
 .bss.ucHeap    0x0000000024000810     0x3c00 ./Middlewares/Third_Party/FreeRTOS/heap_4.o
 .bss.xStart    0x0000000024004410        0x8 ./Middlewares/Third_Party/FreeRTOS/heap_4.o
 .bss.pxEnd     0x0000000024004418        0x4 ./Middlewares/Third_Party/FreeRTOS/heap_4.o
 .bss.xFreeBytesRemaining
                0x000000002400441c        0x4 ./Middlewares/Third_Party/FreeRTOS/heap_4.o
 .bss.xMinimumEverFreeBytesRemaining
                0x0000000024004420        0x4 ./Middlewares/Third_Party/FreeRTOS/heap_4.o
 .bss.xNumberOfSuccessfulAllocations
                0x0000000024004424        0x4 ./Middlewares/Third_Party/FreeRTOS/heap_4.o
 .bss.xNumberOfSuccessfulFrees
                0x0000000024004428        0x4 ./Middlewares/Third_Party/FreeRTOS/heap_4.o
 .bss.xBlockAllocatedBit
                0x000000002400442c        0x4 ./Middlewares/Third_Party/FreeRTOS/heap_4.o
 .bss.ucMaxSysCallPriority
                0x0000000024004430        0x1 ./Middlewares/Third_Party/FreeRTOS/port.o
 *fill*         0x0000000024004431        0x3 
 .bss.ulMaxPRIGROUPValue
                0x0000000024004434        0x4 ./Middlewares/Third_Party/FreeRTOS/port.o
 .bss.pxCurrentTCB
                0x0000000024004438        0x4 ./Middlewares/Third_Party/FreeRTOS/tasks.o
                0x0000000024004438                pxCurrentTCB
 .bss.pxReadyTasksLists
                0x000000002400443c      0x460 ./Middlewares/Third_Party/FreeRTOS/tasks.o
 .bss.xDelayedTaskList1
                0x000000002400489c       0x14 ./Middlewares/Third_Party/FreeRTOS/tasks.o
 .bss.xDelayedTaskList2
                0x00000000240048b0       0x14 ./Middlewares/Third_Party/FreeRTOS/tasks.o
 .bss.pxDelayedTaskList
                0x00000000240048c4        0x4 ./Middlewares/Third_Party/FreeRTOS/tasks.o
 .bss.pxOverflowDelayedTaskList
                0x00000000240048c8        0x4 ./Middlewares/Third_Party/FreeRTOS/tasks.o
 .bss.xPendingReadyList
                0x00000000240048cc       0x14 ./Middlewares/Third_Party/FreeRTOS/tasks.o
 .bss.xTasksWaitingTermination
                0x00000000240048e0       0x14 ./Middlewares/Third_Party/FreeRTOS/tasks.o
 .bss.uxDeletedTasksWaitingCleanUp
                0x00000000240048f4        0x4 ./Middlewares/Third_Party/FreeRTOS/tasks.o
 .bss.xSuspendedTaskList
                0x00000000240048f8       0x14 ./Middlewares/Third_Party/FreeRTOS/tasks.o
 .bss.uxCurrentNumberOfTasks
                0x000000002400490c        0x4 ./Middlewares/Third_Party/FreeRTOS/tasks.o
 .bss.xTickCount
                0x0000000024004910        0x4 ./Middlewares/Third_Party/FreeRTOS/tasks.o
 .bss.uxTopReadyPriority
                0x0000000024004914        0x4 ./Middlewares/Third_Party/FreeRTOS/tasks.o
 .bss.xSchedulerRunning
                0x0000000024004918        0x4 ./Middlewares/Third_Party/FreeRTOS/tasks.o
 .bss.xPendedTicks
                0x000000002400491c        0x4 ./Middlewares/Third_Party/FreeRTOS/tasks.o
 .bss.xYieldPending
                0x0000000024004920        0x4 ./Middlewares/Third_Party/FreeRTOS/tasks.o
 .bss.xNumOfOverflows
                0x0000000024004924        0x4 ./Middlewares/Third_Party/FreeRTOS/tasks.o
 .bss.uxTaskNumber
                0x0000000024004928        0x4 ./Middlewares/Third_Party/FreeRTOS/tasks.o
 .bss.xNextTaskUnblockTime
                0x000000002400492c        0x4 ./Middlewares/Third_Party/FreeRTOS/tasks.o
 .bss.xIdleTaskHandle
                0x0000000024004930        0x4 ./Middlewares/Third_Party/FreeRTOS/tasks.o
 .bss.uxSchedulerSuspended
                0x0000000024004934        0x4 ./Middlewares/Third_Party/FreeRTOS/tasks.o
 .bss.xActiveTimerList1
                0x0000000024004938       0x14 ./Middlewares/Third_Party/FreeRTOS/timers.o
 .bss.xActiveTimerList2
                0x000000002400494c       0x14 ./Middlewares/Third_Party/FreeRTOS/timers.o
 .bss.pxCurrentTimerList
                0x0000000024004960        0x4 ./Middlewares/Third_Party/FreeRTOS/timers.o
 .bss.pxOverflowTimerList
                0x0000000024004964        0x4 ./Middlewares/Third_Party/FreeRTOS/timers.o
 .bss.xTimerQueue
                0x0000000024004968        0x4 ./Middlewares/Third_Party/FreeRTOS/timers.o
 .bss.xTimerTaskHandle
                0x000000002400496c        0x4 ./Middlewares/Third_Party/FreeRTOS/timers.o
 .bss.xLastTime.7012
                0x0000000024004970        0x4 ./Middlewares/Third_Party/FreeRTOS/timers.o
 .bss.ucStaticTimerQueueStorage.7063
                0x0000000024004974       0xa0 ./Middlewares/Third_Party/FreeRTOS/timers.o
 .bss.xStaticTimerQueue.7062
                0x0000000024004a14       0x50 ./Middlewares/Third_Party/FreeRTOS/timers.o
 .bss.__malloc_free_list
                0x0000000024004a64        0x4 c:/st/stm32cubeide_1.6.0/stm32cubeide/plugins/com.st.stm32cube.ide.mcu.externaltools.gnu-tools-for-stm32.9-2020-q2-update.win32_2.0.0.202105311346/tools/bin/../lib/gcc/arm-none-eabi/9.3.1/../../../../arm-none-eabi/lib/thumb/v7e-m+dp/hard\libc_nano.a(lib_a-nano-mallocr.o)
                0x0000000024004a64                __malloc_free_list
 *(COMMON)
 COMMON         0x0000000024004a68        0x8 ./Core/Src/freertos.o
                0x0000000024004a68                defaultTaskHandle
                0x0000000024004a6c                myMutex01Handle
 COMMON         0x0000000024004a70        0x4 ./Drivers/STM32H7xx_HAL_Driver/stm32h7xx_hal.o
                0x0000000024004a70                uwTick
 COMMON         0x0000000024004a74       0x40 ./Middlewares/Third_Party/FreeRTOS/queue.o
                0x0000000024004a74                xQueueRegistry
 COMMON         0x0000000024004ab4        0x9 c:/st/stm32cubeide_1.6.0/stm32cubeide/plugins/com.st.stm32cube.ide.mcu.externaltools.gnu-tools-for-stm32.9-2020-q2-update.win32_2.0.0.202105311346/tools/bin/../lib/gcc/arm-none-eabi/9.3.1/../../../../arm-none-eabi/lib/thumb/v7e-m+dp/hard\libc_nano.a(lib_a-lock.o)
                0x0000000024004ab4                __lock___atexit_recursive_mutex
                0x0000000024004ab5                __lock___arc4random_mutex
                0x0000000024004ab6                __lock___env_recursive_mutex
                0x0000000024004ab7                __lock___sinit_recursive_mutex
                0x0000000024004ab8                __lock___malloc_recursive_mutex
                0x0000000024004ab9                __lock___at_quick_exit_mutex
                0x0000000024004aba                __lock___dd_hash_mutex
                0x0000000024004abb                __lock___tz_mutex
                0x0000000024004abc                __lock___sfp_recursive_mutex
                0x0000000024004ac0                . = ALIGN (0x4)
 *fill*         0x0000000024004abd        0x3 
                0x0000000024004ac0                _ebss = .
                0x0000000024004ac0                __bss_end__ = _ebss

._user_heap_stack
                0x0000000024004ac0      0x600 load address 0x0000000008004a68
                0x0000000024004ac0                . = ALIGN (0x8)
                [!provide]                        PROVIDE (end = .)
                0x0000000024004ac0                PROVIDE (_end = .)
                0x0000000024004cc0                . = (. + _Min_Heap_Size)
 *fill*         0x0000000024004ac0      0x200 
                0x00000000240050c0                . = (. + _Min_Stack_Size)
 *fill*         0x0000000024004cc0      0x400 
                0x00000000240050c0                . = ALIGN (0x8)

/DISCARD/
 libc.a(*)
 libm.a(*)
 libgcc.a(*)

.ARM.attributes
                0x0000000000000000       0x2e
 *(.ARM.attributes)
 .ARM.attributes
                0x0000000000000000       0x1e c:/st/stm32cubeide_1.6.0/stm32cubeide/plugins/com.st.stm32cube.ide.mcu.externaltools.gnu-tools-for-stm32.9-2020-q2-update.win32_2.0.0.202105311346/tools/bin/../lib/gcc/arm-none-eabi/9.3.1/thumb/v7e-m+dp/hard/crti.o
 .ARM.attributes
                0x000000000000001e       0x32 c:/st/stm32cubeide_1.6.0/stm32cubeide/plugins/com.st.stm32cube.ide.mcu.externaltools.gnu-tools-for-stm32.9-2020-q2-update.win32_2.0.0.202105311346/tools/bin/../lib/gcc/arm-none-eabi/9.3.1/thumb/v7e-m+dp/hard/crtbegin.o
 .ARM.attributes
                0x0000000000000050       0x32 ./Common/Src/system_stm32h7xx_dualcore_boot_cm4_cm7.o
 .ARM.attributes
                0x0000000000000082       0x32 ./Core/Src/freertos.o
 .ARM.attributes
                0x00000000000000b4       0x32 ./Core/Src/main.o
 .ARM.attributes
                0x00000000000000e6       0x32 ./Core/Src/stm32h7xx_hal_msp.o
 .ARM.attributes
                0x0000000000000118       0x32 ./Core/Src/stm32h7xx_it.o
 .ARM.attributes
                0x000000000000014a       0x21 ./Core/Startup/startup_stm32h755zitx.o
 .ARM.attributes
                0x000000000000016b       0x32 ./Drivers/STM32H7xx_HAL_Driver/stm32h7xx_hal.o
 .ARM.attributes
                0x000000000000019d       0x32 ./Drivers/STM32H7xx_HAL_Driver/stm32h7xx_hal_cortex.o
 .ARM.attributes
                0x00000000000001cf       0x32 ./Drivers/STM32H7xx_HAL_Driver/stm32h7xx_hal_hsem.o
 .ARM.attributes
                0x0000000000000201       0x32 ./Drivers/STM32H7xx_HAL_Driver/stm32h7xx_hal_pwr_ex.o
 .ARM.attributes
                0x0000000000000233       0x32 ./Drivers/STM32H7xx_HAL_Driver/stm32h7xx_hal_rcc.o
 .ARM.attributes
                0x0000000000000265       0x32 ./Middlewares/Third_Party/FreeRTOS/cmsis_os2.o
 .ARM.attributes
                0x0000000000000297       0x32 ./Middlewares/Third_Party/FreeRTOS/heap_4.o
 .ARM.attributes
                0x00000000000002c9       0x32 ./Middlewares/Third_Party/FreeRTOS/list.o
 .ARM.attributes
                0x00000000000002fb       0x32 ./Middlewares/Third_Party/FreeRTOS/port.o
 .ARM.attributes
                0x000000000000032d       0x32 ./Middlewares/Third_Party/FreeRTOS/queue.o
 .ARM.attributes
                0x000000000000035f       0x32 ./Middlewares/Third_Party/FreeRTOS/tasks.o
 .ARM.attributes
                0x0000000000000391       0x32 ./Middlewares/Third_Party/FreeRTOS/timers.o
 .ARM.attributes
                0x00000000000003c3       0x32 c:/st/stm32cubeide_1.6.0/stm32cubeide/plugins/com.st.stm32cube.ide.mcu.externaltools.gnu-tools-for-stm32.9-2020-q2-update.win32_2.0.0.202105311346/tools/bin/../lib/gcc/arm-none-eabi/9.3.1/../../../../arm-none-eabi/lib/thumb/v7e-m+dp/hard\libc_nano.a(lib_a-findfp.o)
 .ARM.attributes
                0x00000000000003f5       0x30 c:/st/stm32cubeide_1.6.0/stm32cubeide/plugins/com.st.stm32cube.ide.mcu.externaltools.gnu-tools-for-stm32.9-2020-q2-update.win32_2.0.0.202105311346/tools/bin/../lib/gcc/arm-none-eabi/9.3.1/../../../../arm-none-eabi/lib/thumb/v7e-m+dp/hard\libc_nano.a(lib_a-impure.o)
 .ARM.attributes
                0x0000000000000425       0x32 c:/st/stm32cubeide_1.6.0/stm32cubeide/plugins/com.st.stm32cube.ide.mcu.externaltools.gnu-tools-for-stm32.9-2020-q2-update.win32_2.0.0.202105311346/tools/bin/../lib/gcc/arm-none-eabi/9.3.1/../../../../arm-none-eabi/lib/thumb/v7e-m+dp/hard\libc_nano.a(lib_a-init.o)
 .ARM.attributes
                0x0000000000000457       0x32 c:/st/stm32cubeide_1.6.0/stm32cubeide/plugins/com.st.stm32cube.ide.mcu.externaltools.gnu-tools-for-stm32.9-2020-q2-update.win32_2.0.0.202105311346/tools/bin/../lib/gcc/arm-none-eabi/9.3.1/../../../../arm-none-eabi/lib/thumb/v7e-m+dp/hard\libc_nano.a(lib_a-lock.o)
 .ARM.attributes
                0x0000000000000489       0x32 c:/st/stm32cubeide_1.6.0/stm32cubeide/plugins/com.st.stm32cube.ide.mcu.externaltools.gnu-tools-for-stm32.9-2020-q2-update.win32_2.0.0.202105311346/tools/bin/../lib/gcc/arm-none-eabi/9.3.1/../../../../arm-none-eabi/lib/thumb/v7e-m+dp/hard\libc_nano.a(lib_a-memcpy-stub.o)
 .ARM.attributes
                0x00000000000004bb       0x32 c:/st/stm32cubeide_1.6.0/stm32cubeide/plugins/com.st.stm32cube.ide.mcu.externaltools.gnu-tools-for-stm32.9-2020-q2-update.win32_2.0.0.202105311346/tools/bin/../lib/gcc/arm-none-eabi/9.3.1/../../../../arm-none-eabi/lib/thumb/v7e-m+dp/hard\libc_nano.a(lib_a-memset.o)
 .ARM.attributes
                0x00000000000004ed       0x32 c:/st/stm32cubeide_1.6.0/stm32cubeide/plugins/com.st.stm32cube.ide.mcu.externaltools.gnu-tools-for-stm32.9-2020-q2-update.win32_2.0.0.202105311346/tools/bin/../lib/gcc/arm-none-eabi/9.3.1/../../../../arm-none-eabi/lib/thumb/v7e-m+dp/hard\libc_nano.a(lib_a-nano-freer.o)
 .ARM.attributes
                0x000000000000051f       0x32 c:/st/stm32cubeide_1.6.0/stm32cubeide/plugins/com.st.stm32cube.ide.mcu.externaltools.gnu-tools-for-stm32.9-2020-q2-update.win32_2.0.0.202105311346/tools/bin/../lib/gcc/arm-none-eabi/9.3.1/../../../../arm-none-eabi/lib/thumb/v7e-m+dp/hard\libc_nano.a(lib_a-nano-mallocr.o)
 .ARM.attributes
                0x0000000000000551       0x32 c:/st/stm32cubeide_1.6.0/stm32cubeide/plugins/com.st.stm32cube.ide.mcu.externaltools.gnu-tools-for-stm32.9-2020-q2-update.win32_2.0.0.202105311346/tools/bin/../lib/gcc/arm-none-eabi/9.3.1/../../../../arm-none-eabi/lib/thumb/v7e-m+dp/hard\libc_nano.a(lib_a-reent.o)
 .ARM.attributes
                0x0000000000000583       0x32 c:/st/stm32cubeide_1.6.0/stm32cubeide/plugins/com.st.stm32cube.ide.mcu.externaltools.gnu-tools-for-stm32.9-2020-q2-update.win32_2.0.0.202105311346/tools/bin/../lib/gcc/arm-none-eabi/9.3.1/../../../../arm-none-eabi/lib/thumb/v7e-m+dp/hard\libc_nano.a(lib_a-mlock.o)
 .ARM.attributes
                0x00000000000005b5       0x1e c:/st/stm32cubeide_1.6.0/stm32cubeide/plugins/com.st.stm32cube.ide.mcu.externaltools.gnu-tools-for-stm32.9-2020-q2-update.win32_2.0.0.202105311346/tools/bin/../lib/gcc/arm-none-eabi/9.3.1/thumb/v7e-m+dp/hard/crtn.o
OUTPUT(Splat2DevBoard_CM7.elf elf32-littlearm)
LOAD linker stubs
LOAD c:/st/stm32cubeide_1.6.0/stm32cubeide/plugins/com.st.stm32cube.ide.mcu.externaltools.gnu-tools-for-stm32.9-2020-q2-update.win32_2.0.0.202105311346/tools/bin/../lib/gcc/arm-none-eabi/9.3.1/../../../../arm-none-eabi/lib/thumb/v7e-m+dp/hard\libc.a
LOAD c:/st/stm32cubeide_1.6.0/stm32cubeide/plugins/com.st.stm32cube.ide.mcu.externaltools.gnu-tools-for-stm32.9-2020-q2-update.win32_2.0.0.202105311346/tools/bin/../lib/gcc/arm-none-eabi/9.3.1/../../../../arm-none-eabi/lib/thumb/v7e-m+dp/hard\libm.a
LOAD c:/st/stm32cubeide_1.6.0/stm32cubeide/plugins/com.st.stm32cube.ide.mcu.externaltools.gnu-tools-for-stm32.9-2020-q2-update.win32_2.0.0.202105311346/tools/bin/../lib/gcc/arm-none-eabi/9.3.1/thumb/v7e-m+dp/hard\libgcc.a

.debug_info     0x0000000000000000    0x1af4f
 .debug_info    0x0000000000000000     0x180b ./Common/Src/system_stm32h7xx_dualcore_boot_cm4_cm7.o
 .debug_info    0x000000000000180b      0xe1f ./Core/Src/freertos.o
 .debug_info    0x000000000000262a     0x147b ./Core/Src/main.o
 .debug_info    0x0000000000003aa5     0x12e6 ./Core/Src/stm32h7xx_hal_msp.o
 .debug_info    0x0000000000004d8b      0xbca ./Core/Src/stm32h7xx_it.o
 .debug_info    0x0000000000005955       0x22 ./Core/Startup/startup_stm32h755zitx.o
 .debug_info    0x0000000000005977     0x21b3 ./Drivers/STM32H7xx_HAL_Driver/stm32h7xx_hal.o
 .debug_info    0x0000000000007b2a     0x1bf8 ./Drivers/STM32H7xx_HAL_Driver/stm32h7xx_hal_cortex.o
 .debug_info    0x0000000000009722      0xe94 ./Drivers/STM32H7xx_HAL_Driver/stm32h7xx_hal_hsem.o
 .debug_info    0x000000000000a5b6     0x1d1e ./Drivers/STM32H7xx_HAL_Driver/stm32h7xx_hal_pwr_ex.o
 .debug_info    0x000000000000c2d4     0x1928 ./Drivers/STM32H7xx_HAL_Driver/stm32h7xx_hal_rcc.o
 .debug_info    0x000000000000dbfc     0x4228 ./Middlewares/Third_Party/FreeRTOS/cmsis_os2.o
 .debug_info    0x0000000000011e24      0xd8a ./Middlewares/Third_Party/FreeRTOS/heap_4.o
 .debug_info    0x0000000000012bae      0xb82 ./Middlewares/Third_Party/FreeRTOS/list.o
 .debug_info    0x0000000000013730      0xd8a ./Middlewares/Third_Party/FreeRTOS/port.o
 .debug_info    0x00000000000144ba     0x23b0 ./Middlewares/Third_Party/FreeRTOS/queue.o
 .debug_info    0x000000000001686a     0x2ae2 ./Middlewares/Third_Party/FreeRTOS/tasks.o
 .debug_info    0x000000000001934c     0x1c03 ./Middlewares/Third_Party/FreeRTOS/timers.o

.debug_abbrev   0x0000000000000000     0x32ba
 .debug_abbrev  0x0000000000000000      0x262 ./Common/Src/system_stm32h7xx_dualcore_boot_cm4_cm7.o
 .debug_abbrev  0x0000000000000262      0x21e ./Core/Src/freertos.o
 .debug_abbrev  0x0000000000000480      0x296 ./Core/Src/main.o
 .debug_abbrev  0x0000000000000716      0x20f ./Core/Src/stm32h7xx_hal_msp.o
 .debug_abbrev  0x0000000000000925      0x1ef ./Core/Src/stm32h7xx_it.o
 .debug_abbrev  0x0000000000000b14       0x12 ./Core/Startup/startup_stm32h755zitx.o
 .debug_abbrev  0x0000000000000b26      0x31b ./Drivers/STM32H7xx_HAL_Driver/stm32h7xx_hal.o
 .debug_abbrev  0x0000000000000e41      0x409 ./Drivers/STM32H7xx_HAL_Driver/stm32h7xx_hal_cortex.o
 .debug_abbrev  0x000000000000124a      0x2e9 ./Drivers/STM32H7xx_HAL_Driver/stm32h7xx_hal_hsem.o
 .debug_abbrev  0x0000000000001533      0x37d ./Drivers/STM32H7xx_HAL_Driver/stm32h7xx_hal_pwr_ex.o
 .debug_abbrev  0x00000000000018b0      0x322 ./Drivers/STM32H7xx_HAL_Driver/stm32h7xx_hal_rcc.o
 .debug_abbrev  0x0000000000001bd2      0x4b8 ./Middlewares/Third_Party/FreeRTOS/cmsis_os2.o
 .debug_abbrev  0x000000000000208a      0x2d3 ./Middlewares/Third_Party/FreeRTOS/heap_4.o
 .debug_abbrev  0x000000000000235d      0x1f7 ./Middlewares/Third_Party/FreeRTOS/list.o
 .debug_abbrev  0x0000000000002554      0x335 ./Middlewares/Third_Party/FreeRTOS/port.o
 .debug_abbrev  0x0000000000002889      0x380 ./Middlewares/Third_Party/FreeRTOS/queue.o
 .debug_abbrev  0x0000000000002c09      0x39a ./Middlewares/Third_Party/FreeRTOS/tasks.o
 .debug_abbrev  0x0000000000002fa3      0x317 ./Middlewares/Third_Party/FreeRTOS/timers.o

.debug_aranges  0x0000000000000000      0xeb0
 .debug_aranges
                0x0000000000000000       0x28 ./Common/Src/system_stm32h7xx_dualcore_boot_cm4_cm7.o
 .debug_aranges
                0x0000000000000028       0x28 ./Core/Src/freertos.o
 .debug_aranges
                0x0000000000000050       0x30 ./Core/Src/main.o
 .debug_aranges
                0x0000000000000080       0x20 ./Core/Src/stm32h7xx_hal_msp.o
 .debug_aranges
                0x00000000000000a0       0x50 ./Core/Src/stm32h7xx_it.o
 .debug_aranges
                0x00000000000000f0       0x28 ./Core/Startup/startup_stm32h755zitx.o
 .debug_aranges
                0x0000000000000118      0x200 ./Drivers/STM32H7xx_HAL_Driver/stm32h7xx_hal.o
 .debug_aranges
                0x0000000000000318      0x120 ./Drivers/STM32H7xx_HAL_Driver/stm32h7xx_hal_cortex.o
 .debug_aranges
                0x0000000000000438       0x70 ./Drivers/STM32H7xx_HAL_Driver/stm32h7xx_hal_hsem.o
 .debug_aranges
                0x00000000000004a8      0x170 ./Drivers/STM32H7xx_HAL_Driver/stm32h7xx_hal_pwr_ex.o
 .debug_aranges
                0x0000000000000618       0x88 ./Drivers/STM32H7xx_HAL_Driver/stm32h7xx_hal_rcc.o
 .debug_aranges
                0x00000000000006a0      0x2a8 ./Middlewares/Third_Party/FreeRTOS/cmsis_os2.o
 .debug_aranges
                0x0000000000000948       0x58 ./Middlewares/Third_Party/FreeRTOS/heap_4.o
 .debug_aranges
                0x00000000000009a0       0x40 ./Middlewares/Third_Party/FreeRTOS/list.o
 .debug_aranges
                0x00000000000009e0       0x80 ./Middlewares/Third_Party/FreeRTOS/port.o
 .debug_aranges
                0x0000000000000a60      0x158 ./Middlewares/Third_Party/FreeRTOS/queue.o
 .debug_aranges
                0x0000000000000bb8      0x208 ./Middlewares/Third_Party/FreeRTOS/tasks.o
 .debug_aranges
                0x0000000000000dc0       0xf0 ./Middlewares/Third_Party/FreeRTOS/timers.o

.debug_ranges   0x0000000000000000      0xd98
 .debug_ranges  0x0000000000000000       0x18 ./Common/Src/system_stm32h7xx_dualcore_boot_cm4_cm7.o
 .debug_ranges  0x0000000000000018       0x18 ./Core/Src/freertos.o
 .debug_ranges  0x0000000000000030       0x20 ./Core/Src/main.o
 .debug_ranges  0x0000000000000050       0x10 ./Core/Src/stm32h7xx_hal_msp.o
 .debug_ranges  0x0000000000000060       0x40 ./Core/Src/stm32h7xx_it.o
 .debug_ranges  0x00000000000000a0       0x20 ./Core/Startup/startup_stm32h755zitx.o
 .debug_ranges  0x00000000000000c0      0x1f0 ./Drivers/STM32H7xx_HAL_Driver/stm32h7xx_hal.o
 .debug_ranges  0x00000000000002b0      0x110 ./Drivers/STM32H7xx_HAL_Driver/stm32h7xx_hal_cortex.o
 .debug_ranges  0x00000000000003c0       0x60 ./Drivers/STM32H7xx_HAL_Driver/stm32h7xx_hal_hsem.o
 .debug_ranges  0x0000000000000420      0x160 ./Drivers/STM32H7xx_HAL_Driver/stm32h7xx_hal_pwr_ex.o
 .debug_ranges  0x0000000000000580       0x78 ./Drivers/STM32H7xx_HAL_Driver/stm32h7xx_hal_rcc.o
 .debug_ranges  0x00000000000005f8      0x298 ./Middlewares/Third_Party/FreeRTOS/cmsis_os2.o
 .debug_ranges  0x0000000000000890       0x48 ./Middlewares/Third_Party/FreeRTOS/heap_4.o
 .debug_ranges  0x00000000000008d8       0x30 ./Middlewares/Third_Party/FreeRTOS/list.o
 .debug_ranges  0x0000000000000908       0x70 ./Middlewares/Third_Party/FreeRTOS/port.o
 .debug_ranges  0x0000000000000978      0x148 ./Middlewares/Third_Party/FreeRTOS/queue.o
 .debug_ranges  0x0000000000000ac0      0x1f8 ./Middlewares/Third_Party/FreeRTOS/tasks.o
 .debug_ranges  0x0000000000000cb8       0xe0 ./Middlewares/Third_Party/FreeRTOS/timers.o

.debug_macro    0x0000000000000000    0x39198
 .debug_macro   0x0000000000000000      0x286 ./Common/Src/system_stm32h7xx_dualcore_boot_cm4_cm7.o
 .debug_macro   0x0000000000000286       0x2e ./Common/Src/system_stm32h7xx_dualcore_boot_cm4_cm7.o
 .debug_macro   0x00000000000002b4       0x49 ./Common/Src/system_stm32h7xx_dualcore_boot_cm4_cm7.o
 .debug_macro   0x00000000000002fd       0x8e ./Common/Src/system_stm32h7xx_dualcore_boot_cm4_cm7.o
 .debug_macro   0x000000000000038b       0x51 ./Common/Src/system_stm32h7xx_dualcore_boot_cm4_cm7.o
 .debug_macro   0x00000000000003dc      0x103 ./Common/Src/system_stm32h7xx_dualcore_boot_cm4_cm7.o
 .debug_macro   0x00000000000004df       0x6a ./Common/Src/system_stm32h7xx_dualcore_boot_cm4_cm7.o
 .debug_macro   0x0000000000000549      0x1df ./Common/Src/system_stm32h7xx_dualcore_boot_cm4_cm7.o
 .debug_macro   0x0000000000000728       0x1c ./Common/Src/system_stm32h7xx_dualcore_boot_cm4_cm7.o
 .debug_macro   0x0000000000000744       0x22 ./Common/Src/system_stm32h7xx_dualcore_boot_cm4_cm7.o
 .debug_macro   0x0000000000000766      0x101 ./Common/Src/system_stm32h7xx_dualcore_boot_cm4_cm7.o
 .debug_macro   0x0000000000000867     0x1305 ./Common/Src/system_stm32h7xx_dualcore_boot_cm4_cm7.o
 .debug_macro   0x0000000000001b6c      0x11f ./Common/Src/system_stm32h7xx_dualcore_boot_cm4_cm7.o
 .debug_macro   0x0000000000001c8b       0x27 ./Common/Src/system_stm32h7xx_dualcore_boot_cm4_cm7.o
 .debug_macro   0x0000000000001cb2    0x2735b ./Common/Src/system_stm32h7xx_dualcore_boot_cm4_cm7.o
 .debug_macro   0x000000000002900d       0x6d ./Common/Src/system_stm32h7xx_dualcore_boot_cm4_cm7.o
 .debug_macro   0x000000000002907a      0x22c ./Common/Src/system_stm32h7xx_dualcore_boot_cm4_cm7.o
 .debug_macro   0x00000000000292a6     0x3d1e ./Common/Src/system_stm32h7xx_dualcore_boot_cm4_cm7.o
 .debug_macro   0x000000000002cfc4      0x174 ./Common/Src/system_stm32h7xx_dualcore_boot_cm4_cm7.o
 .debug_macro   0x000000000002d138       0x52 ./Common/Src/system_stm32h7xx_dualcore_boot_cm4_cm7.o
 .debug_macro   0x000000000002d18a      0x333 ./Common/Src/system_stm32h7xx_dualcore_boot_cm4_cm7.o
 .debug_macro   0x000000000002d4bd      0x1a9 ./Common/Src/system_stm32h7xx_dualcore_boot_cm4_cm7.o
 .debug_macro   0x000000000002d666       0x5d ./Common/Src/system_stm32h7xx_dualcore_boot_cm4_cm7.o
 .debug_macro   0x000000000002d6c3     0x3b99 ./Common/Src/system_stm32h7xx_dualcore_boot_cm4_cm7.o
 .debug_macro   0x000000000003125c     0x1048 ./Common/Src/system_stm32h7xx_dualcore_boot_cm4_cm7.o
 .debug_macro   0x00000000000322a4      0x14d ./Common/Src/system_stm32h7xx_dualcore_boot_cm4_cm7.o
 .debug_macro   0x00000000000323f1      0x130 ./Common/Src/system_stm32h7xx_dualcore_boot_cm4_cm7.o
 .debug_macro   0x0000000000032521      0x3be ./Common/Src/system_stm32h7xx_dualcore_boot_cm4_cm7.o
 .debug_macro   0x00000000000328df       0xac ./Common/Src/system_stm32h7xx_dualcore_boot_cm4_cm7.o
 .debug_macro   0x000000000003298b      0x72d ./Common/Src/system_stm32h7xx_dualcore_boot_cm4_cm7.o
 .debug_macro   0x00000000000330b8      0x228 ./Common/Src/system_stm32h7xx_dualcore_boot_cm4_cm7.o
 .debug_macro   0x00000000000332e0       0x66 ./Common/Src/system_stm32h7xx_dualcore_boot_cm4_cm7.o
 .debug_macro   0x0000000000033346      0x3bb ./Common/Src/system_stm32h7xx_dualcore_boot_cm4_cm7.o
 .debug_macro   0x0000000000033701      0x407 ./Common/Src/system_stm32h7xx_dualcore_boot_cm4_cm7.o
 .debug_macro   0x0000000000033b08      0x27c ./Common/Src/system_stm32h7xx_dualcore_boot_cm4_cm7.o
 .debug_macro   0x0000000000033d84      0x3ca ./Common/Src/system_stm32h7xx_dualcore_boot_cm4_cm7.o
 .debug_macro   0x000000000003414e      0x4a2 ./Common/Src/system_stm32h7xx_dualcore_boot_cm4_cm7.o
 .debug_macro   0x00000000000345f0       0x51 ./Common/Src/system_stm32h7xx_dualcore_boot_cm4_cm7.o
 .debug_macro   0x0000000000034641       0x4a ./Common/Src/system_stm32h7xx_dualcore_boot_cm4_cm7.o
 .debug_macro   0x000000000003468b      0x22c ./Common/Src/system_stm32h7xx_dualcore_boot_cm4_cm7.o
 .debug_macro   0x00000000000348b7       0x67 ./Common/Src/system_stm32h7xx_dualcore_boot_cm4_cm7.o
 .debug_macro   0x000000000003491e       0xa5 ./Common/Src/system_stm32h7xx_dualcore_boot_cm4_cm7.o
 .debug_macro   0x00000000000349c3      0x218 ./Common/Src/system_stm32h7xx_dualcore_boot_cm4_cm7.o
 .debug_macro   0x0000000000034bdb      0x2ea ./Common/Src/system_stm32h7xx_dualcore_boot_cm4_cm7.o
 .debug_macro   0x0000000000034ec5       0x35 ./Common/Src/system_stm32h7xx_dualcore_boot_cm4_cm7.o
 .debug_macro   0x0000000000034efa      0x798 ./Common/Src/system_stm32h7xx_dualcore_boot_cm4_cm7.o
 .debug_macro   0x0000000000035692      0x32c ./Core/Src/freertos.o
 .debug_macro   0x00000000000359be      0x170 ./Core/Src/freertos.o
 .debug_macro   0x0000000000035b2e      0x15a ./Core/Src/freertos.o
 .debug_macro   0x0000000000035c88       0xc9 ./Core/Src/freertos.o
 .debug_macro   0x0000000000035d51       0x1c ./Core/Src/freertos.o
 .debug_macro   0x0000000000035d6d       0x26 ./Core/Src/freertos.o
 .debug_macro   0x0000000000035d93       0x10 ./Core/Src/freertos.o
 .debug_macro   0x0000000000035da3      0x4bf ./Core/Src/freertos.o
 .debug_macro   0x0000000000036262       0xb5 ./Core/Src/freertos.o
 .debug_macro   0x0000000000036317       0xaa ./Core/Src/freertos.o
 .debug_macro   0x00000000000363c1       0x6c ./Core/Src/freertos.o
 .debug_macro   0x000000000003642d       0x74 ./Core/Src/freertos.o
 .debug_macro   0x00000000000364a1       0xdd ./Core/Src/freertos.o
 .debug_macro   0x000000000003657e      0x33c ./Core/Src/main.o
 .debug_macro   0x00000000000368ba      0x170 ./Core/Src/main.o
 .debug_macro   0x0000000000036a2a       0x16 ./Core/Src/main.o
 .debug_macro   0x0000000000036a40       0x66 ./Core/Src/main.o
 .debug_macro   0x0000000000036aa6      0x28a ./Core/Src/stm32h7xx_hal_msp.o
 .debug_macro   0x0000000000036d30      0x30e ./Core/Src/stm32h7xx_it.o
 .debug_macro   0x000000000003703e      0x2aa ./Drivers/STM32H7xx_HAL_Driver/stm32h7xx_hal.o
 .debug_macro   0x00000000000372e8      0x280 ./Drivers/STM32H7xx_HAL_Driver/stm32h7xx_hal_cortex.o
 .debug_macro   0x0000000000037568      0x292 ./Drivers/STM32H7xx_HAL_Driver/stm32h7xx_hal_hsem.o
 .debug_macro   0x00000000000377fa      0x2b9 ./Drivers/STM32H7xx_HAL_Driver/stm32h7xx_hal_pwr_ex.o
 .debug_macro   0x0000000000037ab3      0x2a4 ./Drivers/STM32H7xx_HAL_Driver/stm32h7xx_hal_rcc.o
 .debug_macro   0x0000000000037d57      0x3f1 ./Middlewares/Third_Party/FreeRTOS/cmsis_os2.o
 .debug_macro   0x0000000000038148       0x10 ./Middlewares/Third_Party/FreeRTOS/cmsis_os2.o
 .debug_macro   0x0000000000038158       0x10 ./Middlewares/Third_Party/FreeRTOS/cmsis_os2.o
 .debug_macro   0x0000000000038168       0xf5 ./Middlewares/Third_Party/FreeRTOS/cmsis_os2.o
 .debug_macro   0x000000000003825d       0x91 ./Middlewares/Third_Party/FreeRTOS/cmsis_os2.o
 .debug_macro   0x00000000000382ee       0x8d ./Middlewares/Third_Party/FreeRTOS/cmsis_os2.o
 .debug_macro   0x000000000003837b       0x9a ./Middlewares/Third_Party/FreeRTOS/cmsis_os2.o
 .debug_macro   0x0000000000038415       0x22 ./Middlewares/Third_Party/FreeRTOS/cmsis_os2.o
 .debug_macro   0x0000000000038437      0x1c0 ./Middlewares/Third_Party/FreeRTOS/heap_4.o
 .debug_macro   0x00000000000385f7      0x199 ./Middlewares/Third_Party/FreeRTOS/list.o
 .debug_macro   0x0000000000038790      0x233 ./Middlewares/Third_Party/FreeRTOS/port.o
 .debug_macro   0x00000000000389c3      0x228 ./Middlewares/Third_Party/FreeRTOS/queue.o
 .debug_macro   0x0000000000038beb       0x87 ./Middlewares/Third_Party/FreeRTOS/queue.o
 .debug_macro   0x0000000000038c72      0x291 ./Middlewares/Third_Party/FreeRTOS/tasks.o
 .debug_macro   0x0000000000038f03       0x10 ./Middlewares/Third_Party/FreeRTOS/tasks.o
 .debug_macro   0x0000000000038f13      0x1ee ./Middlewares/Third_Party/FreeRTOS/timers.o
 .debug_macro   0x0000000000039101       0x97 ./Middlewares/Third_Party/FreeRTOS/timers.o

.debug_line     0x0000000000000000     0xfa3b
 .debug_line    0x0000000000000000      0x9f0 ./Common/Src/system_stm32h7xx_dualcore_boot_cm4_cm7.o
 .debug_line    0x00000000000009f0      0x98b ./Core/Src/freertos.o
 .debug_line    0x000000000000137b      0xa91 ./Core/Src/main.o
 .debug_line    0x0000000000001e0c      0x801 ./Core/Src/stm32h7xx_hal_msp.o
 .debug_line    0x000000000000260d      0x9bb ./Core/Src/stm32h7xx_it.o
 .debug_line    0x0000000000002fc8       0x88 ./Core/Startup/startup_stm32h755zitx.o
 .debug_line    0x0000000000003050      0xf2a ./Drivers/STM32H7xx_HAL_Driver/stm32h7xx_hal.o
 .debug_line    0x0000000000003f7a      0xddd ./Drivers/STM32H7xx_HAL_Driver/stm32h7xx_hal_cortex.o
 .debug_line    0x0000000000004d57      0x98d ./Drivers/STM32H7xx_HAL_Driver/stm32h7xx_hal_hsem.o
 .debug_line    0x00000000000056e4      0xff8 ./Drivers/STM32H7xx_HAL_Driver/stm32h7xx_hal_pwr_ex.o
 .debug_line    0x00000000000066dc     0x1336 ./Drivers/STM32H7xx_HAL_Driver/stm32h7xx_hal_rcc.o
 .debug_line    0x0000000000007a12     0x23d8 ./Middlewares/Third_Party/FreeRTOS/cmsis_os2.o
 .debug_line    0x0000000000009dea      0x962 ./Middlewares/Third_Party/FreeRTOS/heap_4.o
 .debug_line    0x000000000000a74c      0x738 ./Middlewares/Third_Party/FreeRTOS/list.o
 .debug_line    0x000000000000ae84      0x940 ./Middlewares/Third_Party/FreeRTOS/port.o
 .debug_line    0x000000000000b7c4     0x1702 ./Middlewares/Third_Party/FreeRTOS/queue.o
 .debug_line    0x000000000000cec6     0x1de0 ./Middlewares/Third_Party/FreeRTOS/tasks.o
 .debug_line    0x000000000000eca6      0xd95 ./Middlewares/Third_Party/FreeRTOS/timers.o

.debug_str      0x0000000000000000   0x17ca24
 .debug_str     0x0000000000000000   0x16fb99 ./Common/Src/system_stm32h7xx_dualcore_boot_cm4_cm7.o
                                     0x1700e2 (size before relaxing)
 .debug_str     0x000000000016fb99     0x4e31 ./Core/Src/freertos.o
                                     0x174944 (size before relaxing)
 .debug_str     0x00000000001749ca      0x2d0 ./Core/Src/main.o
                                     0x174924 (size before relaxing)
 .debug_str     0x0000000000174c9a      0x82a ./Core/Src/stm32h7xx_hal_msp.o
                                     0x17059d (size before relaxing)
 .debug_str     0x00000000001754c4       0xa2 ./Core/Src/stm32h7xx_it.o
                                     0x173961 (size before relaxing)
 .debug_str     0x0000000000175566       0x36 ./Core/Startup/startup_stm32h755zitx.o
                                         0x5f (size before relaxing)
 .debug_str     0x000000000017559c      0x8ed ./Drivers/STM32H7xx_HAL_Driver/stm32h7xx_hal.o
                                     0x171090 (size before relaxing)
 .debug_str     0x0000000000175e89      0x3ab ./Drivers/STM32H7xx_HAL_Driver/stm32h7xx_hal_cortex.o
                                     0x1709c4 (size before relaxing)
 .debug_str     0x0000000000176234      0x21c ./Drivers/STM32H7xx_HAL_Driver/stm32h7xx_hal_hsem.o
                                     0x16fd36 (size before relaxing)
 .debug_str     0x0000000000176450      0x69e ./Drivers/STM32H7xx_HAL_Driver/stm32h7xx_hal_pwr_ex.o
                                     0x170570 (size before relaxing)
 .debug_str     0x0000000000176aee      0x2f6 ./Drivers/STM32H7xx_HAL_Driver/stm32h7xx_hal_rcc.o
                                     0x1703ac (size before relaxing)
 .debug_str     0x0000000000176de4     0x2c02 ./Middlewares/Third_Party/FreeRTOS/cmsis_os2.o
                                     0x1776cb (size before relaxing)
 .debug_str     0x00000000001799e6      0x4b2 ./Middlewares/Third_Party/FreeRTOS/heap_4.o
                                       0xb4b9 (size before relaxing)
 .debug_str     0x0000000000179e98      0x13e ./Middlewares/Third_Party/FreeRTOS/list.o
                                       0xabc6 (size before relaxing)
 .debug_str     0x0000000000179fd6      0x84d ./Middlewares/Third_Party/FreeRTOS/port.o
                                       0xa4ba (size before relaxing)
 .debug_str     0x000000000017a823      0x909 ./Middlewares/Third_Party/FreeRTOS/queue.o
                                       0xc543 (size before relaxing)
 .debug_str     0x000000000017b12c     0x12c5 ./Middlewares/Third_Party/FreeRTOS/tasks.o
                                       0xd0bc (size before relaxing)
 .debug_str     0x000000000017c3f1      0x633 ./Middlewares/Third_Party/FreeRTOS/timers.o
                                       0xcac9 (size before relaxing)

.comment        0x0000000000000000       0x53
 .comment       0x0000000000000000       0x53 ./Common/Src/system_stm32h7xx_dualcore_boot_cm4_cm7.o
                                         0x54 (size before relaxing)
 .comment       0x0000000000000053       0x54 ./Core/Src/freertos.o
 .comment       0x0000000000000053       0x54 ./Core/Src/main.o
 .comment       0x0000000000000053       0x54 ./Core/Src/stm32h7xx_hal_msp.o
 .comment       0x0000000000000053       0x54 ./Core/Src/stm32h7xx_it.o
 .comment       0x0000000000000053       0x54 ./Drivers/STM32H7xx_HAL_Driver/stm32h7xx_hal.o
 .comment       0x0000000000000053       0x54 ./Drivers/STM32H7xx_HAL_Driver/stm32h7xx_hal_cortex.o
 .comment       0x0000000000000053       0x54 ./Drivers/STM32H7xx_HAL_Driver/stm32h7xx_hal_hsem.o
 .comment       0x0000000000000053       0x54 ./Drivers/STM32H7xx_HAL_Driver/stm32h7xx_hal_pwr_ex.o
 .comment       0x0000000000000053       0x54 ./Drivers/STM32H7xx_HAL_Driver/stm32h7xx_hal_rcc.o
 .comment       0x0000000000000053       0x54 ./Middlewares/Third_Party/FreeRTOS/cmsis_os2.o
 .comment       0x0000000000000053       0x54 ./Middlewares/Third_Party/FreeRTOS/heap_4.o
 .comment       0x0000000000000053       0x54 ./Middlewares/Third_Party/FreeRTOS/list.o
 .comment       0x0000000000000053       0x54 ./Middlewares/Third_Party/FreeRTOS/port.o
 .comment       0x0000000000000053       0x54 ./Middlewares/Third_Party/FreeRTOS/queue.o
 .comment       0x0000000000000053       0x54 ./Middlewares/Third_Party/FreeRTOS/tasks.o
 .comment       0x0000000000000053       0x54 ./Middlewares/Third_Party/FreeRTOS/timers.o

.debug_frame    0x0000000000000000     0x3e5c
 .debug_frame   0x0000000000000000       0x58 ./Common/Src/system_stm32h7xx_dualcore_boot_cm4_cm7.o
 .debug_frame   0x0000000000000058       0x4c ./Core/Src/freertos.o
 .debug_frame   0x00000000000000a4       0x6c ./Core/Src/main.o
 .debug_frame   0x0000000000000110       0x34 ./Core/Src/stm32h7xx_hal_msp.o
 .debug_frame   0x0000000000000144       0xc4 ./Core/Src/stm32h7xx_it.o
 .debug_frame   0x0000000000000208      0x848 ./Drivers/STM32H7xx_HAL_Driver/stm32h7xx_hal.o
 .debug_frame   0x0000000000000a50      0x4b8 ./Drivers/STM32H7xx_HAL_Driver/stm32h7xx_hal_cortex.o
 .debug_frame   0x0000000000000f08      0x1bc ./Drivers/STM32H7xx_HAL_Driver/stm32h7xx_hal_hsem.o
 .debug_frame   0x00000000000010c4      0x5ec ./Drivers/STM32H7xx_HAL_Driver/stm32h7xx_hal_pwr_ex.o
 .debug_frame   0x00000000000016b0      0x1f8 ./Drivers/STM32H7xx_HAL_Driver/stm32h7xx_hal_rcc.o
 .debug_frame   0x00000000000018a8      0xbc8 ./Middlewares/Third_Party/FreeRTOS/cmsis_os2.o
 .debug_frame   0x0000000000002470      0x12c ./Middlewares/Third_Party/FreeRTOS/heap_4.o
 .debug_frame   0x000000000000259c       0xd8 ./Middlewares/Third_Party/FreeRTOS/list.o
 .debug_frame   0x0000000000002674      0x1a8 ./Middlewares/Third_Party/FreeRTOS/port.o
 .debug_frame   0x000000000000281c      0x5ec ./Middlewares/Third_Party/FreeRTOS/queue.o
 .debug_frame   0x0000000000002e08      0x8f0 ./Middlewares/Third_Party/FreeRTOS/tasks.o
 .debug_frame   0x00000000000036f8      0x400 ./Middlewares/Third_Party/FreeRTOS/timers.o
 .debug_frame   0x0000000000003af8      0x14c c:/st/stm32cubeide_1.6.0/stm32cubeide/plugins/com.st.stm32cube.ide.mcu.externaltools.gnu-tools-for-stm32.9-2020-q2-update.win32_2.0.0.202105311346/tools/bin/../lib/gcc/arm-none-eabi/9.3.1/../../../../arm-none-eabi/lib/thumb/v7e-m+dp/hard\libc_nano.a(lib_a-findfp.o)
 .debug_frame   0x0000000000003c44       0x2c c:/st/stm32cubeide_1.6.0/stm32cubeide/plugins/com.st.stm32cube.ide.mcu.externaltools.gnu-tools-for-stm32.9-2020-q2-update.win32_2.0.0.202105311346/tools/bin/../lib/gcc/arm-none-eabi/9.3.1/../../../../arm-none-eabi/lib/thumb/v7e-m+dp/hard\libc_nano.a(lib_a-init.o)
 .debug_frame   0x0000000000003c70       0xb0 c:/st/stm32cubeide_1.6.0/stm32cubeide/plugins/com.st.stm32cube.ide.mcu.externaltools.gnu-tools-for-stm32.9-2020-q2-update.win32_2.0.0.202105311346/tools/bin/../lib/gcc/arm-none-eabi/9.3.1/../../../../arm-none-eabi/lib/thumb/v7e-m+dp/hard\libc_nano.a(lib_a-lock.o)
 .debug_frame   0x0000000000003d20       0x28 c:/st/stm32cubeide_1.6.0/stm32cubeide/plugins/com.st.stm32cube.ide.mcu.externaltools.gnu-tools-for-stm32.9-2020-q2-update.win32_2.0.0.202105311346/tools/bin/../lib/gcc/arm-none-eabi/9.3.1/../../../../arm-none-eabi/lib/thumb/v7e-m+dp/hard\libc_nano.a(lib_a-memcpy-stub.o)
 .debug_frame   0x0000000000003d48       0x20 c:/st/stm32cubeide_1.6.0/stm32cubeide/plugins/com.st.stm32cube.ide.mcu.externaltools.gnu-tools-for-stm32.9-2020-q2-update.win32_2.0.0.202105311346/tools/bin/../lib/gcc/arm-none-eabi/9.3.1/../../../../arm-none-eabi/lib/thumb/v7e-m+dp/hard\libc_nano.a(lib_a-memset.o)
 .debug_frame   0x0000000000003d68       0x38 c:/st/stm32cubeide_1.6.0/stm32cubeide/plugins/com.st.stm32cube.ide.mcu.externaltools.gnu-tools-for-stm32.9-2020-q2-update.win32_2.0.0.202105311346/tools/bin/../lib/gcc/arm-none-eabi/9.3.1/../../../../arm-none-eabi/lib/thumb/v7e-m+dp/hard\libc_nano.a(lib_a-nano-freer.o)
 .debug_frame   0x0000000000003da0       0x30 c:/st/stm32cubeide_1.6.0/stm32cubeide/plugins/com.st.stm32cube.ide.mcu.externaltools.gnu-tools-for-stm32.9-2020-q2-update.win32_2.0.0.202105311346/tools/bin/../lib/gcc/arm-none-eabi/9.3.1/../../../../arm-none-eabi/lib/thumb/v7e-m+dp/hard\libc_nano.a(lib_a-nano-mallocr.o)
 .debug_frame   0x0000000000003dd0       0x5c c:/st/stm32cubeide_1.6.0/stm32cubeide/plugins/com.st.stm32cube.ide.mcu.externaltools.gnu-tools-for-stm32.9-2020-q2-update.win32_2.0.0.202105311346/tools/bin/../lib/gcc/arm-none-eabi/9.3.1/../../../../arm-none-eabi/lib/thumb/v7e-m+dp/hard\libc_nano.a(lib_a-reent.o)
 .debug_frame   0x0000000000003e2c       0x30 c:/st/stm32cubeide_1.6.0/stm32cubeide/plugins/com.st.stm32cube.ide.mcu.externaltools.gnu-tools-for-stm32.9-2020-q2-update.win32_2.0.0.202105311346/tools/bin/../lib/gcc/arm-none-eabi/9.3.1/../../../../arm-none-eabi/lib/thumb/v7e-m+dp/hard\libc_nano.a(lib_a-mlock.o)
