Archive member included to satisfy reference by file (symbol)

c:/st/stm32cubeide_1.6.0/stm32cubeide/plugins/com.st.stm32cube.ide.mcu.externaltools.gnu-tools-for-stm32.9-2020-q2-update.win32_1.5.0.202011040924/tools/bin/../lib/gcc/arm-none-eabi/9.3.1/../../../../arm-none-eabi/lib/thumb/v7e-m+dp/hard\libc_nano.a(lib_a-errno.o)
                              Core/Src/syscalls.o (__errno)
c:/st/stm32cubeide_1.6.0/stm32cubeide/plugins/com.st.stm32cube.ide.mcu.externaltools.gnu-tools-for-stm32.9-2020-q2-update.win32_1.5.0.202011040924/tools/bin/../lib/gcc/arm-none-eabi/9.3.1/../../../../arm-none-eabi/lib/thumb/v7e-m+dp/hard\libc_nano.a(lib_a-exit.o)
                              c:/st/stm32cubeide_1.6.0/stm32cubeide/plugins/com.st.stm32cube.ide.mcu.externaltools.gnu-tools-for-stm32.9-2020-q2-update.win32_1.5.0.202011040924/tools/bin/../lib/gcc/arm-none-eabi/9.3.1/../../../../arm-none-eabi/lib/thumb/v7e-m+dp/hard/crt0.o (exit)
c:/st/stm32cubeide_1.6.0/stm32cubeide/plugins/com.st.stm32cube.ide.mcu.externaltools.gnu-tools-for-stm32.9-2020-q2-update.win32_1.5.0.202011040924/tools/bin/../lib/gcc/arm-none-eabi/9.3.1/../../../../arm-none-eabi/lib/thumb/v7e-m+dp/hard\libc_nano.a(lib_a-impure.o)
                              c:/st/stm32cubeide_1.6.0/stm32cubeide/plugins/com.st.stm32cube.ide.mcu.externaltools.gnu-tools-for-stm32.9-2020-q2-update.win32_1.5.0.202011040924/tools/bin/../lib/gcc/arm-none-eabi/9.3.1/../../../../arm-none-eabi/lib/thumb/v7e-m+dp/hard\libc_nano.a(lib_a-exit.o) (_global_impure_ptr)
c:/st/stm32cubeide_1.6.0/stm32cubeide/plugins/com.st.stm32cube.ide.mcu.externaltools.gnu-tools-for-stm32.9-2020-q2-update.win32_1.5.0.202011040924/tools/bin/../lib/gcc/arm-none-eabi/9.3.1/../../../../arm-none-eabi/lib/thumb/v7e-m+dp/hard\libc_nano.a(lib_a-init.o)
                              c:/st/stm32cubeide_1.6.0/stm32cubeide/plugins/com.st.stm32cube.ide.mcu.externaltools.gnu-tools-for-stm32.9-2020-q2-update.win32_1.5.0.202011040924/tools/bin/../lib/gcc/arm-none-eabi/9.3.1/../../../../arm-none-eabi/lib/thumb/v7e-m+dp/hard/crt0.o (__libc_init_array)
c:/st/stm32cubeide_1.6.0/stm32cubeide/plugins/com.st.stm32cube.ide.mcu.externaltools.gnu-tools-for-stm32.9-2020-q2-update.win32_1.5.0.202011040924/tools/bin/../lib/gcc/arm-none-eabi/9.3.1/../../../../arm-none-eabi/lib/thumb/v7e-m+dp/hard\libc_nano.a(lib_a-malloc.o)
                              Middlewares/ST/STM32_USB_Device_Library/Class/CDC/Src/usbd_cdc.o (malloc)
c:/st/stm32cubeide_1.6.0/stm32cubeide/plugins/com.st.stm32cube.ide.mcu.externaltools.gnu-tools-for-stm32.9-2020-q2-update.win32_1.5.0.202011040924/tools/bin/../lib/gcc/arm-none-eabi/9.3.1/../../../../arm-none-eabi/lib/thumb/v7e-m+dp/hard\libc_nano.a(lib_a-memcpy-stub.o)
                              Middlewares/Third_Party/FreeRTOS/Source/CMSIS_RTOS_V2/cmsis_os2.o (memcpy)
c:/st/stm32cubeide_1.6.0/stm32cubeide/plugins/com.st.stm32cube.ide.mcu.externaltools.gnu-tools-for-stm32.9-2020-q2-update.win32_1.5.0.202011040924/tools/bin/../lib/gcc/arm-none-eabi/9.3.1/../../../../arm-none-eabi/lib/thumb/v7e-m+dp/hard\libc_nano.a(lib_a-memset.o)
                              c:/st/stm32cubeide_1.6.0/stm32cubeide/plugins/com.st.stm32cube.ide.mcu.externaltools.gnu-tools-for-stm32.9-2020-q2-update.win32_1.5.0.202011040924/tools/bin/../lib/gcc/arm-none-eabi/9.3.1/../../../../arm-none-eabi/lib/thumb/v7e-m+dp/hard/crt0.o (memset)
c:/st/stm32cubeide_1.6.0/stm32cubeide/plugins/com.st.stm32cube.ide.mcu.externaltools.gnu-tools-for-stm32.9-2020-q2-update.win32_1.5.0.202011040924/tools/bin/../lib/gcc/arm-none-eabi/9.3.1/../../../../arm-none-eabi/lib/thumb/v7e-m+dp/hard\libc_nano.a(lib_a-nano-freer.o)
                              c:/st/stm32cubeide_1.6.0/stm32cubeide/plugins/com.st.stm32cube.ide.mcu.externaltools.gnu-tools-for-stm32.9-2020-q2-update.win32_1.5.0.202011040924/tools/bin/../lib/gcc/arm-none-eabi/9.3.1/../../../../arm-none-eabi/lib/thumb/v7e-m+dp/hard\libc_nano.a(lib_a-malloc.o) (_free_r)
c:/st/stm32cubeide_1.6.0/stm32cubeide/plugins/com.st.stm32cube.ide.mcu.externaltools.gnu-tools-for-stm32.9-2020-q2-update.win32_1.5.0.202011040924/tools/bin/../lib/gcc/arm-none-eabi/9.3.1/../../../../arm-none-eabi/lib/thumb/v7e-m+dp/hard\libc_nano.a(lib_a-nano-mallocr.o)
                              c:/st/stm32cubeide_1.6.0/stm32cubeide/plugins/com.st.stm32cube.ide.mcu.externaltools.gnu-tools-for-stm32.9-2020-q2-update.win32_1.5.0.202011040924/tools/bin/../lib/gcc/arm-none-eabi/9.3.1/../../../../arm-none-eabi/lib/thumb/v7e-m+dp/hard\libc_nano.a(lib_a-malloc.o) (_malloc_r)
c:/st/stm32cubeide_1.6.0/stm32cubeide/plugins/com.st.stm32cube.ide.mcu.externaltools.gnu-tools-for-stm32.9-2020-q2-update.win32_1.5.0.202011040924/tools/bin/../lib/gcc/arm-none-eabi/9.3.1/../../../../arm-none-eabi/lib/thumb/v7e-m+dp/hard\libc_nano.a(lib_a-printf.o)
                              Core/Src/main.o (printf)
[...]
Memory Configuration

Name             Origin             Length             Attributes
RAM              0x0000000020000000 0x0000000000080000 xrw
FLASH            0x0000000008000000 0x0000000000200000 xr
*default*        0x0000000000000000 0xffffffffffffffff

Linker script and memory map

LOAD c:/st/stm32cubeide_1.6.0/stm32cubeide/plugins/com.st.stm32cube.ide.mcu.externaltools.gnu-tools-for-stm32.9-2020-q2-update.win32_1.5.0.202011040924/tools/bin/../lib/gcc/arm-none-eabi/9.3.1/thumb/v7e-m+dp/hard/crti.o
LOAD c:/st/stm32cubeide_1.6.0/stm32cubeide/plugins/com.st.stm32cube.ide.mcu.externaltools.gnu-tools-for-stm32.9-2020-q2-update.win32_1.5.0.202011040924/tools/bin/../lib/gcc/arm-none-eabi/9.3.1/thumb/v7e-m+dp/hard/crtbegin.o
LOAD c:/st/stm32cubeide_1.6.0/stm32cubeide/plugins/com.st.stm32cube.ide.mcu.externaltools.gnu-tools-for-stm32.9-2020-q2-update.win32_1.5.0.202011040924/tools/bin/../lib/gcc/arm-none-eabi/9.3.1/../../../../arm-none-eabi/lib/thumb/v7e-m+dp/hard/crt0.o
LOAD Core/Src/freertos.o
LOAD Core/Src/main.o
LOAD Core/Src/stm32f7xx_hal_msp.o
LOAD Core/Src/stm32f7xx_hal_timebase_tim.o
LOAD Core/Src/stm32f7xx_it.o
LOAD Core/Src/syscalls.o
LOAD Core/Src/sysmem.o
LOAD Core/Src/system_stm32f7xx.o
LOAD Core/Startup/startup_stm32f767zitx.o
LOAD Drivers/STM32F7xx_HAL_Driver/Src/stm32f7xx_hal.o
LOAD Drivers/STM32F7xx_HAL_Driver/Src/stm32f7xx_hal_cortex.o
LOAD Drivers/STM32F7xx_HAL_Driver/Src/stm32f7xx_hal_dma.o
LOAD Drivers/STM32F7xx_HAL_Driver/Src/stm32f7xx_hal_dma_ex.o
LOAD Drivers/STM32F7xx_HAL_Driver/Src/stm32f7xx_hal_eth.o
LOAD Drivers/STM32F7xx_HAL_Driver/Src/stm32f7xx_hal_exti.o
LOAD Drivers/STM32F7xx_HAL_Driver/Src/stm32f7xx_hal_flash.o
LOAD Drivers/STM32F7xx_HAL_Driver/Src/stm32f7xx_hal_flash_ex.o
LOAD Drivers/STM32F7xx_HAL_Driver/Src/stm32f7xx_hal_gpio.o
LOAD Drivers/STM32F7xx_HAL_Driver/Src/stm32f7xx_hal_i2c.o
LOAD Drivers/STM32F7xx_HAL_Driver/Src/stm32f7xx_hal_i2c_ex.o
LOAD Drivers/STM32F7xx_HAL_Driver/Src/stm32f7xx_hal_pcd.o
LOAD Drivers/STM32F7xx_HAL_Driver/Src/stm32f7xx_hal_pcd_ex.o
LOAD Drivers/STM32F7xx_HAL_Driver/Src/stm32f7xx_hal_pwr.o
LOAD Drivers/STM32F7xx_HAL_Driver/Src/stm32f7xx_hal_pwr_ex.o
LOAD Drivers/STM32F7xx_HAL_Driver/Src/stm32f7xx_hal_rcc.o
LOAD Drivers/STM32F7xx_HAL_Driver/Src/stm32f7xx_hal_rcc_ex.o
LOAD Drivers/STM32F7xx_HAL_Driver/Src/stm32f7xx_hal_tim.o
LOAD Drivers/STM32F7xx_HAL_Driver/Src/stm32f7xx_hal_tim_ex.o
LOAD Drivers/STM32F7xx_HAL_Driver/Src/stm32f7xx_hal_uart.o
LOAD Drivers/STM32F7xx_HAL_Driver/Src/stm32f7xx_hal_uart_ex.o
LOAD Drivers/STM32F7xx_HAL_Driver/Src/stm32f7xx_ll_usb.o
LOAD Middlewares/ST/STM32_USB_Device_Library/Class/CDC/Src/usbd_cdc.o
LOAD Middlewares/ST/STM32_USB_Device_Library/Core/Src/usbd_core.o
LOAD Middlewares/ST/STM32_USB_Device_Library/Core/Src/usbd_ctlreq.o
LOAD Middlewares/ST/STM32_USB_Device_Library/Core/Src/usbd_ioreq.o
LOAD Middlewares/Third_Party/FreeRTOS/Source/CMSIS_RTOS_V2/cmsis_os2.o
LOAD Middlewares/Third_Party/FreeRTOS/Source/croutine.o
LOAD Middlewares/Third_Party/FreeRTOS/Source/event_groups.o
LOAD Middlewares/Third_Party/FreeRTOS/Source/list.o
LOAD Middlewares/Third_Party/FreeRTOS/Source/queue.o
LOAD Middlewares/Third_Party/FreeRTOS/Source/stream_buffer.o
LOAD Middlewares/Third_Party/FreeRTOS/Source/tasks.o
LOAD Middlewares/Third_Party/FreeRTOS/Source/timers.o
LOAD Middlewares/Third_Party/FreeRTOS/Source/portable/GCC/ARM_CM7/r0p1/port.o
LOAD Middlewares/Third_Party/FreeRTOS/Source/portable/MemMang/heap_4.o
LOAD USB_DEVICE/App/usb_device.o
LOAD USB_DEVICE/App/usbd_cdc_if.o
LOAD USB_DEVICE/App/usbd_desc.o
LOAD USB_DEVICE/Target/usbd_conf.o
START GROUP
LOAD c:/st/stm32cubeide_1.6.0/stm32cubeide/plugins/com.st.stm32cube.ide.mcu.externaltools.gnu-tools-for-stm32.9-2020-q2-update.win32_1.5.0.202011040924/tools/bin/../lib/gcc/arm-none-eabi/9.3.1/../../../../arm-none-eabi/lib/thumb/v7e-m+dp/hard\libc_nano.a
LOAD c:/st/stm32cubeide_1.6.0/stm32cubeide/plugins/com.st.stm32cube.ide.mcu.externaltools.gnu-tools-for-stm32.9-2020-q2-update.win32_1.5.0.202011040924/tools/bin/../lib/gcc/arm-none-eabi/9.3.1/../../../../arm-none-eabi/lib/thumb/v7e-m+dp/hard\libm.a
END GROUP
START GROUP
LOAD c:/st/stm32cubeide_1.6.0/stm32cubeide/plugins/com.st.stm32cube.ide.mcu.externaltools.gnu-tools-for-stm32.9-2020-q2-update.win32_1.5.0.202011040924/tools/bin/../lib/gcc/arm-none-eabi/9.3.1/thumb/v7e-m+dp/hard\libgcc.a
LOAD c:/st/stm32cubeide_1.6.0/stm32cubeide/plugins/com.st.stm32cube.ide.mcu.externaltools.gnu-tools-for-stm32.9-2020-q2-update.win32_1.5.0.202011040924/tools/bin/../lib/gcc/arm-none-eabi/9.3.1/../../../../arm-none-eabi/lib/thumb/v7e-m+dp/hard\libc_nano.a
END GROUP
START GROUP
LOAD c:/st/stm32cubeide_1.6.0/stm32cubeide/plugins/com.st.stm32cube.ide.mcu.externaltools.gnu-tools-for-stm32.9-2020-q2-update.win32_1.5.0.202011040924/tools/bin/../lib/gcc/arm-none-eabi/9.3.1/thumb/v7e-m+dp/hard\libgcc.a
LOAD c:/st/stm32cubeide_1.6.0/stm32cubeide/plugins/com.st.stm32cube.ide.mcu.externaltools.gnu-tools-for-stm32.9-2020-q2-update.win32_1.5.0.202011040924/tools/bin/../lib/gcc/arm-none-eabi/9.3.1/../../../../arm-none-eabi/lib/thumb/v7e-m+dp/hard\libc_nano.a
LOAD c:/st/stm32cubeide_1.6.0/stm32cubeide/plugins/com.st.stm32cube.ide.mcu.externaltools.gnu-tools-for-stm32.9-2020-q2-update.win32_1.5.0.202011040924/tools/bin/../lib/gcc/arm-none-eabi/9.3.1/../../../../arm-none-eabi/lib/thumb/v7e-m+dp/hard\libnosys.a
END GROUP
START GROUP
LOAD c:/st/stm32cubeide_1.6.0/stm32cubeide/plugins/com.st.stm32cube.ide.mcu.externaltools.gnu-tools-for-stm32.9-2020-q2-update.win32_1.5.0.202011040924/tools/bin/../lib/gcc/arm-none-eabi/9.3.1/thumb/v7e-m+dp/hard\libgcc.a
LOAD c:/st/stm32cubeide_1.6.0/stm32cubeide/plugins/com.st.stm32cube.ide.mcu.externaltools.gnu-tools-for-stm32.9-2020-q2-update.win32_1.5.0.202011040924/tools/bin/../lib/gcc/arm-none-eabi/9.3.1/../../../../arm-none-eabi/lib/thumb/v7e-m+dp/hard\libc_nano.a
LOAD c:/st/stm32cubeide_1.6.0/stm32cubeide/plugins/com.st.stm32cube.ide.mcu.externaltools.gnu-tools-for-stm32.9-2020-q2-update.win32_1.5.0.202011040924/tools/bin/../lib/gcc/arm-none-eabi/9.3.1/../../../../arm-none-eabi/lib/thumb/v7e-m+dp/hard\libnosys.a
END GROUP
LOAD c:/st/stm32cubeide_1.6.0/stm32cubeide/plugins/com.st.stm32cube.ide.mcu.externaltools.gnu-tools-for-stm32.9-2020-q2-update.win32_1.5.0.202011040924/tools/bin/../lib/gcc/arm-none-eabi/9.3.1/thumb/v7e-m+dp/hard/crtend.o
LOAD c:/st/stm32cubeide_1.6.0/stm32cubeide/plugins/com.st.stm32cube.ide.mcu.externaltools.gnu-tools-for-stm32.9-2020-q2-update.win32_1.5.0.202011040924/tools/bin/../lib/gcc/arm-none-eabi/9.3.1/thumb/v7e-m+dp/hard/crtn.o
                0x0000000020080000                _estack = (ORIGIN (RAM) + LENGTH (RAM))
                0x0000000000000200                _Min_Heap_Size = 0x200
                0x0000000000000400                _Min_Stack_Size = 0x400

.isr_vector     0x0000000008000000      0x1f8
                0x0000000008000000                . = ALIGN (0x4)
 *(.isr_vector)
 .isr_vector    0x0000000008000000      0x1f8 Core/Startup/startup_stm32f767zitx.o
                0x0000000008000000                g_pfnVectors
                0x00000000080001f8                . = ALIGN (0x4)

.text           0x0000000008000200     0xbd04
                0x0000000008000200                . = ALIGN (0x4)
 *(.text)
 .text          0x0000000008000200       0x40 c:/st/stm32cubeide_1.6.0/stm32cubeide/plugins/com.st.stm32cube.ide.mcu.externaltools.gnu-tools-for-stm32.9-2020-q2-update.win32_1.5.0.202011040924/tools/bin/../lib/gcc/arm-none-eabi/9.3.1/thumb/v7e-m+dp/hard/crtbegin.o
 .text          0x0000000008000240       0xa0 c:/st/stm32cubeide_1.6.0/stm32cubeide/plugins/com.st.stm32cube.ide.mcu.externaltools.gnu-tools-for-stm32.9-2020-q2-update.win32_1.5.0.202011040924/tools/bin/../lib/gcc/arm-none-eabi/9.3.1/../../../../arm-none-eabi/lib/thumb/v7e-m+dp/hard\libc_nano.a(lib_a-memchr.o)
                0x0000000008000240                memchr
 .text          0x00000000080002e0       0x30 c:/st/stm32cubeide_1.6.0/stm32cubeide/plugins/com.st.stm32cube.ide.mcu.externaltools.gnu-tools-for-stm32.9-2020-q2-update.win32_1.5.0.202011040924/tools/bin/../lib/gcc/arm-none-eabi/9.3.1/thumb/v7e-m+dp/hard\libgcc.a(_aeabi_uldivmod.o)
                0x00000000080002e0                __aeabi_uldivmod
 .text          0x0000000008000310      0x2c4 c:/st/stm32cubeide_1.6.0/stm32cubeide/plugins/com.st.stm32cube.ide.mcu.externaltools.gnu-tools-for-stm32.9-2020-q2-update.win32_1.5.0.202011040924/tools/bin/../lib/gcc/arm-none-eabi/9.3.1/thumb/v7e-m+dp/hard\libgcc.a(_udivmoddi4.o)
                0x0000000008000310                __udivmoddi4
 .text          0x00000000080005d4        0x4 c:/st/stm32cubeide_1.6.0/stm32cubeide/plugins/com.st.stm32cube.ide.mcu.externaltools.gnu-tools-for-stm32.9-2020-q2-update.win32_1.5.0.202011040924/tools/bin/../lib/gcc/arm-none-eabi/9.3.1/thumb/v7e-m+dp/hard\libgcc.a(_dvmd_tls.o)
                0x00000000080005d4                __aeabi_idiv0
                0x00000000080005d4                __aeabi_ldiv0
 *(.text*)
 .text.main     0x00000000080005d8       0x7c Core/Src/main.o
                0x00000000080005d8                main
 .text.SystemClock_Config
                0x0000000008000654      0x134 Core/Src/main.o
                0x0000000008000654                SystemClock_Config
 .text.MX_USART2_UART_Init
                0x0000000008000788       0x60 Core/Src/main.o
 .text.MX_USART3_UART_Init
                0x00000000080007e8       0x60 Core/Src/main.o
 .text.MX_USART6_UART_Init
                0x0000000008000848       0x60 Core/Src/main.o
 .text.MX_GPIO_Init
                0x00000000080008a8      0x144 Core/Src/main.o
 .text.StartDefaultTask
                0x00000000080009ec       0x14 Core/Src/main.o
                0x00000000080009ec                StartDefaultTask
 .text.StartDisplayControllerTask
                0x0000000008000a00       0x20 Core/Src/main.o
                0x0000000008000a00                StartDisplayControllerTask
 .text.StartProgrammerTask
                0x0000000008000a20       0x40 Core/Src/main.o
                0x0000000008000a20                StartProgrammerTask
 .text.HAL_TIM_PeriodElapsedCallback
                0x0000000008000a60       0x24 Core/Src/main.o
                0x0000000008000a60                HAL_TIM_PeriodElapsedCallback
 .text.Error_Handler
                0x0000000008000a84        0xa Core/Src/main.o
                0x0000000008000a84                Error_Handler
 *fill*         0x0000000008000a8e        0x2 
 .text.HAL_MspInit
                0x0000000008000a90       0x50 Core/Src/stm32f7xx_hal_msp.o
                0x0000000008000a90                HAL_MspInit
 .text.HAL_UART_MspInit
                0x0000000008000ae0      0x188 Core/Src/stm32f7xx_hal_msp.o
                0x0000000008000ae0                HAL_UART_MspInit
 .text.HAL_InitTick
                0x0000000008000c68       0xb0 Core/Src/stm32f7xx_hal_timebase_tim.o
                0x0000000008000c68                HAL_InitTick
 .text.NMI_Handler
                0x0000000008000d18        0x6 Core/Src/stm32f7xx_it.o
                0x0000000008000d18                NMI_Handler
 .text.HardFault_Handler
                0x0000000008000d1e        0x6 Core/Src/stm32f7xx_it.o
                0x0000000008000d1e                HardFault_Handler
 .text.MemManage_Handler
                0x0000000008000d24        0x6 Core/Src/stm32f7xx_it.o
                0x0000000008000d24                MemManage_Handler
 .text.BusFault_Handler
                0x0000000008000d2a        0x6 Core/Src/stm32f7xx_it.o
                0x0000000008000d2a                BusFault_Handler
 .text.UsageFault_Handler
                0x0000000008000d30        0x6 Core/Src/stm32f7xx_it.o
                0x0000000008000d30                UsageFault_Handler
 .text.DebugMon_Handler
                0x0000000008000d36        0xe Core/Src/stm32f7xx_it.o
                0x0000000008000d36                DebugMon_Handler
 .text.TIM6_DAC_IRQHandler
                0x0000000008000d44       0x14 Core/Src/stm32f7xx_it.o
                0x0000000008000d44                TIM6_DAC_IRQHandler
 .text.OTG_FS_IRQHandler
                0x0000000008000d58       0x14 Core/Src/stm32f7xx_it.o
                0x0000000008000d58                OTG_FS_IRQHandler
 .text._read    0x0000000008000d6c       0x3a Core/Src/syscalls.o
                0x0000000008000d6c                _read
 .text._write   0x0000000008000da6       0x38 Core/Src/syscalls.o
                0x0000000008000da6                _write
 .text._close   0x0000000008000dde       0x18 Core/Src/syscalls.o
                0x0000000008000dde                _close
 .text._fstat   0x0000000008000df6       0x20 Core/Src/syscalls.o
                0x0000000008000df6                _fstat
 .text._isatty  0x0000000008000e16       0x16 Core/Src/syscalls.o
                0x0000000008000e16                _isatty
 .text._lseek   0x0000000008000e2c       0x1a Core/Src/syscalls.o
                0x0000000008000e2c                _lseek
 *fill*         0x0000000008000e46        0x2 
 .text._sbrk    0x0000000008000e48       0x6c Core/Src/sysmem.o
                0x0000000008000e48                _sbrk
 .text.SystemInit
                0x0000000008000eb4       0x24 Core/Src/system_stm32f7xx.o
                0x0000000008000eb4                SystemInit
 .text.Reset_Handler
                0x0000000008000ed8       0x50 Core/Startup/startup_stm32f767zitx.o
                0x0000000008000ed8                Reset_Handler
 .text.Default_Handler
                0x0000000008000f28        0x2 Core/Startup/startup_stm32f767zitx.o
                0x0000000008000f28                RTC_Alarm_IRQHandler
                0x0000000008000f28                EXTI2_IRQHandler
                0x0000000008000f28                TIM8_CC_IRQHandler
                0x0000000008000f28                UART8_IRQHandler
                0x0000000008000f28                SPI4_IRQHandler
                0x0000000008000f28                TIM1_CC_IRQHandler
                0x0000000008000f28                DMA2_Stream5_IRQHandler
                0x0000000008000f28                JPEG_IRQHandler
                0x0000000008000f28                DMA1_Stream5_IRQHandler
                0x0000000008000f28                CAN3_RX1_IRQHandler
                0x0000000008000f28                PVD_IRQHandler
                0x0000000008000f28                TAMP_STAMP_IRQHandler
                0x0000000008000f28                CAN2_RX1_IRQHandler
                0x0000000008000f28                EXTI3_IRQHandler
                0x0000000008000f28                TIM8_TRG_COM_TIM14_IRQHandler
                0x0000000008000f28                DFSDM1_FLT1_IRQHandler
                0x0000000008000f28                TIM1_UP_TIM10_IRQHandler
                0x0000000008000f28                TIM8_UP_TIM13_IRQHandler
                0x0000000008000f28                I2C3_ER_IRQHandler
                0x0000000008000f28                DFSDM1_FLT2_IRQHandler
                0x0000000008000f28                EXTI0_IRQHandler
                0x0000000008000f28                I2C2_EV_IRQHandler
                0x0000000008000f28                DMA1_Stream2_IRQHandler
                0x0000000008000f28                CAN1_RX0_IRQHandler
                0x0000000008000f28                FPU_IRQHandler
                0x0000000008000f28                OTG_HS_WKUP_IRQHandler
                0x0000000008000f28                CAN3_SCE_IRQHandler
                0x0000000008000f28                LTDC_ER_IRQHandler
                0x0000000008000f28                CAN2_SCE_IRQHandler
                0x0000000008000f28                DMA2_Stream2_IRQHandler
                0x0000000008000f28                SPI1_IRQHandler
                0x0000000008000f28                TIM1_BRK_TIM9_IRQHandler
                0x0000000008000f28                DCMI_IRQHandler
                0x0000000008000f28                CAN2_RX0_IRQHandler
                0x0000000008000f28                DMA2_Stream3_IRQHandler
                0x0000000008000f28                SAI2_IRQHandler
                0x0000000008000f28                DFSDM1_FLT3_IRQHandler
                0x0000000008000f28                USART6_IRQHandler
                0x0000000008000f28                CAN3_RX0_IRQHandler
                0x0000000008000f28                USART3_IRQHandler
                0x0000000008000f28                CAN1_RX1_IRQHandler
                0x0000000008000f28                UART5_IRQHandler
                0x0000000008000f28                DMA2_Stream0_IRQHandler
                0x0000000008000f28                TIM4_IRQHandler
                0x0000000008000f28                QUADSPI_IRQHandler
                0x0000000008000f28                I2C1_EV_IRQHandler
                0x0000000008000f28                DMA1_Stream6_IRQHandler
                0x0000000008000f28                DMA1_Stream1_IRQHandler
                0x0000000008000f28                UART4_IRQHandler
                0x0000000008000f28                TIM3_IRQHandler
                0x0000000008000f28                RCC_IRQHandler
                0x0000000008000f28                TIM8_BRK_TIM12_IRQHandler
                0x0000000008000f28                Default_Handler
                0x0000000008000f28                CEC_IRQHandler
                0x0000000008000f28                EXTI15_10_IRQHandler
                0x0000000008000f28                ADC_IRQHandler
                0x0000000008000f28                DMA1_Stream7_IRQHandler
                0x0000000008000f28                SPI5_IRQHandler
                0x0000000008000f28                TIM7_IRQHandler
                0x0000000008000f28                SDMMC1_IRQHandler
                0x0000000008000f28                CAN2_TX_IRQHandler
                0x0000000008000f28                TIM5_IRQHandler
                0x0000000008000f28                DMA2_Stream7_IRQHandler
                0x0000000008000f28                I2C3_EV_IRQHandler
                0x0000000008000f28                EXTI9_5_IRQHandler
                0x0000000008000f28                RTC_WKUP_IRQHandler
                0x0000000008000f28                LTDC_IRQHandler
                0x0000000008000f28                ETH_WKUP_IRQHandler
                0x0000000008000f28                SPDIF_RX_IRQHandler
                0x0000000008000f28                SPI2_IRQHandler
                0x0000000008000f28                OTG_HS_EP1_IN_IRQHandler
                0x0000000008000f28                DMA1_Stream0_IRQHandler
                0x0000000008000f28                CAN1_TX_IRQHandler
                0x0000000008000f28                EXTI4_IRQHandler
                0x0000000008000f28                RNG_IRQHandler
                0x0000000008000f28                ETH_IRQHandler
                0x0000000008000f28                OTG_HS_EP1_OUT_IRQHandler
                0x0000000008000f28                WWDG_IRQHandler
                0x0000000008000f28                SPI6_IRQHandler
                0x0000000008000f28                MDIOS_IRQHandler
                0x0000000008000f28                I2C4_EV_IRQHandler
                0x0000000008000f28                CAN3_TX_IRQHandler
                0x0000000008000f28                TIM2_IRQHandler
                0x0000000008000f28                OTG_FS_WKUP_IRQHandler
                0x0000000008000f28                TIM1_TRG_COM_TIM11_IRQHandler
                0x0000000008000f28                OTG_HS_IRQHandler
                0x0000000008000f28                DMA2D_IRQHandler
                0x0000000008000f28                EXTI1_IRQHandler
                0x0000000008000f28                SDMMC2_IRQHandler
                0x0000000008000f28                UART7_IRQHandler
                0x0000000008000f28                USART2_IRQHandler
                0x0000000008000f28                DFSDM1_FLT0_IRQHandler
                0x0000000008000f28                I2C2_ER_IRQHandler
                0x0000000008000f28                DMA2_Stream1_IRQHandler
                0x0000000008000f28                CAN1_SCE_IRQHandler
                0x0000000008000f28                FLASH_IRQHandler
                0x0000000008000f28                DMA2_Stream4_IRQHandler
                0x0000000008000f28                USART1_IRQHandler
                0x0000000008000f28                SPI3_IRQHandler
                0x0000000008000f28                DMA1_Stream4_IRQHandler
                0x0000000008000f28                I2C1_ER_IRQHandler
                0x0000000008000f28                FMC_IRQHandler
                0x0000000008000f28                LPTIM1_IRQHandler
                0x0000000008000f28                I2C4_ER_IRQHandler
                0x0000000008000f28                DMA2_Stream6_IRQHandler
                0x0000000008000f28                SAI1_IRQHandler
                0x0000000008000f28                DMA1_Stream3_IRQHandler
 .text.HAL_Init
                0x0000000008000f2a       0x1a Drivers/STM32F7xx_HAL_Driver/Src/stm32f7xx_hal.o
                0x0000000008000f2a                HAL_Init
 .text.HAL_IncTick
                0x0000000008000f44       0x28 Drivers/STM32F7xx_HAL_Driver/Src/stm32f7xx_hal.o
                0x0000000008000f44                HAL_IncTick
 .text.HAL_GetTick
                0x0000000008000f6c       0x18 Drivers/STM32F7xx_HAL_Driver/Src/stm32f7xx_hal.o
                0x0000000008000f6c                HAL_GetTick
 .text.HAL_Delay
                0x0000000008000f84       0x48 Drivers/STM32F7xx_HAL_Driver/Src/stm32f7xx_hal.o
                0x0000000008000f84                HAL_Delay
 .text.__NVIC_SetPriorityGrouping
                0x0000000008000fcc       0x48 Drivers/STM32F7xx_HAL_Driver/Src/stm32f7xx_hal_cortex.o
 .text.__NVIC_GetPriorityGrouping
                0x0000000008001014       0x1c Drivers/STM32F7xx_HAL_Driver/Src/stm32f7xx_hal_cortex.o
 .text.__NVIC_EnableIRQ
                0x0000000008001030       0x3c Drivers/STM32F7xx_HAL_Driver/Src/stm32f7xx_hal_cortex.o
 .text.__NVIC_SetPriority
                0x000000000800106c       0x54 Drivers/STM32F7xx_HAL_Driver/Src/stm32f7xx_hal_cortex.o
 .text.NVIC_EncodePriority
                0x00000000080010c0       0x66 Drivers/STM32F7xx_HAL_Driver/Src/stm32f7xx_hal_cortex.o
 .text.HAL_NVIC_SetPriorityGrouping
                0x0000000008001126       0x16 Drivers/STM32F7xx_HAL_Driver/Src/stm32f7xx_hal_cortex.o
                0x0000000008001126                HAL_NVIC_SetPriorityGrouping
 .text.HAL_NVIC_SetPriority
                0x000000000800113c       0x38 Drivers/STM32F7xx_HAL_Driver/Src/stm32f7xx_hal_cortex.o
                0x000000000800113c                HAL_NVIC_SetPriority
 .text.HAL_NVIC_EnableIRQ
                0x0000000008001174       0x1c Drivers/STM32F7xx_HAL_Driver/Src/stm32f7xx_hal_cortex.o
                0x0000000008001174                HAL_NVIC_EnableIRQ
 .text.HAL_GPIO_Init
                0x0000000008001190      0x358 Drivers/STM32F7xx_HAL_Driver/Src/stm32f7xx_hal_gpio.o
                0x0000000008001190                HAL_GPIO_Init
 .text.HAL_GPIO_WritePin
                0x00000000080014e8       0x32 Drivers/STM32F7xx_HAL_Driver/Src/stm32f7xx_hal_gpio.o
                0x00000000080014e8                HAL_GPIO_WritePin
 .text.HAL_GPIO_TogglePin
                0x000000000800151a       0x34 Drivers/STM32F7xx_HAL_Driver/Src/stm32f7xx_hal_gpio.o
                0x000000000800151a                HAL_GPIO_TogglePin
 .text.HAL_PCD_Init
                0x000000000800154e      0x248 Drivers/STM32F7xx_HAL_Driver/Src/stm32f7xx_hal_pcd.o
                0x000000000800154e                HAL_PCD_Init
 .text.HAL_PCD_Start
                0x0000000008001796       0x44 Drivers/STM32F7xx_HAL_Driver/Src/stm32f7xx_hal_pcd.o
                0x0000000008001796                HAL_PCD_Start
 .text.HAL_PCD_IRQHandler
                0x00000000080017da      0x79e Drivers/STM32F7xx_HAL_Driver/Src/stm32f7xx_hal_pcd.o
                0x00000000080017da                HAL_PCD_IRQHandler
 .text.HAL_PCD_SetAddress
                0x0000000008001f78       0x4a Drivers/STM32F7xx_HAL_Driver/Src/stm32f7xx_hal_pcd.o
                0x0000000008001f78                HAL_PCD_SetAddress
 .text.HAL_PCD_EP_Open
                0x0000000008001fc2       0xd0 Drivers/STM32F7xx_HAL_Driver/Src/stm32f7xx_hal_pcd.o
                0x0000000008001fc2                HAL_PCD_EP_Open
 .text.HAL_PCD_EP_Close
                0x0000000008002092       0x94 Drivers/STM32F7xx_HAL_Driver/Src/stm32f7xx_hal_pcd.o
                0x0000000008002092                HAL_PCD_EP_Close
 .text.HAL_PCD_EP_Receive
                0x0000000008002126       0x96 Drivers/STM32F7xx_HAL_Driver/Src/stm32f7xx_hal_pcd.o
                0x0000000008002126                HAL_PCD_EP_Receive
 .text.HAL_PCD_EP_GetRxCount
                0x00000000080021bc       0x30 Drivers/STM32F7xx_HAL_Driver/Src/stm32f7xx_hal_pcd.o
                0x00000000080021bc                HAL_PCD_EP_GetRxCount
 .text.HAL_PCD_EP_Transmit
                0x00000000080021ec       0x94 Drivers/STM32F7xx_HAL_Driver/Src/stm32f7xx_hal_pcd.o
                0x00000000080021ec                HAL_PCD_EP_Transmit
 .text.HAL_PCD_EP_SetStall
                0x0000000008002280       0xc8 Drivers/STM32F7xx_HAL_Driver/Src/stm32f7xx_hal_pcd.o
                0x0000000008002280                HAL_PCD_EP_SetStall
 .text.HAL_PCD_EP_ClrStall
                0x0000000008002348       0xac Drivers/STM32F7xx_HAL_Driver/Src/stm32f7xx_hal_pcd.o
                0x0000000008002348                HAL_PCD_EP_ClrStall
 .text.PCD_WriteEmptyTxFifo
                0x00000000080023f4      0x11a Drivers/STM32F7xx_HAL_Driver/Src/stm32f7xx_hal_pcd.o
 *fill*         0x000000000800250e        0x2 
 .text.PCD_EP_OutXfrComplete_int
                0x0000000008002510      0x218 Drivers/STM32F7xx_HAL_Driver/Src/stm32f7xx_hal_pcd.o
 .text.PCD_EP_OutSetupPacket_int
                0x0000000008002728       0x8c Drivers/STM32F7xx_HAL_Driver/Src/stm32f7xx_hal_pcd.o
 .text.HAL_PCDEx_SetTxFiFo
                0x00000000080027b4       0x8e Drivers/STM32F7xx_HAL_Driver/Src/stm32f7xx_hal_pcd_ex.o
                0x00000000080027b4                HAL_PCDEx_SetTxFiFo
 .text.HAL_PCDEx_SetRxFiFo
                0x0000000008002842       0x22 Drivers/STM32F7xx_HAL_Driver/Src/stm32f7xx_hal_pcd_ex.o
                0x0000000008002842                HAL_PCDEx_SetRxFiFo
 .text.HAL_PCDEx_ActivateLPM
                0x0000000008002864       0x48 Drivers/STM32F7xx_HAL_Driver/Src/stm32f7xx_hal_pcd_ex.o
                0x0000000008002864                HAL_PCDEx_ActivateLPM
 .text.HAL_PWR_EnableBkUpAccess
                0x00000000080028ac       0x20 Drivers/STM32F7xx_HAL_Driver/Src/stm32f7xx_hal_pwr.o
                0x00000000080028ac                HAL_PWR_EnableBkUpAccess
 .text.HAL_PWREx_EnableOverDrive
                0x00000000080028cc       0xa0 Drivers/STM32F7xx_HAL_Driver/Src/stm32f7xx_hal_pwr_ex.o
                0x00000000080028cc                HAL_PWREx_EnableOverDrive
 .text.HAL_RCC_OscConfig
                0x000000000800296c      0x55c Drivers/STM32F7xx_HAL_Driver/Src/stm32f7xx_hal_rcc.o
                0x000000000800296c                HAL_RCC_OscConfig
 .text.HAL_RCC_ClockConfig
                0x0000000008002ec8      0x1d8 Drivers/STM32F7xx_HAL_Driver/Src/stm32f7xx_hal_rcc.o
                0x0000000008002ec8                HAL_RCC_ClockConfig
 .text.HAL_RCC_GetSysClockFreq
                0x00000000080030a0      0x1c4 Drivers/STM32F7xx_HAL_Driver/Src/stm32f7xx_hal_rcc.o
                0x00000000080030a0                HAL_RCC_GetSysClockFreq
 .text.HAL_RCC_GetHCLKFreq
                0x0000000008003264       0x18 Drivers/STM32F7xx_HAL_Driver/Src/stm32f7xx_hal_rcc.o
                0x0000000008003264                HAL_RCC_GetHCLKFreq
 .text.HAL_RCC_GetPCLK1Freq
                0x000000000800327c       0x28 Drivers/STM32F7xx_HAL_Driver/Src/stm32f7xx_hal_rcc.o
                0x000000000800327c                HAL_RCC_GetPCLK1Freq
 .text.HAL_RCC_GetPCLK2Freq
                0x00000000080032a4       0x28 Drivers/STM32F7xx_HAL_Driver/Src/stm32f7xx_hal_rcc.o
                0x00000000080032a4                HAL_RCC_GetPCLK2Freq
 .text.HAL_RCC_GetClockConfig
                0x00000000080032cc       0x64 Drivers/STM32F7xx_HAL_Driver/Src/stm32f7xx_hal_rcc.o
                0x00000000080032cc                HAL_RCC_GetClockConfig
 .text.HAL_RCCEx_PeriphCLKConfig
                0x0000000008003330      0x850 Drivers/STM32F7xx_HAL_Driver/Src/stm32f7xx_hal_rcc_ex.o
                0x0000000008003330                HAL_RCCEx_PeriphCLKConfig
 .text.HAL_TIM_Base_Init
                0x0000000008003b80       0xae Drivers/STM32F7xx_HAL_Driver/Src/stm32f7xx_hal_tim.o
                0x0000000008003b80                HAL_TIM_Base_Init
 .text.HAL_TIM_Base_MspInit
                0x0000000008003c2e       0x14 Drivers/STM32F7xx_HAL_Driver/Src/stm32f7xx_hal_tim.o
                0x0000000008003c2e                HAL_TIM_Base_MspInit
 *fill*         0x0000000008003c42        0x2 
 .text.HAL_TIM_Base_Start_IT
                0x0000000008003c44       0xf0 Drivers/STM32F7xx_HAL_Driver/Src/stm32f7xx_hal_tim.o
                0x0000000008003c44                HAL_TIM_Base_Start_IT
 .text.HAL_TIM_IRQHandler
                0x0000000008003d34      0x23e Drivers/STM32F7xx_HAL_Driver/Src/stm32f7xx_hal_tim.o
                0x0000000008003d34                HAL_TIM_IRQHandler
 .text.HAL_TIM_OC_DelayElapsedCallback
                0x0000000008003f72       0x14 Drivers/STM32F7xx_HAL_Driver/Src/stm32f7xx_hal_tim.o
                0x0000000008003f72                HAL_TIM_OC_DelayElapsedCallback
 .text.HAL_TIM_IC_CaptureCallback
                0x0000000008003f86       0x14 Drivers/STM32F7xx_HAL_Driver/Src/stm32f7xx_hal_tim.o
                0x0000000008003f86                HAL_TIM_IC_CaptureCallback
 .text.HAL_TIM_PWM_PulseFinishedCallback
                0x0000000008003f9a       0x14 Drivers/STM32F7xx_HAL_Driver/Src/stm32f7xx_hal_tim.o
                0x0000000008003f9a                HAL_TIM_PWM_PulseFinishedCallback
 .text.HAL_TIM_TriggerCallback
                0x0000000008003fae       0x14 Drivers/STM32F7xx_HAL_Driver/Src/stm32f7xx_hal_tim.o
                0x0000000008003fae                HAL_TIM_TriggerCallback
 *fill*         0x0000000008003fc2        0x2 
 .text.TIM_Base_SetConfig
                0x0000000008003fc4      0x140 Drivers/STM32F7xx_HAL_Driver/Src/stm32f7xx_hal_tim.o
                0x0000000008003fc4                TIM_Base_SetConfig
 .text.HAL_TIMEx_CommutCallback
                0x0000000008004104       0x14 Drivers/STM32F7xx_HAL_Driver/Src/stm32f7xx_hal_tim_ex.o
                0x0000000008004104                HAL_TIMEx_CommutCallback
 .text.HAL_TIMEx_BreakCallback
                0x0000000008004118       0x14 Drivers/STM32F7xx_HAL_Driver/Src/stm32f7xx_hal_tim_ex.o
                0x0000000008004118                HAL_TIMEx_BreakCallback
 .text.HAL_TIMEx_Break2Callback
                0x000000000800412c       0x14 Drivers/STM32F7xx_HAL_Driver/Src/stm32f7xx_hal_tim_ex.o
                0x000000000800412c                HAL_TIMEx_Break2Callback
 .text.HAL_UART_Init
                0x0000000008004140       0x9c Drivers/STM32F7xx_HAL_Driver/Src/stm32f7xx_hal_uart.o
                0x0000000008004140                HAL_UART_Init
 .text.UART_SetConfig
                0x00000000080041dc      0x4c4 Drivers/STM32F7xx_HAL_Driver/Src/stm32f7xx_hal_uart.o
                0x00000000080041dc                UART_SetConfig
 .text.UART_AdvFeatureConfig
                0x00000000080046a0      0x144 Drivers/STM32F7xx_HAL_Driver/Src/stm32f7xx_hal_uart.o
                0x00000000080046a0                UART_AdvFeatureConfig
 .text.UART_CheckIdleState
                0x00000000080047e4       0x92 Drivers/STM32F7xx_HAL_Driver/Src/stm32f7xx_hal_uart.o
                0x00000000080047e4                UART_CheckIdleState
 .text.UART_WaitOnFlagUntilTimeout
                0x0000000008004876      0x188 Drivers/STM32F7xx_HAL_Driver/Src/stm32f7xx_hal_uart.o
                0x0000000008004876                UART_WaitOnFlagUntilTimeout
 *fill*         0x00000000080049fe        0x2 
 .text.USB_CoreInit
                0x0000000008004a00       0xb0 Drivers/STM32F7xx_HAL_Driver/Src/stm32f7xx_ll_usb.o
                0x0000000008004a00                USB_CoreInit
 .text.USB_SetTurnaroundTime
                0x0000000008004ab0      0x144 Drivers/STM32F7xx_HAL_Driver/Src/stm32f7xx_ll_usb.o
                0x0000000008004ab0                USB_SetTurnaroundTime
 .text.USB_EnableGlobalInt
                0x0000000008004bf4       0x22 Drivers/STM32F7xx_HAL_Driver/Src/stm32f7xx_ll_usb.o
                0x0000000008004bf4                USB_EnableGlobalInt
 .text.USB_DisableGlobalInt
                0x0000000008004c16       0x22 Drivers/STM32F7xx_HAL_Driver/Src/stm32f7xx_ll_usb.o
                0x0000000008004c16                USB_DisableGlobalInt
 .text.USB_SetCurrentMode
                0x0000000008004c38       0x98 Drivers/STM32F7xx_HAL_Driver/Src/stm32f7xx_ll_usb.o
                0x0000000008004c38                USB_SetCurrentMode
 .text.USB_DevInit
                0x0000000008004cd0      0x2bc Drivers/STM32F7xx_HAL_Driver/Src/stm32f7xx_ll_usb.o
                0x0000000008004cd0                USB_DevInit
 .text.USB_FlushTxFifo
                0x0000000008004f8c       0x64 Drivers/STM32F7xx_HAL_Driver/Src/stm32f7xx_ll_usb.o
                0x0000000008004f8c                USB_FlushTxFifo
 .text.USB_FlushRxFifo
                0x0000000008004ff0       0x5c Drivers/STM32F7xx_HAL_Driver/Src/stm32f7xx_ll_usb.o
                0x0000000008004ff0                USB_FlushRxFifo
 .text.USB_SetDevSpeed
                0x000000000800504c       0x32 Drivers/STM32F7xx_HAL_Driver/Src/stm32f7xx_ll_usb.o
                0x000000000800504c                USB_SetDevSpeed
 .text.USB_GetDevSpeed
                0x000000000800507e       0x4a Drivers/STM32F7xx_HAL_Driver/Src/stm32f7xx_ll_usb.o
                0x000000000800507e                USB_GetDevSpeed
 .text.USB_ActivateEndpoint
                0x00000000080050c8      0x110 Drivers/STM32F7xx_HAL_Driver/Src/stm32f7xx_ll_usb.o
                0x00000000080050c8                USB_ActivateEndpoint
 .text.USB_DeactivateEndpoint
                0x00000000080051d8      0x1b8 Drivers/STM32F7xx_HAL_Driver/Src/stm32f7xx_ll_usb.o
                0x00000000080051d8                USB_DeactivateEndpoint
 .text.USB_EPStartXfer
                0x0000000008005390      0x498 Drivers/STM32F7xx_HAL_Driver/Src/stm32f7xx_ll_usb.o
                0x0000000008005390                USB_EPStartXfer
 .text.USB_EP0StartXfer
                0x0000000008005828      0x2b0 Drivers/STM32F7xx_HAL_Driver/Src/stm32f7xx_ll_usb.o
                0x0000000008005828                USB_EP0StartXfer
 .text.USB_WritePacket
                0x0000000008005ad8       0x7c Drivers/STM32F7xx_HAL_Driver/Src/stm32f7xx_ll_usb.o
                0x0000000008005ad8                USB_WritePacket
 .text.USB_ReadPacket
                0x0000000008005b54       0xb0 Drivers/STM32F7xx_HAL_Driver/Src/stm32f7xx_ll_usb.o
                0x0000000008005b54                USB_ReadPacket
 .text.USB_EPSetStall
                0x0000000008005c04       0xdc Drivers/STM32F7xx_HAL_Driver/Src/stm32f7xx_ll_usb.o
                0x0000000008005c04                USB_EPSetStall
 .text.USB_EPClearStall
                0x0000000008005ce0       0xcc Drivers/STM32F7xx_HAL_Driver/Src/stm32f7xx_ll_usb.o
                0x0000000008005ce0                USB_EPClearStall
 .text.USB_SetDevAddress
                0x0000000008005dac       0x4c Drivers/STM32F7xx_HAL_Driver/Src/stm32f7xx_ll_usb.o
                0x0000000008005dac                USB_SetDevAddress
 .text.USB_DevConnect
                0x0000000008005df8       0x42 Drivers/STM32F7xx_HAL_Driver/Src/stm32f7xx_ll_usb.o
                0x0000000008005df8                USB_DevConnect
 .text.USB_DevDisconnect
                0x0000000008005e3a       0x42 Drivers/STM32F7xx_HAL_Driver/Src/stm32f7xx_ll_usb.o
                0x0000000008005e3a                USB_DevDisconnect
 .text.USB_ReadInterrupts
                0x0000000008005e7c       0x26 Drivers/STM32F7xx_HAL_Driver/Src/stm32f7xx_ll_usb.o
                0x0000000008005e7c                USB_ReadInterrupts
 .text.USB_ReadDevAllOutEpInterrupt
                0x0000000008005ea2       0x34 Drivers/STM32F7xx_HAL_Driver/Src/stm32f7xx_ll_usb.o
                0x0000000008005ea2                USB_ReadDevAllOutEpInterrupt
 .text.USB_ReadDevAllInEpInterrupt
                0x0000000008005ed6       0x34 Drivers/STM32F7xx_HAL_Driver/Src/stm32f7xx_ll_usb.o
                0x0000000008005ed6                USB_ReadDevAllInEpInterrupt
 .text.USB_ReadDevOutEPInterrupt
                0x0000000008005f0a       0x3c Drivers/STM32F7xx_HAL_Driver/Src/stm32f7xx_ll_usb.o
                0x0000000008005f0a                USB_ReadDevOutEPInterrupt
 .text.USB_ReadDevInEPInterrupt
                0x0000000008005f46       0x5c Drivers/STM32F7xx_HAL_Driver/Src/stm32f7xx_ll_usb.o
                0x0000000008005f46                USB_ReadDevInEPInterrupt
 .text.USB_GetMode
                0x0000000008005fa2       0x1c Drivers/STM32F7xx_HAL_Driver/Src/stm32f7xx_ll_usb.o
                0x0000000008005fa2                USB_GetMode
 *fill*         0x0000000008005fbe        0x2 
 .text.USB_ActivateSetup
                0x0000000008005fc0       0x48 Drivers/STM32F7xx_HAL_Driver/Src/stm32f7xx_ll_usb.o
                0x0000000008005fc0                USB_ActivateSetup
 .text.USB_EP0_OutStart
                0x0000000008006008       0xbc Drivers/STM32F7xx_HAL_Driver/Src/stm32f7xx_ll_usb.o
                0x0000000008006008                USB_EP0_OutStart
 .text.USB_CoreReset
                0x00000000080060c4       0x64 Drivers/STM32F7xx_HAL_Driver/Src/stm32f7xx_ll_usb.o
 .text.USBD_CDC_Init
                0x0000000008006128      0x100 Middlewares/ST/STM32_USB_Device_Library/Class/CDC/Src/usbd_cdc.o
 .text.USBD_CDC_DeInit
                0x0000000008006228       0x78 Middlewares/ST/STM32_USB_Device_Library/Class/CDC/Src/usbd_cdc.o
 .text.USBD_CDC_Setup
                0x00000000080062a0      0x178 Middlewares/ST/STM32_USB_Device_Library/Class/CDC/Src/usbd_cdc.o
 .text.USBD_CDC_DataIn
                0x0000000008006418       0xbe Middlewares/ST/STM32_USB_Device_Library/Class/CDC/Src/usbd_cdc.o
 .text.USBD_CDC_DataOut
                0x00000000080064d6       0x56 Middlewares/ST/STM32_USB_Device_Library/Class/CDC/Src/usbd_cdc.o
 .text.USBD_CDC_EP0_RxReady
                0x000000000800652c       0x50 Middlewares/ST/STM32_USB_Device_Library/Class/CDC/Src/usbd_cdc.o
 .text.USBD_CDC_GetFSCfgDesc
                0x000000000800657c       0x20 Middlewares/ST/STM32_USB_Device_Library/Class/CDC/Src/usbd_cdc.o
 .text.USBD_CDC_GetHSCfgDesc
                0x000000000800659c       0x20 Middlewares/ST/STM32_USB_Device_Library/Class/CDC/Src/usbd_cdc.o
 .text.USBD_CDC_GetOtherSpeedCfgDesc
                0x00000000080065bc       0x20 Middlewares/ST/STM32_USB_Device_Library/Class/CDC/Src/usbd_cdc.o
 .text.USBD_CDC_GetDeviceQualifierDescriptor
                0x00000000080065dc       0x20 Middlewares/ST/STM32_USB_Device_Library/Class/CDC/Src/usbd_cdc.o
                0x00000000080065dc                USBD_CDC_GetDeviceQualifierDescriptor
 .text.USBD_CDC_RegisterInterface
                0x00000000080065fc       0x2a Middlewares/ST/STM32_USB_Device_Library/Class/CDC/Src/usbd_cdc.o
                0x00000000080065fc                USBD_CDC_RegisterInterface
 .text.USBD_CDC_SetTxBuffer
                0x0000000008006626       0x32 Middlewares/ST/STM32_USB_Device_Library/Class/CDC/Src/usbd_cdc.o
                0x0000000008006626                USBD_CDC_SetTxBuffer
 .text.USBD_CDC_SetRxBuffer
                0x0000000008006658       0x28 Middlewares/ST/STM32_USB_Device_Library/Class/CDC/Src/usbd_cdc.o
                0x0000000008006658                USBD_CDC_SetRxBuffer
 .text.USBD_CDC_ReceivePacket
                0x0000000008006680       0x54 Middlewares/ST/STM32_USB_Device_Library/Class/CDC/Src/usbd_cdc.o
                0x0000000008006680                USBD_CDC_ReceivePacket
 .text.USBD_Init
                0x00000000080066d4       0x6c Middlewares/ST/STM32_USB_Device_Library/Core/Src/usbd_core.o
                0x00000000080066d4                USBD_Init
 .text.USBD_RegisterClass
                0x0000000008006740       0x42 Middlewares/ST/STM32_USB_Device_Library/Core/Src/usbd_core.o
                0x0000000008006740                USBD_RegisterClass
 .text.USBD_Start
                0x0000000008006782       0x18 Middlewares/ST/STM32_USB_Device_Library/Core/Src/usbd_core.o
                0x0000000008006782                USBD_Start
 .text.USBD_RunTestMode
                0x000000000800679a       0x16 Middlewares/ST/STM32_USB_Device_Library/Core/Src/usbd_core.o
                0x000000000800679a                USBD_RunTestMode
 .text.USBD_SetClassConfig
                0x00000000080067b0       0x38 Middlewares/ST/STM32_USB_Device_Library/Core/Src/usbd_core.o
                0x00000000080067b0                USBD_SetClassConfig
 .text.USBD_ClrClassConfig
                0x00000000080067e8       0x30 Middlewares/ST/STM32_USB_Device_Library/Core/Src/usbd_core.o
                0x00000000080067e8                USBD_ClrClassConfig
 .text.USBD_LL_SetupStage
                0x0000000008006818       0xaa Middlewares/ST/STM32_USB_Device_Library/Core/Src/usbd_core.o
                0x0000000008006818                USBD_LL_SetupStage
 .text.USBD_LL_DataOutStage
                0x00000000080068c2       0xc6 Middlewares/ST/STM32_USB_Device_Library/Core/Src/usbd_core.o
                0x00000000080068c2                USBD_LL_DataOutStage
 .text.USBD_LL_DataInStage
                0x0000000008006988      0x12c Middlewares/ST/STM32_USB_Device_Library/Core/Src/usbd_core.o
                0x0000000008006988                USBD_LL_DataInStage
 .text.USBD_LL_Reset
                0x0000000008006ab4       0x82 Middlewares/ST/STM32_USB_Device_Library/Core/Src/usbd_core.o
                0x0000000008006ab4                USBD_LL_Reset
 .text.USBD_LL_SetSpeed
                0x0000000008006b36       0x20 Middlewares/ST/STM32_USB_Device_Library/Core/Src/usbd_core.o
                0x0000000008006b36                USBD_LL_SetSpeed
 .text.USBD_LL_Suspend
                0x0000000008006b56       0x2a Middlewares/ST/STM32_USB_Device_Library/Core/Src/usbd_core.o
                0x0000000008006b56                USBD_LL_Suspend
 .text.USBD_LL_Resume
                0x0000000008006b80       0x2c Middlewares/ST/STM32_USB_Device_Library/Core/Src/usbd_core.o
                0x0000000008006b80                USBD_LL_Resume
 .text.USBD_LL_SOF
                0x0000000008006bac       0x34 Middlewares/ST/STM32_USB_Device_Library/Core/Src/usbd_core.o
                0x0000000008006bac                USBD_LL_SOF
 .text.USBD_LL_IsoINIncomplete
                0x0000000008006be0       0x1a Middlewares/ST/STM32_USB_Device_Library/Core/Src/usbd_core.o
                0x0000000008006be0                USBD_LL_IsoINIncomplete
 .text.USBD_LL_IsoOUTIncomplete
                0x0000000008006bfa       0x1a Middlewares/ST/STM32_USB_Device_Library/Core/Src/usbd_core.o
                0x0000000008006bfa                USBD_LL_IsoOUTIncomplete
 .text.USBD_LL_DevConnected
                0x0000000008006c14       0x16 Middlewares/ST/STM32_USB_Device_Library/Core/Src/usbd_core.o
                0x0000000008006c14                USBD_LL_DevConnected
 .text.USBD_LL_DevDisconnected
                0x0000000008006c2a       0x38 Middlewares/ST/STM32_USB_Device_Library/Core/Src/usbd_core.o
                0x0000000008006c2a                USBD_LL_DevDisconnected
 .text.SWAPBYTE
                0x0000000008006c62       0x3c Middlewares/ST/STM32_USB_Device_Library/Core/Src/usbd_ctlreq.o
 *fill*         0x0000000008006c9e        0x2 
 .text.USBD_StdDevReq
                0x0000000008006ca0       0xdc Middlewares/ST/STM32_USB_Device_Library/Core/Src/usbd_ctlreq.o
                0x0000000008006ca0                USBD_StdDevReq
 .text.USBD_StdItfReq
                0x0000000008006d7c       0x90 Middlewares/ST/STM32_USB_Device_Library/Core/Src/usbd_ctlreq.o
                0x0000000008006d7c                USBD_StdItfReq
 .text.USBD_StdEPReq
                0x0000000008006e0c      0x2ba Middlewares/ST/STM32_USB_Device_Library/Core/Src/usbd_ctlreq.o
                0x0000000008006e0c                USBD_StdEPReq
 *fill*         0x00000000080070c6        0x2 
 .text.USBD_GetDescriptor
                0x00000000080070c8      0x328 Middlewares/ST/STM32_USB_Device_Library/Core/Src/usbd_ctlreq.o
 .text.USBD_SetAddress
                0x00000000080073f0       0x86 Middlewares/ST/STM32_USB_Device_Library/Core/Src/usbd_ctlreq.o
 *fill*         0x0000000008007476        0x2 
 .text.USBD_SetConfig
                0x0000000008007478      0x148 Middlewares/ST/STM32_USB_Device_Library/Core/Src/usbd_ctlreq.o
 .text.USBD_GetConfig
                0x00000000080075c0       0x6a Middlewares/ST/STM32_USB_Device_Library/Core/Src/usbd_ctlreq.o
 .text.USBD_GetStatus
                0x000000000800762a       0x66 Middlewares/ST/STM32_USB_Device_Library/Core/Src/usbd_ctlreq.o
 .text.USBD_SetFeature
                0x0000000008007690       0x28 Middlewares/ST/STM32_USB_Device_Library/Core/Src/usbd_ctlreq.o
 .text.USBD_ClrFeature
                0x00000000080076b8       0x42 Middlewares/ST/STM32_USB_Device_Library/Core/Src/usbd_ctlreq.o
 .text.USBD_ParseSetupRequest
                0x00000000080076fa       0x74 Middlewares/ST/STM32_USB_Device_Library/Core/Src/usbd_ctlreq.o
                0x00000000080076fa                USBD_ParseSetupRequest
 .text.USBD_CtlError
                0x000000000800776e       0x22 Middlewares/ST/STM32_USB_Device_Library/Core/Src/usbd_ctlreq.o
                0x000000000800776e                USBD_CtlError
 .text.USBD_GetString
                0x0000000008007790       0x8c Middlewares/ST/STM32_USB_Device_Library/Core/Src/usbd_ctlreq.o
                0x0000000008007790                USBD_GetString
 .text.USBD_GetLen
                0x000000000800781c       0x34 Middlewares/ST/STM32_USB_Device_Library/Core/Src/usbd_ctlreq.o
 .text.USBD_CtlSendData
                0x0000000008007850       0x36 Middlewares/ST/STM32_USB_Device_Library/Core/Src/usbd_ioreq.o
                0x0000000008007850                USBD_CtlSendData
 .text.USBD_CtlContinueSendData
                0x0000000008007886       0x22 Middlewares/ST/STM32_USB_Device_Library/Core/Src/usbd_ioreq.o
                0x0000000008007886                USBD_CtlContinueSendData
 .text.USBD_CtlPrepareRx
                0x00000000080078a8       0x3a Middlewares/ST/STM32_USB_Device_Library/Core/Src/usbd_ioreq.o
                0x00000000080078a8                USBD_CtlPrepareRx
 .text.USBD_CtlContinueRx
                0x00000000080078e2       0x22 Middlewares/ST/STM32_USB_Device_Library/Core/Src/usbd_ioreq.o
                0x00000000080078e2                USBD_CtlContinueRx
 .text.USBD_CtlSendStatus
                0x0000000008007904       0x26 Middlewares/ST/STM32_USB_Device_Library/Core/Src/usbd_ioreq.o
                0x0000000008007904                USBD_CtlSendStatus
 .text.USBD_CtlReceiveStatus
                0x000000000800792a       0x26 Middlewares/ST/STM32_USB_Device_Library/Core/Src/usbd_ioreq.o
                0x000000000800792a                USBD_CtlReceiveStatus
 .text.SVC_Setup
                0x0000000008007950        0xe Middlewares/Third_Party/FreeRTOS/Source/CMSIS_RTOS_V2/cmsis_os2.o
 *fill*         0x000000000800795e        0x2 
 .text.osKernelInitialize
                0x0000000008007960       0x68 Middlewares/Third_Party/FreeRTOS/Source/CMSIS_RTOS_V2/cmsis_os2.o
                0x0000000008007960                osKernelInitialize
 .text.osKernelStart
                0x00000000080079c8       0x6c Middlewares/Third_Party/FreeRTOS/Source/CMSIS_RTOS_V2/cmsis_os2.o
                0x00000000080079c8                osKernelStart
 .text.osThreadNew
                0x0000000008007a34      0x14c Middlewares/Third_Party/FreeRTOS/Source/CMSIS_RTOS_V2/cmsis_os2.o
                0x0000000008007a34                osThreadNew
 .text.osDelay  0x0000000008007b80       0x5c Middlewares/Third_Party/FreeRTOS/Source/CMSIS_RTOS_V2/cmsis_os2.o
                0x0000000008007b80                osDelay
 .text.vApplicationGetIdleTaskMemory
                0x0000000008007bdc       0x34 Middlewares/Third_Party/FreeRTOS/Source/CMSIS_RTOS_V2/cmsis_os2.o
                0x0000000008007bdc                vApplicationGetIdleTaskMemory
 .text.vApplicationGetTimerTaskMemory
                0x0000000008007c10       0x34 Middlewares/Third_Party/FreeRTOS/Source/CMSIS_RTOS_V2/cmsis_os2.o
                0x0000000008007c10                vApplicationGetTimerTaskMemory
 .text.vListInitialise
                0x0000000008007c44       0x40 Middlewares/Third_Party/FreeRTOS/Source/list.o
                0x0000000008007c44                vListInitialise
 .text.vListInitialiseItem
                0x0000000008007c84       0x1a Middlewares/Third_Party/FreeRTOS/Source/list.o
                0x0000000008007c84                vListInitialiseItem
 .text.vListInsertEnd
                0x0000000008007c9e       0x48 Middlewares/Third_Party/FreeRTOS/Source/list.o
                0x0000000008007c9e                vListInsertEnd
 .text.vListInsert
                0x0000000008007ce6       0x72 Middlewares/Third_Party/FreeRTOS/Source/list.o
                0x0000000008007ce6                vListInsert
 .text.uxListRemove
                0x0000000008007d58       0x54 Middlewares/Third_Party/FreeRTOS/Source/list.o
                0x0000000008007d58                uxListRemove
 .text.xQueueGenericReset
                0x0000000008007dac       0xd4 Middlewares/Third_Party/FreeRTOS/Source/queue.o
                0x0000000008007dac                xQueueGenericReset
 .text.xQueueGenericCreateStatic
                0x0000000008007e80      0x104 Middlewares/Third_Party/FreeRTOS/Source/queue.o
                0x0000000008007e80                xQueueGenericCreateStatic
 .text.prvInitialiseNewQueue
                0x0000000008007f84       0x46 Middlewares/Third_Party/FreeRTOS/Source/queue.o
 *fill*         0x0000000008007fca        0x2 
 .text.xQueueGenericSend
                0x0000000008007fcc      0x20c Middlewares/Third_Party/FreeRTOS/Source/queue.o
                0x0000000008007fcc                xQueueGenericSend
 .text.xQueueGenericSendFromISR
                0x00000000080081d8      0x140 Middlewares/Third_Party/FreeRTOS/Source/queue.o
                0x00000000080081d8                xQueueGenericSendFromISR
 .text.xQueueReceive
                0x0000000008008318      0x1cc Middlewares/Third_Party/FreeRTOS/Source/queue.o
                0x0000000008008318                xQueueReceive
 .text.prvCopyDataToQueue
                0x00000000080084e4       0xd4 Middlewares/Third_Party/FreeRTOS/Source/queue.o
 .text.prvCopyDataFromQueue
                0x00000000080085b8       0x4c Middlewares/Third_Party/FreeRTOS/Source/queue.o
 .text.prvUnlockQueue
                0x0000000008008604       0xa4 Middlewares/Third_Party/FreeRTOS/Source/queue.o
 .text.prvIsQueueEmpty
                0x00000000080086a8       0x2c Middlewares/Third_Party/FreeRTOS/Source/queue.o
 .text.prvIsQueueFull
                0x00000000080086d4       0x30 Middlewares/Third_Party/FreeRTOS/Source/queue.o
 .text.vQueueAddToRegistry
                0x0000000008008704       0x54 Middlewares/Third_Party/FreeRTOS/Source/queue.o
                0x0000000008008704                vQueueAddToRegistry
 .text.vQueueWaitForMessageRestricted
                0x0000000008008758       0x68 Middlewares/Third_Party/FreeRTOS/Source/queue.o
                0x0000000008008758                vQueueWaitForMessageRestricted
 .text.xTaskCreateStatic
                0x00000000080087c0       0xc6 Middlewares/Third_Party/FreeRTOS/Source/tasks.o
                0x00000000080087c0                xTaskCreateStatic
 .text.xTaskCreate
                0x0000000008008886       0x8a Middlewares/Third_Party/FreeRTOS/Source/tasks.o
                0x0000000008008886                xTaskCreate
 .text.prvInitialiseNewTask
                0x0000000008008910      0x122 Middlewares/Third_Party/FreeRTOS/Source/tasks.o
 *fill*         0x0000000008008a32        0x2 
 .text.prvAddNewTaskToReadyList
                0x0000000008008a34       0xe0 Middlewares/Third_Party/FreeRTOS/Source/tasks.o
 .text.vTaskDelay
                0x0000000008008b14       0x6c Middlewares/Third_Party/FreeRTOS/Source/tasks.o
                0x0000000008008b14                vTaskDelay
 .text.vTaskStartScheduler
                0x0000000008008b80       0xd4 Middlewares/Third_Party/FreeRTOS/Source/tasks.o
                0x0000000008008b80                vTaskStartScheduler
 .text.vTaskSuspendAll
                0x0000000008008c54       0x1c Middlewares/Third_Party/FreeRTOS/Source/tasks.o
                0x0000000008008c54                vTaskSuspendAll
 .text.xTaskResumeAll
                0x0000000008008c70      0x140 Middlewares/Third_Party/FreeRTOS/Source/tasks.o
                0x0000000008008c70                xTaskResumeAll
 .text.xTaskGetTickCount
                0x0000000008008db0       0x20 Middlewares/Third_Party/FreeRTOS/Source/tasks.o
                0x0000000008008db0                xTaskGetTickCount
 .text.xTaskIncrementTick
                0x0000000008008dd0      0x178 Middlewares/Third_Party/FreeRTOS/Source/tasks.o
                0x0000000008008dd0                xTaskIncrementTick
 .text.vTaskSwitchContext
                0x0000000008008f48       0xc0 Middlewares/Third_Party/FreeRTOS/Source/tasks.o
                0x0000000008008f48                vTaskSwitchContext
 .text.vTaskPlaceOnEventList
                0x0000000008009008       0x4c Middlewares/Third_Party/FreeRTOS/Source/tasks.o
                0x0000000008009008                vTaskPlaceOnEventList
 .text.vTaskPlaceOnEventListRestricted
                0x0000000008009054       0x5c Middlewares/Third_Party/FreeRTOS/Source/tasks.o
                0x0000000008009054                vTaskPlaceOnEventListRestricted
 .text.xTaskRemoveFromEventList
                0x00000000080090b0       0xcc Middlewares/Third_Party/FreeRTOS/Source/tasks.o
                0x00000000080090b0                xTaskRemoveFromEventList
 .text.vTaskInternalSetTimeOutState
                0x000000000800917c       0x2c Middlewares/Third_Party/FreeRTOS/Source/tasks.o
                0x000000000800917c                vTaskInternalSetTimeOutState
 .text.xTaskCheckForTimeOut
                0x00000000080091a8       0xcc Middlewares/Third_Party/FreeRTOS/Source/tasks.o
                0x00000000080091a8                xTaskCheckForTimeOut
 .text.vTaskMissedYield
                0x0000000008009274       0x18 Middlewares/Third_Party/FreeRTOS/Source/tasks.o
                0x0000000008009274                vTaskMissedYield
 .text.prvIdleTask
                0x000000000800928c       0x30 Middlewares/Third_Party/FreeRTOS/Source/tasks.o
 .text.prvInitialiseTaskLists
                0x00000000080092bc       0x80 Middlewares/Third_Party/FreeRTOS/Source/tasks.o
 .text.prvCheckTasksWaitingTermination
                0x000000000800933c       0x5c Middlewares/Third_Party/FreeRTOS/Source/tasks.o
 .text.prvDeleteTCB
                0x0000000008009398       0x62 Middlewares/Third_Party/FreeRTOS/Source/tasks.o
 *fill*         0x00000000080093fa        0x2 
 .text.prvResetNextTaskUnblockTime
                0x00000000080093fc       0x40 Middlewares/Third_Party/FreeRTOS/Source/tasks.o
 .text.xTaskGetSchedulerState
                0x000000000800943c       0x3c Middlewares/Third_Party/FreeRTOS/Source/tasks.o
                0x000000000800943c                xTaskGetSchedulerState
 .text.xTaskPriorityDisinherit
                0x0000000008009478       0xe4 Middlewares/Third_Party/FreeRTOS/Source/tasks.o
                0x0000000008009478                xTaskPriorityDisinherit
 .text.prvAddCurrentTaskToDelayedList
                0x000000000800955c       0xa8 Middlewares/Third_Party/FreeRTOS/Source/tasks.o
 .text.xTimerCreateTimerTask
                0x0000000008009604       0x94 Middlewares/Third_Party/FreeRTOS/Source/timers.o
                0x0000000008009604                xTimerCreateTimerTask
 .text.xTimerGenericCommand
                0x0000000008009698       0xa0 Middlewares/Third_Party/FreeRTOS/Source/timers.o
                0x0000000008009698                xTimerGenericCommand
 .text.prvProcessExpiredTimer
                0x0000000008009738       0x9c Middlewares/Third_Party/FreeRTOS/Source/timers.o
 .text.prvTimerTask
                0x00000000080097d4       0x24 Middlewares/Third_Party/FreeRTOS/Source/timers.o
 .text.prvProcessTimerOrBlockTask
                0x00000000080097f8       0x9c Middlewares/Third_Party/FreeRTOS/Source/timers.o
 .text.prvGetNextExpireTime
                0x0000000008009894       0x48 Middlewares/Third_Party/FreeRTOS/Source/timers.o
 .text.prvSampleTimeNow
                0x00000000080098dc       0x40 Middlewares/Third_Party/FreeRTOS/Source/timers.o
 .text.prvInsertTimerInActiveList
                0x000000000800991c       0x84 Middlewares/Third_Party/FreeRTOS/Source/timers.o
 .text.prvProcessReceivedCommands
                0x00000000080099a0      0x1d0 Middlewares/Third_Party/FreeRTOS/Source/timers.o
 .text.prvSwitchTimerLists
                0x0000000008009b70       0xcc Middlewares/Third_Party/FreeRTOS/Source/timers.o
 .text.prvCheckForValidListAndQueue
                0x0000000008009c3c       0x80 Middlewares/Third_Party/FreeRTOS/Source/timers.o
 .text.pxPortInitialiseStack
                0x0000000008009cbc       0x68 Middlewares/Third_Party/FreeRTOS/Source/portable/GCC/ARM_CM7/r0p1/port.o
                0x0000000008009cbc                pxPortInitialiseStack
 .text.prvTaskExitError
                0x0000000008009d24       0x60 Middlewares/Third_Party/FreeRTOS/Source/portable/GCC/ARM_CM7/r0p1/port.o
 *fill*         0x0000000008009d84        0xc 
 .text.SVC_Handler
                0x0000000008009d90       0x28 Middlewares/Third_Party/FreeRTOS/Source/portable/GCC/ARM_CM7/r0p1/port.o
                0x0000000008009d90                SVC_Handler
 .text.prvPortStartFirstTask
                0x0000000008009db8       0x28 Middlewares/Third_Party/FreeRTOS/Source/portable/GCC/ARM_CM7/r0p1/port.o
 .text.xPortStartScheduler
                0x0000000008009de0       0xfc Middlewares/Third_Party/FreeRTOS/Source/portable/GCC/ARM_CM7/r0p1/port.o
                0x0000000008009de0                xPortStartScheduler
 .text.vPortEnterCritical
                0x0000000008009edc       0x68 Middlewares/Third_Party/FreeRTOS/Source/portable/GCC/ARM_CM7/r0p1/port.o
                0x0000000008009edc                vPortEnterCritical
 .text.vPortExitCritical
                0x0000000008009f44       0x58 Middlewares/Third_Party/FreeRTOS/Source/portable/GCC/ARM_CM7/r0p1/port.o
                0x0000000008009f44                vPortExitCritical
 *fill*         0x0000000008009f9c        0x4 
 .text.PendSV_Handler
                0x0000000008009fa0       0x68 Middlewares/Third_Party/FreeRTOS/Source/portable/GCC/ARM_CM7/r0p1/port.o
                0x0000000008009fa0                PendSV_Handler
 .text.SysTick_Handler
                0x000000000800a008       0x48 Middlewares/Third_Party/FreeRTOS/Source/portable/GCC/ARM_CM7/r0p1/port.o
                0x000000000800a008                SysTick_Handler
 .text.vPortSetupTimerInterrupt
                0x000000000800a050       0x48 Middlewares/Third_Party/FreeRTOS/Source/portable/GCC/ARM_CM7/r0p1/port.o
                0x000000000800a050                vPortSetupTimerInterrupt
 .text.vPortEnableVFP
                0x000000000800a098       0x14 Middlewares/Third_Party/FreeRTOS/Source/portable/GCC/ARM_CM7/r0p1/port.o
 .text.vPortValidateInterruptPriority
                0x000000000800a0ac       0x88 Middlewares/Third_Party/FreeRTOS/Source/portable/GCC/ARM_CM7/r0p1/port.o
                0x000000000800a0ac                vPortValidateInterruptPriority
 .text.pvPortMalloc
                0x000000000800a134      0x194 Middlewares/Third_Party/FreeRTOS/Source/portable/MemMang/heap_4.o
                0x000000000800a134                pvPortMalloc
 .text.vPortFree
                0x000000000800a2c8       0xbc Middlewares/Third_Party/FreeRTOS/Source/portable/MemMang/heap_4.o
                0x000000000800a2c8                vPortFree
 .text.prvHeapInit
                0x000000000800a384       0xc4 Middlewares/Third_Party/FreeRTOS/Source/portable/MemMang/heap_4.o
 .text.prvInsertBlockIntoFreeList
                0x000000000800a448       0xb4 Middlewares/Third_Party/FreeRTOS/Source/portable/MemMang/heap_4.o
 .text.MX_USB_DEVICE_Init
                0x000000000800a4fc       0x60 USB_DEVICE/App/usb_device.o
                0x000000000800a4fc                MX_USB_DEVICE_Init
 .text.CDC_Init_FS
                0x000000000800a55c       0x28 USB_DEVICE/App/usbd_cdc_if.o
 .text.CDC_DeInit_FS
                0x000000000800a584       0x10 USB_DEVICE/App/usbd_cdc_if.o
 .text.CDC_Control_FS
                0x000000000800a594       0xbc USB_DEVICE/App/usbd_cdc_if.o
 .text.CDC_Receive_FS
                0x000000000800a650       0x28 USB_DEVICE/App/usbd_cdc_if.o
 .text.CDC_TransmitCplt_FS
                0x000000000800a678       0x22 USB_DEVICE/App/usbd_cdc_if.o
 *fill*         0x000000000800a69a        0x2 
 .text.USBD_FS_DeviceDescriptor
                0x000000000800a69c       0x24 USB_DEVICE/App/usbd_desc.o
                0x000000000800a69c                USBD_FS_DeviceDescriptor
 .text.USBD_FS_LangIDStrDescriptor
                0x000000000800a6c0       0x24 USB_DEVICE/App/usbd_desc.o
                0x000000000800a6c0                USBD_FS_LangIDStrDescriptor
 .text.USBD_FS_ProductStrDescriptor
                0x000000000800a6e4       0x3c USB_DEVICE/App/usbd_desc.o
                0x000000000800a6e4                USBD_FS_ProductStrDescriptor
 .text.USBD_FS_ManufacturerStrDescriptor
                0x000000000800a720       0x28 USB_DEVICE/App/usbd_desc.o
                0x000000000800a720                USBD_FS_ManufacturerStrDescriptor
 .text.USBD_FS_SerialStrDescriptor
                0x000000000800a748       0x24 USB_DEVICE/App/usbd_desc.o
                0x000000000800a748                USBD_FS_SerialStrDescriptor
 .text.USBD_FS_ConfigStrDescriptor
                0x000000000800a76c       0x3c USB_DEVICE/App/usbd_desc.o
                0x000000000800a76c                USBD_FS_ConfigStrDescriptor
 .text.USBD_FS_InterfaceStrDescriptor
                0x000000000800a7a8       0x3c USB_DEVICE/App/usbd_desc.o
                0x000000000800a7a8                USBD_FS_InterfaceStrDescriptor
 .text.USBD_FS_USR_BOSDescriptor
                0x000000000800a7e4       0x24 USB_DEVICE/App/usbd_desc.o
                0x000000000800a7e4                USBD_FS_USR_BOSDescriptor
 .text.Get_SerialNum
                0x000000000800a808       0x58 USB_DEVICE/App/usbd_desc.o
 .text.IntToUnicode
                0x000000000800a860       0x7e USB_DEVICE/App/usbd_desc.o
 *fill*         0x000000000800a8de        0x2 
 .text.HAL_PCD_MspInit
                0x000000000800a8e0       0xc8 USB_DEVICE/Target/usbd_conf.o
                0x000000000800a8e0                HAL_PCD_MspInit
 .text.HAL_PCD_SetupStageCallback
                0x000000000800a9a8       0x24 USB_DEVICE/Target/usbd_conf.o
                0x000000000800a9a8                HAL_PCD_SetupStageCallback
 .text.HAL_PCD_DataOutStageCallback
                0x000000000800a9cc       0x36 USB_DEVICE/Target/usbd_conf.o
                0x000000000800a9cc                HAL_PCD_DataOutStageCallback
 .text.HAL_PCD_DataInStageCallback
                0x000000000800aa02       0x34 USB_DEVICE/Target/usbd_conf.o
                0x000000000800aa02                HAL_PCD_DataInStageCallback
 .text.HAL_PCD_SOFCallback
                0x000000000800aa36       0x1c USB_DEVICE/Target/usbd_conf.o
                0x000000000800aa36                HAL_PCD_SOFCallback
 .text.HAL_PCD_ResetCallback
                0x000000000800aa52       0x50 USB_DEVICE/Target/usbd_conf.o
                0x000000000800aa52                HAL_PCD_ResetCallback
 *fill*         0x000000000800aaa2        0x2 
 .text.HAL_PCD_SuspendCallback
                0x000000000800aaa4       0x4c USB_DEVICE/Target/usbd_conf.o
                0x000000000800aaa4                HAL_PCD_SuspendCallback
 .text.HAL_PCD_ResumeCallback
                0x000000000800aaf0       0x1c USB_DEVICE/Target/usbd_conf.o
                0x000000000800aaf0                HAL_PCD_ResumeCallback
 .text.HAL_PCD_ISOOUTIncompleteCallback
                0x000000000800ab0c       0x24 USB_DEVICE/Target/usbd_conf.o
                0x000000000800ab0c                HAL_PCD_ISOOUTIncompleteCallback
 .text.HAL_PCD_ISOINIncompleteCallback
                0x000000000800ab30       0x24 USB_DEVICE/Target/usbd_conf.o
                0x000000000800ab30                HAL_PCD_ISOINIncompleteCallback
 .text.HAL_PCD_ConnectCallback
                0x000000000800ab54       0x1c USB_DEVICE/Target/usbd_conf.o
                0x000000000800ab54                HAL_PCD_ConnectCallback
 .text.HAL_PCD_DisconnectCallback
                0x000000000800ab70       0x1c USB_DEVICE/Target/usbd_conf.o
                0x000000000800ab70                HAL_PCD_DisconnectCallback
 .text.USBD_LL_Init
                0x000000000800ab8c       0x98 USB_DEVICE/Target/usbd_conf.o
                0x000000000800ab8c                USBD_LL_Init
 .text.USBD_LL_Start
                0x000000000800ac24       0x36 USB_DEVICE/Target/usbd_conf.o
                0x000000000800ac24                USBD_LL_Start
 .text.USBD_LL_OpenEP
                0x000000000800ac5a       0x4c USB_DEVICE/Target/usbd_conf.o
                0x000000000800ac5a                USBD_LL_OpenEP
 .text.USBD_LL_CloseEP
                0x000000000800aca6       0x3e USB_DEVICE/Target/usbd_conf.o
                0x000000000800aca6                USBD_LL_CloseEP
 .text.USBD_LL_StallEP
                0x000000000800ace4       0x3e USB_DEVICE/Target/usbd_conf.o
                0x000000000800ace4                USBD_LL_StallEP
 .text.USBD_LL_ClearStallEP
                0x000000000800ad22       0x3e USB_DEVICE/Target/usbd_conf.o
                0x000000000800ad22                USBD_LL_ClearStallEP
 .text.USBD_LL_IsStallEP
                0x000000000800ad60       0x58 USB_DEVICE/Target/usbd_conf.o
                0x000000000800ad60                USBD_LL_IsStallEP
 .text.USBD_LL_SetUSBAddress
                0x000000000800adb8       0x3e USB_DEVICE/Target/usbd_conf.o
                0x000000000800adb8                USBD_LL_SetUSBAddress
 .text.USBD_LL_Transmit
                0x000000000800adf6       0x42 USB_DEVICE/Target/usbd_conf.o
                0x000000000800adf6                USBD_LL_Transmit
 .text.USBD_LL_PrepareReceive
                0x000000000800ae38       0x42 USB_DEVICE/Target/usbd_conf.o
                0x000000000800ae38                USBD_LL_PrepareReceive
 .text.USBD_LL_GetRxDataSize
                0x000000000800ae7a       0x26 USB_DEVICE/Target/usbd_conf.o
                0x000000000800ae7a                USBD_LL_GetRxDataSize
 .text.HAL_PCDEx_LPM_Callback
                0x000000000800aea0       0x9c USB_DEVICE/Target/usbd_conf.o
                0x000000000800aea0                HAL_PCDEx_LPM_Callback
 .text.SystemClockConfig_Resume
                0x000000000800af3c        0xc USB_DEVICE/Target/usbd_conf.o
 .text.USBD_Get_USB_Status
                0x000000000800af48       0x58 USB_DEVICE/Target/usbd_conf.o
                0x000000000800af48                USBD_Get_USB_Status
 .text.__errno  0x000000000800afa0        0xc c:/st/stm32cubeide_1.6.0/stm32cubeide/plugins/com.st.stm32cube.ide.mcu.externaltools.gnu-tools-for-stm32.9-2020-q2-update.win32_1.5.0.202011040924/tools/bin/../lib/gcc/arm-none-eabi/9.3.1/../../../../arm-none-eabi/lib/thumb/v7e-m+dp/hard\libc_nano.a(lib_a-errno.o)
                0x000000000800afa0                __errno
 .text.__libc_init_array
                0x000000000800afac       0x48 c:/st/stm32cubeide_1.6.0/stm32cubeide/plugins/com.st.stm32cube.ide.mcu.externaltools.gnu-tools-for-stm32.9-2020-q2-update.win32_1.5.0.202011040924/tools/bin/../lib/gcc/arm-none-eabi/9.3.1/../../../../arm-none-eabi/lib/thumb/v7e-m+dp/hard\libc_nano.a(lib_a-init.o)
                0x000000000800afac                __libc_init_array
 .text.malloc   0x000000000800aff4       0x10 c:/st/stm32cubeide_1.6.0/stm32cubeide/plugins/com.st.stm32cube.ide.mcu.externaltools.gnu-tools-for-stm32.9-2020-q2-update.win32_1.5.0.202011040924/tools/bin/../lib/gcc/arm-none-eabi/9.3.1/../../../../arm-none-eabi/lib/thumb/v7e-m+dp/hard\libc_nano.a(lib_a-malloc.o)
                0x000000000800aff4                malloc
 .text.free     0x000000000800b004       0x10 c:/st/stm32cubeide_1.6.0/stm32cubeide/plugins/com.st.stm32cube.ide.mcu.externaltools.gnu-tools-for-stm32.9-2020-q2-update.win32_1.5.0.202011040924/tools/bin/../lib/gcc/arm-none-eabi/9.3.1/../../../../arm-none-eabi/lib/thumb/v7e-m+dp/hard\libc_nano.a(lib_a-malloc.o)
                0x000000000800b004                free
 .text.memcpy   0x000000000800b014       0x1c c:/st/stm32cubeide_1.6.0/stm32cubeide/plugins/com.st.stm32cube.ide.mcu.externaltools.gnu-tools-for-stm32.9-2020-q2-update.win32_1.5.0.202011040924/tools/bin/../lib/gcc/arm-none-eabi/9.3.1/../../../../arm-none-eabi/lib/thumb/v7e-m+dp/hard\libc_nano.a(lib_a-memcpy-stub.o)
                0x000000000800b014                memcpy
 .text.memset   0x000000000800b030       0x10 c:/st/stm32cubeide_1.6.0/stm32cubeide/plugins/com.st.stm32cube.ide.mcu.externaltools.gnu-tools-for-stm32.9-2020-q2-update.win32_1.5.0.202011040924/tools/bin/../lib/gcc/arm-none-eabi/9.3.1/../../../../arm-none-eabi/lib/thumb/v7e-m+dp/hard\libc_nano.a(lib_a-memset.o)
                0x000000000800b030                memset
 .text._free_r  0x000000000800b040       0xa0 c:/st/stm32cubeide_1.6.0/stm32cubeide/plugins/com.st.stm32cube.ide.mcu.externaltools.gnu-tools-for-stm32.9-2020-q2-update.win32_1.5.0.202011040924/tools/bin/../lib/gcc/arm-none-eabi/9.3.1/../../../../arm-none-eabi/lib/thumb/v7e-m+dp/hard\libc_nano.a(lib_a-nano-freer.o)
                0x000000000800b040                _free_r
 .text._malloc_r
                0x000000000800b0e0       0xb4 c:/st/stm32cubeide_1.6.0/stm32cubeide/plugins/com.st.stm32cube.ide.mcu.externaltools.gnu-tools-for-stm32.9-2020-q2-update.win32_1.5.0.202011040924/tools/bin/../lib/gcc/arm-none-eabi/9.3.1/../../../../arm-none-eabi/lib/thumb/v7e-m+dp/hard\libc_nano.a(lib_a-nano-mallocr.o)
                0x000000000800b0e0                _malloc_r
 .text.printf   0x000000000800b194       0x30 c:/st/stm32cubeide_1.6.0/stm32cubeide/plugins/com.st.stm32cube.ide.mcu.externaltools.gnu-tools-for-stm32.9-2020-q2-update.win32_1.5.0.202011040924/tools/bin/../lib/gcc/arm-none-eabi/9.3.1/../../../../arm-none-eabi/lib/thumb/v7e-m+dp/hard\libc_nano.a(lib_a-printf.o)
                0x000000000800b194                iprintf
                0x000000000800b194                printf
 .text._sbrk_r  0x000000000800b1c4       0x20 c:/st/stm32cubeide_1.6.0/stm32cubeide/plugins/com.st.stm32cube.ide.mcu.externaltools.gnu-tools-for-stm32.9-2020-q2-update.win32_1.5.0.202011040924/tools/bin/../lib/gcc/arm-none-eabi/9.3.1/../../../../arm-none-eabi/lib/thumb/v7e-m+dp/hard\libc_nano.a(lib_a-sbrkr.o)
                0x000000000800b1c4                _sbrk_r
 .text.std      0x000000000800b1e4       0x48 c:/st/stm32cubeide_1.6.0/stm32cubeide/plugins/com.st.stm32cube.ide.mcu.externaltools.gnu-tools-for-stm32.9-2020-q2-update.win32_1.5.0.202011040924/tools/bin/../lib/gcc/arm-none-eabi/9.3.1/../../../../arm-none-eabi/lib/thumb/v7e-m+dp/hard\libc_nano.a(lib_a-findfp.o)
 .text._cleanup_r
                0x000000000800b22c        0xc c:/st/stm32cubeide_1.6.0/stm32cubeide/plugins/com.st.stm32cube.ide.mcu.externaltools.gnu-tools-for-stm32.9-2020-q2-update.win32_1.5.0.202011040924/tools/bin/../lib/gcc/arm-none-eabi/9.3.1/../../../../arm-none-eabi/lib/thumb/v7e-m+dp/hard\libc_nano.a(lib_a-findfp.o)
                0x000000000800b22c                _cleanup_r
 .text.__sfmoreglue
                0x000000000800b238       0x2c c:/st/stm32cubeide_1.6.0/stm32cubeide/plugins/com.st.stm32cube.ide.mcu.externaltools.gnu-tools-for-stm32.9-2020-q2-update.win32_1.5.0.202011040924/tools/bin/../lib/gcc/arm-none-eabi/9.3.1/../../../../arm-none-eabi/lib/thumb/v7e-m+dp/hard\libc_nano.a(lib_a-findfp.o)
                0x000000000800b238                __sfmoreglue
 .text.__sfp_lock_acquire
                0x000000000800b264        0xc c:/st/stm32cubeide_1.6.0/stm32cubeide/plugins/com.st.stm32cube.ide.mcu.externaltools.gnu-tools-for-stm32.9-2020-q2-update.win32_1.5.0.202011040924/tools/bin/../lib/gcc/arm-none-eabi/9.3.1/../../../../arm-none-eabi/lib/thumb/v7e-m+dp/hard\libc_nano.a(lib_a-findfp.o)
                0x000000000800b264                __sfp_lock_acquire
 .text.__sfp_lock_release
                0x000000000800b270        0xc c:/st/stm32cubeide_1.6.0/stm32cubeide/plugins/com.st.stm32cube.ide.mcu.externaltools.gnu-tools-for-stm32.9-2020-q2-update.win32_1.5.0.202011040924/tools/bin/../lib/gcc/arm-none-eabi/9.3.1/../../../../arm-none-eabi/lib/thumb/v7e-m+dp/hard\libc_nano.a(lib_a-findfp.o)
                0x000000000800b270                __sfp_lock_release
 .text.__sinit_lock_acquire
                0x000000000800b27c        0xc c:/st/stm32cubeide_1.6.0/stm32cubeide/plugins/com.st.stm32cube.ide.mcu.externaltools.gnu-tools-for-stm32.9-2020-q2-update.win32_1.5.0.202011040924/tools/bin/../lib/gcc/arm-none-eabi/9.3.1/../../../../arm-none-eabi/lib/thumb/v7e-m+dp/hard\libc_nano.a(lib_a-findfp.o)
                0x000000000800b27c                __sinit_lock_acquire
 .text.__sinit_lock_release
                0x000000000800b288        0xc c:/st/stm32cubeide_1.6.0/stm32cubeide/plugins/com.st.stm32cube.ide.mcu.externaltools.gnu-tools-for-stm32.9-2020-q2-update.win32_1.5.0.202011040924/tools/bin/../lib/gcc/arm-none-eabi/9.3.1/../../../../arm-none-eabi/lib/thumb/v7e-m+dp/hard\libc_nano.a(lib_a-findfp.o)
                0x000000000800b288                __sinit_lock_release
 .text.__sinit  0x000000000800b294       0x70 c:/st/stm32cubeide_1.6.0/stm32cubeide/plugins/com.st.stm32cube.ide.mcu.externaltools.gnu-tools-for-stm32.9-2020-q2-update.win32_1.5.0.202011040924/tools/bin/../lib/gcc/arm-none-eabi/9.3.1/../../../../arm-none-eabi/lib/thumb/v7e-m+dp/hard\libc_nano.a(lib_a-findfp.o)
                0x000000000800b294                __sinit
 .text.__sfp    0x000000000800b304       0x8c c:/st/stm32cubeide_1.6.0/stm32cubeide/plugins/com.st.stm32cube.ide.mcu.externaltools.gnu-tools-for-stm32.9-2020-q2-update.win32_1.5.0.202011040924/tools/bin/../lib/gcc/arm-none-eabi/9.3.1/../../../../arm-none-eabi/lib/thumb/v7e-m+dp/hard\libc_nano.a(lib_a-findfp.o)
                0x000000000800b304                __sfp
 .text._fwalk_reent
                0x000000000800b390       0x3e c:/st/stm32cubeide_1.6.0/stm32cubeide/plugins/com.st.stm32cube.ide.mcu.externaltools.gnu-tools-for-stm32.9-2020-q2-update.win32_1.5.0.202011040924/tools/bin/../lib/gcc/arm-none-eabi/9.3.1/../../../../arm-none-eabi/lib/thumb/v7e-m+dp/hard\libc_nano.a(lib_a-fwalk.o)
                0x000000000800b390                _fwalk_reent
 .text.__retarget_lock_init_recursive
                0x000000000800b3ce        0x2 c:/st/stm32cubeide_1.6.0/stm32cubeide/plugins/com.st.stm32cube.ide.mcu.externaltools.gnu-tools-for-stm32.9-2020-q2-update.win32_1.5.0.202011040924/tools/bin/../lib/gcc/arm-none-eabi/9.3.1/../../../../arm-none-eabi/lib/thumb/v7e-m+dp/hard\libc_nano.a(lib_a-lock.o)
                0x000000000800b3ce                __retarget_lock_init_recursive
 .text.__retarget_lock_acquire_recursive
                0x000000000800b3d0        0x2 c:/st/stm32cubeide_1.6.0/stm32cubeide/plugins/com.st.stm32cube.ide.mcu.externaltools.gnu-tools-for-stm32.9-2020-q2-update.win32_1.5.0.202011040924/tools/bin/../lib/gcc/arm-none-eabi/9.3.1/../../../../arm-none-eabi/lib/thumb/v7e-m+dp/hard\libc_nano.a(lib_a-lock.o)
                0x000000000800b3d0                __retarget_lock_acquire_recursive
 .text.__retarget_lock_release_recursive
                0x000000000800b3d2        0x2 c:/st/stm32cubeide_1.6.0/stm32cubeide/plugins/com.st.stm32cube.ide.mcu.externaltools.gnu-tools-for-stm32.9-2020-q2-update.win32_1.5.0.202011040924/tools/bin/../lib/gcc/arm-none-eabi/9.3.1/../../../../arm-none-eabi/lib/thumb/v7e-m+dp/hard\libc_nano.a(lib_a-lock.o)
                0x000000000800b3d2                __retarget_lock_release_recursive
 .text.__malloc_lock
                0x000000000800b3d4        0xc c:/st/stm32cubeide_1.6.0/stm32cubeide/plugins/com.st.stm32cube.ide.mcu.externaltools.gnu-tools-for-stm32.9-2020-q2-update.win32_1.5.0.202011040924/tools/bin/../lib/gcc/arm-none-eabi/9.3.1/../../../../arm-none-eabi/lib/thumb/v7e-m+dp/hard\libc_nano.a(lib_a-mlock.o)
                0x000000000800b3d4                __malloc_lock
 .text.__malloc_unlock
                0x000000000800b3e0        0xc c:/st/stm32cubeide_1.6.0/stm32cubeide/plugins/com.st.stm32cube.ide.mcu.externaltools.gnu-tools-for-stm32.9-2020-q2-update.win32_1.5.0.202011040924/tools/bin/../lib/gcc/arm-none-eabi/9.3.1/../../../../arm-none-eabi/lib/thumb/v7e-m+dp/hard\libc_nano.a(lib_a-mlock.o)
                0x000000000800b3e0                __malloc_unlock
 .text.__sfputc_r
                0x000000000800b3ec       0x2e c:/st/stm32cubeide_1.6.0/stm32cubeide/plugins/com.st.stm32cube.ide.mcu.externaltools.gnu-tools-for-stm32.9-2020-q2-update.win32_1.5.0.202011040924/tools/bin/../lib/gcc/arm-none-eabi/9.3.1/../../../../arm-none-eabi/lib/thumb/v7e-m+dp/hard\libc_nano.a(lib_a-nano-vfprintf.o)
 .text.__sfputs_r
                0x000000000800b41a       0x24 c:/st/stm32cubeide_1.6.0/stm32cubeide/plugins/com.st.stm32cube.ide.mcu.externaltools.gnu-tools-for-stm32.9-2020-q2-update.win32_1.5.0.202011040924/tools/bin/../lib/gcc/arm-none-eabi/9.3.1/../../../../arm-none-eabi/lib/thumb/v7e-m+dp/hard\libc_nano.a(lib_a-nano-vfprintf.o)
                0x000000000800b41a                __sfputs_r
 *fill*         0x000000000800b43e        0x2 
 .text._vfprintf_r
                0x000000000800b440      0x260 c:/st/stm32cubeide_1.6.0/stm32cubeide/plugins/com.st.stm32cube.ide.mcu.externaltools.gnu-tools-for-stm32.9-2020-q2-update.win32_1.5.0.202011040924/tools/bin/../lib/gcc/arm-none-eabi/9.3.1/../../../../arm-none-eabi/lib/thumb/v7e-m+dp/hard\libc_nano.a(lib_a-nano-vfprintf.o)
                0x000000000800b440                _vfprintf_r
                0x000000000800b440                _vfiprintf_r
 .text._printf_common
                0x000000000800b6a0       0xda c:/st/stm32cubeide_1.6.0/stm32cubeide/plugins/com.st.stm32cube.ide.mcu.externaltools.gnu-tools-for-stm32.9-2020-q2-update.win32_1.5.0.202011040924/tools/bin/../lib/gcc/arm-none-eabi/9.3.1/../../../../arm-none-eabi/lib/thumb/v7e-m+dp/hard\libc_nano.a(lib_a-nano-vfprintf_i.o)
                0x000000000800b6a0                _printf_common
 *fill*         0x000000000800b77a        0x2 
 .text._printf_i
                0x000000000800b77c      0x24c c:/st/stm32cubeide_1.6.0/stm32cubeide/plugins/com.st.stm32cube.ide.mcu.externaltools.gnu-tools-for-stm32.9-2020-q2-update.win32_1.5.0.202011040924/tools/bin/../lib/gcc/arm-none-eabi/9.3.1/../../../../arm-none-eabi/lib/thumb/v7e-m+dp/hard\libc_nano.a(lib_a-nano-vfprintf_i.o)
                0x000000000800b77c                _printf_i
 .text.__sread  0x000000000800b9c8       0x22 c:/st/stm32cubeide_1.6.0/stm32cubeide/plugins/com.st.stm32cube.ide.mcu.externaltools.gnu-tools-for-stm32.9-2020-q2-update.win32_1.5.0.202011040924/tools/bin/../lib/gcc/arm-none-eabi/9.3.1/../../../../arm-none-eabi/lib/thumb/v7e-m+dp/hard\libc_nano.a(lib_a-stdio.o)
                0x000000000800b9c8                __sread
 .text.__swrite
                0x000000000800b9ea       0x38 c:/st/stm32cubeide_1.6.0/stm32cubeide/plugins/com.st.stm32cube.ide.mcu.externaltools.gnu-tools-for-stm32.9-2020-q2-update.win32_1.5.0.202011040924/tools/bin/../lib/gcc/arm-none-eabi/9.3.1/../../../../arm-none-eabi/lib/thumb/v7e-m+dp/hard\libc_nano.a(lib_a-stdio.o)
                0x000000000800b9ea                __swrite
 .text.__sseek  0x000000000800ba22       0x24 c:/st/stm32cubeide_1.6.0/stm32cubeide/plugins/com.st.stm32cube.ide.mcu.externaltools.gnu-tools-for-stm32.9-2020-q2-update.win32_1.5.0.202011040924/tools/bin/../lib/gcc/arm-none-eabi/9.3.1/../../../../arm-none-eabi/lib/thumb/v7e-m+dp/hard\libc_nano.a(lib_a-stdio.o)
                0x000000000800ba22                __sseek
 .text.__sclose
                0x000000000800ba46        0x8 c:/st/stm32cubeide_1.6.0/stm32cubeide/plugins/com.st.stm32cube.ide.mcu.externaltools.gnu-tools-for-stm32.9-2020-q2-update.win32_1.5.0.202011040924/tools/bin/../lib/gcc/arm-none-eabi/9.3.1/../../../../arm-none-eabi/lib/thumb/v7e-m+dp/hard\libc_nano.a(lib_a-stdio.o)
                0x000000000800ba46                __sclose
 *fill*         0x000000000800ba4e        0x2 
 .text.__swbuf_r
                0x000000000800ba50       0xa4 c:/st/stm32cubeide_1.6.0/stm32cubeide/plugins/com.st.stm32cube.ide.mcu.externaltools.gnu-tools-for-stm32.9-2020-q2-update.win32_1.5.0.202011040924/tools/bin/../lib/gcc/arm-none-eabi/9.3.1/../../../../arm-none-eabi/lib/thumb/v7e-m+dp/hard\libc_nano.a(lib_a-wbuf.o)
                0x000000000800ba50                __swbuf_r
 .text._write_r
                0x000000000800baf4       0x24 c:/st/stm32cubeide_1.6.0/stm32cubeide/plugins/com.st.stm32cube.ide.mcu.externaltools.gnu-tools-for-stm32.9-2020-q2-update.win32_1.5.0.202011040924/tools/bin/../lib/gcc/arm-none-eabi/9.3.1/../../../../arm-none-eabi/lib/thumb/v7e-m+dp/hard\libc_nano.a(lib_a-writer.o)
                0x000000000800baf4                _write_r
 .text.__swsetup_r
                0x000000000800bb18       0xdc c:/st/stm32cubeide_1.6.0/stm32cubeide/plugins/com.st.stm32cube.ide.mcu.externaltools.gnu-tools-for-stm32.9-2020-q2-update.win32_1.5.0.202011040924/tools/bin/../lib/gcc/arm-none-eabi/9.3.1/../../../../arm-none-eabi/lib/thumb/v7e-m+dp/hard\libc_nano.a(lib_a-wsetup.o)
                0x000000000800bb18                __swsetup_r
 .text._close_r
                0x000000000800bbf4       0x20 c:/st/stm32cubeide_1.6.0/stm32cubeide/plugins/com.st.stm32cube.ide.mcu.externaltools.gnu-tools-for-stm32.9-2020-q2-update.win32_1.5.0.202011040924/tools/bin/../lib/gcc/arm-none-eabi/9.3.1/../../../../arm-none-eabi/lib/thumb/v7e-m+dp/hard\libc_nano.a(lib_a-closer.o)
                0x000000000800bbf4                _close_r
 .text.__sflush_r
                0x000000000800bc14      0x10c c:/st/stm32cubeide_1.6.0/stm32cubeide/plugins/com.st.stm32cube.ide.mcu.externaltools.gnu-tools-for-stm32.9-2020-q2-update.win32_1.5.0.202011040924/tools/bin/../lib/gcc/arm-none-eabi/9.3.1/../../../../arm-none-eabi/lib/thumb/v7e-m+dp/hard\libc_nano.a(lib_a-fflush.o)
                0x000000000800bc14                __sflush_r
 .text._fflush_r
                0x000000000800bd20       0x78 c:/st/stm32cubeide_1.6.0/stm32cubeide/plugins/com.st.stm32cube.ide.mcu.externaltools.gnu-tools-for-stm32.9-2020-q2-update.win32_1.5.0.202011040924/tools/bin/../lib/gcc/arm-none-eabi/9.3.1/../../../../arm-none-eabi/lib/thumb/v7e-m+dp/hard\libc_nano.a(lib_a-fflush.o)
                0x000000000800bd20                _fflush_r
 .text._lseek_r
                0x000000000800bd98       0x24 c:/st/stm32cubeide_1.6.0/stm32cubeide/plugins/com.st.stm32cube.ide.mcu.externaltools.gnu-tools-for-stm32.9-2020-q2-update.win32_1.5.0.202011040924/tools/bin/../lib/gcc/arm-none-eabi/9.3.1/../../../../arm-none-eabi/lib/thumb/v7e-m+dp/hard\libc_nano.a(lib_a-lseekr.o)
                0x000000000800bd98                _lseek_r
 .text.__swhatbuf_r
                0x000000000800bdbc       0x48 c:/st/stm32cubeide_1.6.0/stm32cubeide/plugins/com.st.stm32cube.ide.mcu.externaltools.gnu-tools-for-stm32.9-2020-q2-update.win32_1.5.0.202011040924/tools/bin/../lib/gcc/arm-none-eabi/9.3.1/../../../../arm-none-eabi/lib/thumb/v7e-m+dp/hard\libc_nano.a(lib_a-makebuf.o)
                0x000000000800bdbc                __swhatbuf_r
 .text.__smakebuf_r
                0x000000000800be04       0x80 c:/st/stm32cubeide_1.6.0/stm32cubeide/plugins/com.st.stm32cube.ide.mcu.externaltools.gnu-tools-for-stm32.9-2020-q2-update.win32_1.5.0.202011040924/tools/bin/../lib/gcc/arm-none-eabi/9.3.1/../../../../arm-none-eabi/lib/thumb/v7e-m+dp/hard\libc_nano.a(lib_a-makebuf.o)
                0x000000000800be04                __smakebuf_r
 .text._read_r  0x000000000800be84       0x24 c:/st/stm32cubeide_1.6.0/stm32cubeide/plugins/com.st.stm32cube.ide.mcu.externaltools.gnu-tools-for-stm32.9-2020-q2-update.win32_1.5.0.202011040924/tools/bin/../lib/gcc/arm-none-eabi/9.3.1/../../../../arm-none-eabi/lib/thumb/v7e-m+dp/hard\libc_nano.a(lib_a-readr.o)
                0x000000000800be84                _read_r
 .text._fstat_r
                0x000000000800bea8       0x24 c:/st/stm32cubeide_1.6.0/stm32cubeide/plugins/com.st.stm32cube.ide.mcu.externaltools.gnu-tools-for-stm32.9-2020-q2-update.win32_1.5.0.202011040924/tools/bin/../lib/gcc/arm-none-eabi/9.3.1/../../../../arm-none-eabi/lib/thumb/v7e-m+dp/hard\libc_nano.a(lib_a-fstatr.o)
                0x000000000800bea8                _fstat_r
 .text._isatty_r
                0x000000000800becc       0x20 c:/st/stm32cubeide_1.6.0/stm32cubeide/plugins/com.st.stm32cube.ide.mcu.externaltools.gnu-tools-for-stm32.9-2020-q2-update.win32_1.5.0.202011040924/tools/bin/../lib/gcc/arm-none-eabi/9.3.1/../../../../arm-none-eabi/lib/thumb/v7e-m+dp/hard\libc_nano.a(lib_a-isattyr.o)
                0x000000000800becc                _isatty_r
 *(.glue_7)
 .glue_7        0x000000000800beec        0x0 linker stubs
 *(.glue_7t)
 .glue_7t       0x000000000800beec        0x0 linker stubs
 *(.eh_frame)
 .eh_frame      0x000000000800beec        0x0 c:/st/stm32cubeide_1.6.0/stm32cubeide/plugins/com.st.stm32cube.ide.mcu.externaltools.gnu-tools-for-stm32.9-2020-q2-update.win32_1.5.0.202011040924/tools/bin/../lib/gcc/arm-none-eabi/9.3.1/thumb/v7e-m+dp/hard/crtbegin.o
 *(.init)
 .init          0x000000000800beec        0x4 c:/st/stm32cubeide_1.6.0/stm32cubeide/plugins/com.st.stm32cube.ide.mcu.externaltools.gnu-tools-for-stm32.9-2020-q2-update.win32_1.5.0.202011040924/tools/bin/../lib/gcc/arm-none-eabi/9.3.1/thumb/v7e-m+dp/hard/crti.o
                0x000000000800beec                _init
 .init          0x000000000800bef0        0x8 c:/st/stm32cubeide_1.6.0/stm32cubeide/plugins/com.st.stm32cube.ide.mcu.externaltools.gnu-tools-for-stm32.9-2020-q2-update.win32_1.5.0.202011040924/tools/bin/../lib/gcc/arm-none-eabi/9.3.1/thumb/v7e-m+dp/hard/crtn.o
 *(.fini)
 .fini          0x000000000800bef8        0x4 c:/st/stm32cubeide_1.6.0/stm32cubeide/plugins/com.st.stm32cube.ide.mcu.externaltools.gnu-tools-for-stm32.9-2020-q2-update.win32_1.5.0.202011040924/tools/bin/../lib/gcc/arm-none-eabi/9.3.1/thumb/v7e-m+dp/hard/crti.o
                0x000000000800bef8                _fini
 .fini          0x000000000800befc        0x8 c:/st/stm32cubeide_1.6.0/stm32cubeide/plugins/com.st.stm32cube.ide.mcu.externaltools.gnu-tools-for-stm32.9-2020-q2-update.win32_1.5.0.202011040924/tools/bin/../lib/gcc/arm-none-eabi/9.3.1/thumb/v7e-m+dp/hard/crtn.o
                0x000000000800bf04                . = ALIGN (0x4)
                0x000000000800bf04                _etext = .

.vfp11_veneer   0x000000000800bf04        0x0
 .vfp11_veneer  0x000000000800bf04        0x0 linker stubs

.v4_bx          0x000000000800bf04        0x0
 .v4_bx         0x000000000800bf04        0x0 linker stubs

.iplt           0x000000000800bf04        0x0
 .iplt          0x000000000800bf04        0x0 c:/st/stm32cubeide_1.6.0/stm32cubeide/plugins/com.st.stm32cube.ide.mcu.externaltools.gnu-tools-for-stm32.9-2020-q2-update.win32_1.5.0.202011040924/tools/bin/../lib/gcc/arm-none-eabi/9.3.1/thumb/v7e-m+dp/hard/crtbegin.o

.rodata         0x000000000800bf04      0x1a4
                0x000000000800bf04                . = ALIGN (0x4)
 *(.rodata)
 .rodata        0x000000000800bf04       0x27 Core/Src/main.o
 *fill*         0x000000000800bf2b        0x1 
 .rodata        0x000000000800bf2c        0x5 Middlewares/Third_Party/FreeRTOS/Source/tasks.o
 *fill*         0x000000000800bf31        0x3 
 .rodata        0x000000000800bf34        0xd Middlewares/Third_Party/FreeRTOS/Source/timers.o
 *fill*         0x000000000800bf41        0x3 
 .rodata        0x000000000800bf44       0x46 USB_DEVICE/App/usbd_desc.o
 *(.rodata*)
 *fill*         0x000000000800bf8a        0x2 
 .rodata.defaultTask_attributes
                0x000000000800bf8c       0x24 Core/Src/main.o
                0x000000000800bf8c                defaultTask_attributes
 .rodata.displayTask_attributes
                0x000000000800bfb0       0x24 Core/Src/main.o
                0x000000000800bfb0                displayTask_attributes
 .rodata.programmerTask_attributes
                0x000000000800bfd4       0x24 Core/Src/main.o
                0x000000000800bfd4                programmerTask_attributes
 .rodata.AHBPrescTable
                0x000000000800bff8       0x10 Core/Src/system_stm32f7xx.o
                0x000000000800bff8                AHBPrescTable
 .rodata.APBPrescTable
                0x000000000800c008        0x8 Core/Src/system_stm32f7xx.o
                0x000000000800c008                APBPrescTable
 .rodata._global_impure_ptr
                0x000000000800c010        0x4 c:/st/stm32cubeide_1.6.0/stm32cubeide/plugins/com.st.stm32cube.ide.mcu.externaltools.gnu-tools-for-stm32.9-2020-q2-update.win32_1.5.0.202011040924/tools/bin/../lib/gcc/arm-none-eabi/9.3.1/../../../../arm-none-eabi/lib/thumb/v7e-m+dp/hard\libc_nano.a(lib_a-impure.o)
                0x000000000800c010                _global_impure_ptr
 .rodata.__sf_fake_stderr
                0x000000000800c014       0x20 c:/st/stm32cubeide_1.6.0/stm32cubeide/plugins/com.st.stm32cube.ide.mcu.externaltools.gnu-tools-for-stm32.9-2020-q2-update.win32_1.5.0.202011040924/tools/bin/../lib/gcc/arm-none-eabi/9.3.1/../../../../arm-none-eabi/lib/thumb/v7e-m+dp/hard\libc_nano.a(lib_a-findfp.o)
                0x000000000800c014                __sf_fake_stderr
 .rodata.__sf_fake_stdin
                0x000000000800c034       0x20 c:/st/stm32cubeide_1.6.0/stm32cubeide/plugins/com.st.stm32cube.ide.mcu.externaltools.gnu-tools-for-stm32.9-2020-q2-update.win32_1.5.0.202011040924/tools/bin/../lib/gcc/arm-none-eabi/9.3.1/../../../../arm-none-eabi/lib/thumb/v7e-m+dp/hard\libc_nano.a(lib_a-findfp.o)
                0x000000000800c034                __sf_fake_stdin
 .rodata.__sf_fake_stdout
                0x000000000800c054       0x20 c:/st/stm32cubeide_1.6.0/stm32cubeide/plugins/com.st.stm32cube.ide.mcu.externaltools.gnu-tools-for-stm32.9-2020-q2-update.win32_1.5.0.202011040924/tools/bin/../lib/gcc/arm-none-eabi/9.3.1/../../../../arm-none-eabi/lib/thumb/v7e-m+dp/hard\libc_nano.a(lib_a-findfp.o)
                0x000000000800c054                __sf_fake_stdout
 .rodata._vfprintf_r.str1.1
                0x000000000800c074       0x11 c:/st/stm32cubeide_1.6.0/stm32cubeide/plugins/com.st.stm32cube.ide.mcu.externaltools.gnu-tools-for-stm32.9-2020-q2-update.win32_1.5.0.202011040924/tools/bin/../lib/gcc/arm-none-eabi/9.3.1/../../../../arm-none-eabi/lib/thumb/v7e-m+dp/hard\libc_nano.a(lib_a-nano-vfprintf.o)
 .rodata._printf_i.str1.1
                0x000000000800c085       0x22 c:/st/stm32cubeide_1.6.0/stm32cubeide/plugins/com.st.stm32cube.ide.mcu.externaltools.gnu-tools-for-stm32.9-2020-q2-update.win32_1.5.0.202011040924/tools/bin/../lib/gcc/arm-none-eabi/9.3.1/../../../../arm-none-eabi/lib/thumb/v7e-m+dp/hard\libc_nano.a(lib_a-nano-vfprintf_i.o)
                0x000000000800c0a8                . = ALIGN (0x4)
 *fill*         0x000000000800c0a7        0x1 

.ARM.extab      0x000000000800c0a8        0x0
                0x000000000800c0a8                . = ALIGN (0x4)
 *(.ARM.extab* .gnu.linkonce.armextab.*)
                0x000000000800c0a8                . = ALIGN (0x4)

.ARM            0x000000000800c0a8        0x8
                0x000000000800c0a8                . = ALIGN (0x4)
                0x000000000800c0a8                __exidx_start = .
 *(.ARM.exidx*)
 .ARM.exidx     0x000000000800c0a8        0x8 c:/st/stm32cubeide_1.6.0/stm32cubeide/plugins/com.st.stm32cube.ide.mcu.externaltools.gnu-tools-for-stm32.9-2020-q2-update.win32_1.5.0.202011040924/tools/bin/../lib/gcc/arm-none-eabi/9.3.1/thumb/v7e-m+dp/hard\libgcc.a(_udivmoddi4.o)
                0x000000000800c0b0                __exidx_end = .
                0x000000000800c0b0                . = ALIGN (0x4)

.rel.dyn        0x000000000800c0b0        0x0
 .rel.iplt      0x000000000800c0b0        0x0 c:/st/stm32cubeide_1.6.0/stm32cubeide/plugins/com.st.stm32cube.ide.mcu.externaltools.gnu-tools-for-stm32.9-2020-q2-update.win32_1.5.0.202011040924/tools/bin/../lib/gcc/arm-none-eabi/9.3.1/thumb/v7e-m+dp/hard/crtbegin.o

.preinit_array  0x000000000800c0b0        0x0
                0x000000000800c0b0                . = ALIGN (0x4)
                0x000000000800c0b0                PROVIDE (__preinit_array_start = .)
 *(.preinit_array*)
                0x000000000800c0b0                PROVIDE (__preinit_array_end = .)
                0x000000000800c0b0                . = ALIGN (0x4)

.init_array     0x000000000800c0b0        0x4
                0x000000000800c0b0                . = ALIGN (0x4)
                0x000000000800c0b0                PROVIDE (__init_array_start = .)
 *(SORT_BY_NAME(.init_array.*))
 *(.init_array*)
 .init_array    0x000000000800c0b0        0x4 c:/st/stm32cubeide_1.6.0/stm32cubeide/plugins/com.st.stm32cube.ide.mcu.externaltools.gnu-tools-for-stm32.9-2020-q2-update.win32_1.5.0.202011040924/tools/bin/../lib/gcc/arm-none-eabi/9.3.1/thumb/v7e-m+dp/hard/crtbegin.o
                0x000000000800c0b4                PROVIDE (__init_array_end = .)
                0x000000000800c0b4                . = ALIGN (0x4)

.fini_array     0x000000000800c0b4        0x4
                0x000000000800c0b4                . = ALIGN (0x4)
                [!provide]                        PROVIDE (__fini_array_start = .)
 *(SORT_BY_NAME(.fini_array.*))
 *(.fini_array*)